Component: Arm Compiler for Embedded 6.19 Tool: armlink [5e73cb00]

==============================================================================

Section Cross References

    startup.o(STACK) refers (Special) to heapauxi.o(.text) for __use_two_region_memory
    startup.o(HEAP) refers (Special) to heapauxi.o(.text) for __use_two_region_memory
    startup.o(RESET) refers (Special) to heapauxi.o(.text) for __use_two_region_memory
    startup.o(RESET) refers to startup.o(STACK) for StackMem
    startup.o(RESET) refers to __main.o(!!!main) for __main
    startup.o(.text) refers (Special) to heapauxi.o(.text) for __use_two_region_memory
    startup.o(.text) refers to startup.o(HEAP) for HeapMem
    startup.o(.text) refers to startup.o(STACK) for StackMem
    lab2.o(.ARM.exidx.text.Distance) refers to lab2.o(.text.Distance) for [Anonymous Symbol]
    lab2.o(.ARM.exidx.text.OverLap) refers to lab2.o(.text.OverLap) for [Anonymous Symbol]
    lab2.o(.text.SayHello) refers to lab2.o(.rodata.Hello) for Hello
    lab2.o(.text.SayHello) refers to lab2grader.o(.text.LCD_OutChar) for LCD_OutChar
    lab2.o(.ARM.exidx.text.SayHello) refers to lab2.o(.text.SayHello) for [Anonymous Symbol]
    lab2grader.o(.text.LCD_OutChar) refers to lab2grader.o(.bss.theBufCnt) for theBufCnt
    lab2grader.o(.text.LCD_OutChar) refers to st7735.o(.text.ST7735_OutChar) for ST7735_OutChar
    lab2grader.o(.text.LCD_OutChar) refers to lab2grader.o(.bss.theBuffer) for theBuffer
    lab2grader.o(.ARM.exidx.text.LCD_OutChar) refers to lab2grader.o(.text.LCD_OutChar) for [Anonymous Symbol]
    lab2grader.o(.text.Random32) refers to lab2grader.o(.bss.M) for M
    lab2grader.o(.ARM.exidx.text.Random32) refers to lab2grader.o(.text.Random32) for [Anonymous Symbol]
    lab2grader.o(.text.Random) refers to lab2grader.o(.bss.M) for M
    lab2grader.o(.ARM.exidx.text.Random) refers to lab2grader.o(.text.Random) for [Anonymous Symbol]
    lab2grader.o(.ARM.exidx.text.setUpper) refers to lab2grader.o(.text.setUpper) for [Anonymous Symbol]
    lab2grader.o(.text.main) refers to lab2grader.o(.bss.M) for M
    lab2grader.o(.text.main) refers to lab2grader.o(.bss.Score) for Score
    lab2grader.o(.text.main) refers to pll.o(.text.PLL_Init) for PLL_Init
    lab2grader.o(.text.main) refers to st7735.o(.text.ST7735_InitR) for ST7735_InitR
    lab2grader.o(.text.main) refers to st7735.o(.text.ST7735_FillScreen) for ST7735_FillScreen
    lab2grader.o(.text.main) refers to st7735.o(.text.ST7735_OutString) for ST7735_OutString
    lab2grader.o(.text.main) refers to uart.o(.text.UART_Init) for UART_Init
    lab2grader.o(.text.main) refers to uart.o(.text.UART_OutString) for UART_OutString
    lab2grader.o(.text.main) refers to lab2.o(.data.Name) for Name
    lab2grader.o(.text.main) refers to lab2.o(.data.EID) for EID
    lab2grader.o(.text.main) refers to strcmpv7em.o(.text) for strcmp
    lab2grader.o(.text.main) refers to lab2grader.o(.bss.Mode) for Mode
    lab2grader.o(.text.main) refers to uart.o(.text.UART_OutChar) for UART_OutChar
    lab2grader.o(.text.main) refers to lab2grader.o(.rodata.str1.1) for .L.str.5
    lab2grader.o(.text.main) refers to lab2grader.o(.bss.theX1) for theX1
    lab2grader.o(.text.main) refers to uart.o(.text.UART_OutSDec) for UART_OutSDec
    lab2grader.o(.text.main) refers to lab2grader.o(.bss.theY1) for theY1
    lab2grader.o(.text.main) refers to lab2grader.o(.bss.theX2) for theX2
    lab2grader.o(.text.main) refers to lab2grader.o(.bss.theY2) for theY2
    lab2grader.o(.text.main) refers to lab2grader.o(.bss.myDistance) for myDistance
    lab2grader.o(.text.main) refers to lab2grader.o(.bss.yourDistance) for yourDistance
    lab2grader.o(.text.main) refers to lab2.o(.text.Distance) for Distance
    lab2grader.o(.text.main) refers to uart.o(.text.UART_OutUDec) for UART_OutUDec
    lab2grader.o(.text.main) refers to lab2grader.o(.bss.theRect1) for theRect1
    lab2grader.o(.text.main) refers to lab2grader.o(.bss.theRect2) for theRect2
    lab2grader.o(.text.main) refers to lab2grader.o(.bss.myOverLap) for myOverLap
    lab2grader.o(.text.main) refers to lab2.o(.text.OverLap) for OverLap
    lab2grader.o(.text.main) refers to lab2grader.o(.bss.yourOverLap) for yourOverLap
    lab2grader.o(.text.main) refers to lab2grader.o(.bss.theBufCnt) for theBufCnt
    lab2grader.o(.text.main) refers to lab2grader.o(.bss.theBuffer) for theBuffer
    lab2grader.o(.text.main) refers to lab2.o(.rodata.Hello) for Hello
    lab2grader.o(.text.main) refers to st7735.o(.text.ST7735_SetCursor) for ST7735_SetCursor
    lab2grader.o(.text.main) refers to lab2.o(.text.SayHello) for SayHello
    lab2grader.o(.text.main) refers to uart.o(.text.UART_OutUHex) for UART_OutUHex
    lab2grader.o(.ARM.exidx.text.main) refers to lab2grader.o(.text.main) for [Anonymous Symbol]
    pll.o(.ARM.exidx.text.PLL_Init) refers to pll.o(.text.PLL_Init) for [Anonymous Symbol]
    st7735.o(.ARM.exidx.text.Delay1ms) refers to st7735.o(.text.Delay1ms) for [Anonymous Symbol]
[...]
    st7735.o(.text.ST7735_DrawCharS) refers to st7735.o(.bss._width) for _width
    st7735.o(.text.ST7735_DrawCharS) refers to st7735.o(.bss._height) for _height
    st7735.o(.text.ST7735_DrawCharS) refers to st7735.o(.rodata.Font) for Font
    st7735.o(.text.ST7735_DrawCharS) refers to st7735.o(.text.ST7735_FillRect) for ST7735_FillRect
    st7735.o(.text.ST7735_DrawCharS) refers to st7735.o(.text.setAddrWindow) for setAddrWindow
    st7735.o(.ARM.exidx.text.ST7735_DrawCharS) refers to st7735.o(.text.ST7735_DrawCharS) for [Anonymous Symbol]
    st7735.o(.text.ST7735_DrawChar) refers to st7735.o(.bss._width) for _width
    st7735.o(.text.ST7735_DrawChar) refers to st7735.o(.bss._height) for _height
    st7735.o(.text.ST7735_DrawChar) refers to st7735.o(.text.setAddrWindow) for setAddrWindow
    st7735.o(.text.ST7735_DrawChar) refers to st7735.o(.rodata.Font) for Font
    st7735.o(.ARM.exidx.text.ST7735_DrawChar) refers to st7735.o(.text.ST7735_DrawChar) for [Anonymous Symbol]
    st7735.o(.text.ST7735_DrawString) refers to st7735.o(.text.ST7735_DrawCharS) for ST7735_DrawCharS
    st7735.o(.ARM.exidx.text.ST7735_DrawString) refers to st7735.o(.text.ST7735_DrawString) for [Anonymous Symbol]
    st7735.o(.text.fillmessage) refers to st7735.o(.bss.Messageindex) for Messageindex
    st7735.o(.text.fillmessage) refers to st7735.o(.bss.Message) for Message
    st7735.o(.ARM.exidx.text.fillmessage) refers to st7735.o(.text.fillmessage) for [Anonymous Symbol]
    st7735.o(.text.ST7735_OutUDec) refers to st7735.o(.bss.Messageindex) for Messageindex
    st7735.o(.text.ST7735_OutUDec) refers to st7735.o(.text.fillmessage) for fillmessage
    st7735.o(.text.ST7735_OutUDec) refers to st7735.o(.bss.StY) for StY
    st7735.o(.text.ST7735_OutUDec) refers to st7735.o(.bss.Message) for Message
    st7735.o(.text.ST7735_OutUDec) refers to st7735.o(.bss.StX) for StX
    st7735.o(.text.ST7735_OutUDec) refers to st7735.o(.data.StTextColor) for StTextColor
    st7735.o(.text.ST7735_OutUDec) refers to st7735.o(.text.ST7735_DrawCharS) for ST7735_DrawCharS
    st7735.o(.ARM.exidx.text.ST7735_OutUDec) refers to st7735.o(.text.ST7735_OutUDec) for [Anonymous Symbol]
    st7735.o(.text.ST7735_SetRotation) refers to st7735.o(.bss.TabColor) for TabColor
    st7735.o(.text.ST7735_SetRotation) refers to st7735.o(.bss._width) for _width
    st7735.o(.text.ST7735_SetRotation) refers to st7735.o(.bss._height) for _height
    st7735.o(.ARM.exidx.text.ST7735_SetRotation) refers to st7735.o(.text.ST7735_SetRotation) for [Anonymous Symbol]
    st7735.o(.ARM.exidx.text.ST7735_InvertDisplay) refers to st7735.o(.text.ST7735_InvertDisplay) for [Anonymous Symbol]
    st7735.o(.text.ST7735_PlotClear) refers to st7735.o(.bss._height) for _height
    st7735.o(.text.ST7735_PlotClear) refers to st7735.o(.text.setAddrWindow) for setAddrWindow
    st7735.o(.text.ST7735_PlotClear) refers to st7735.o(.bss.Ymax) for Ymax
    st7735.o(.text.ST7735_PlotClear) refers to st7735.o(.bss.Ymin) for Ymin
    st7735.o(.text.ST7735_PlotClear) refers to st7735.o(.bss.Yrange) for Yrange
    st7735.o(.text.ST7735_PlotClear) refers to st7735.o(.bss.X) for X
    st7735.o(.ARM.exidx.text.ST7735_PlotClear) refers to st7735.o(.text.ST7735_PlotClear) for [Anonymous Symbol]
    st7735.o(.text.ST7735_PlotPoint) refers to st7735.o(.bss.Ymin) for Ymin
    st7735.o(.text.ST7735_PlotPoint) refers to st7735.o(.bss.Ymax) for Ymax
    st7735.o(.text.ST7735_PlotPoint) refers to st7735.o(.bss.Yrange) for Yrange
    st7735.o(.text.ST7735_PlotPoint) refers to st7735.o(.bss.X) for X
    st7735.o(.text.ST7735_PlotPoint) refers to st7735.o(.bss._width) for _width
    st7735.o(.text.ST7735_PlotPoint) refers to st7735.o(.bss._height) for _height
    st7735.o(.text.ST7735_PlotPoint) refers to st7735.o(.text.setAddrWindow) for setAddrWindow
    st7735.o(.ARM.exidx.text.ST7735_PlotPoint) refers to st7735.o(.text.ST7735_PlotPoint) for [Anonymous Symbol]
    st7735.o(.text.ST7735_PlotLine) refers to st7735.o(.bss.Ymin) for Ymin
    st7735.o(.text.ST7735_PlotLine) refers to st7735.o(.bss.Ymax) for Ymax
    st7735.o(.text.ST7735_PlotLine) refers to st7735.o(.bss.Yrange) for Yrange
    st7735.o(.text.ST7735_PlotLine) refers to st7735.o(.bss.lastj) for lastj
    st7735.o(.text.ST7735_PlotLine) refers to st7735.o(.bss.X) for X
    st7735.o(.text.ST7735_PlotLine) refers to st7735.o(.bss._width) for _width
    st7735.o(.text.ST7735_PlotLine) refers to st7735.o(.bss._height) for _height
    st7735.o(.text.ST7735_PlotLine) refers to st7735.o(.text.setAddrWindow) for setAddrWindow
    st7735.o(.ARM.exidx.text.ST7735_PlotLine) refers to st7735.o(.text.ST7735_PlotLine) for [Anonymous Symbol]
    st7735.o(.text.ST7735_PlotPoints) refers to st7735.o(.bss.Ymin) for Ymin
    st7735.o(.text.ST7735_PlotPoints) refers to st7735.o(.bss.Ymax) for Ymax
    st7735.o(.text.ST7735_PlotPoints) refers to st7735.o(.bss.Yrange) for Yrange
    st7735.o(.text.ST7735_PlotPoints) refers to st7735.o(.bss.X) for X
    st7735.o(.text.ST7735_PlotPoints) refers to st7735.o(.bss._width) for _width
    st7735.o(.text.ST7735_PlotPoints) refers to st7735.o(.bss._height) for _height
    st7735.o(.text.ST7735_PlotPoints) refers to st7735.o(.text.setAddrWindow) for setAddrWindow
    st7735.o(.ARM.exidx.text.ST7735_PlotPoints) refers to st7735.o(.text.ST7735_PlotPoints) for [Anonymous Symbol]
    st7735.o(.text.ST7735_PlotBar) refers to st7735.o(.bss.Ymin) for Ymin
    st7735.o(.text.ST7735_PlotBar) refers to st7735.o(.bss.Ymax) for Ymax
    st7735.o(.text.ST7735_PlotBar) refers to st7735.o(.bss.X) for X
    st7735.o(.text.ST7735_PlotBar) refers to st7735.o(.bss._width) for _width
    st7735.o(.text.ST7735_PlotBar) refers to st7735.o(.bss.Yrange) for Yrange
    st7735.o(.text.ST7735_PlotBar) refers to st7735.o(.bss._height) for _height
    st7735.o(.text.ST7735_PlotBar) refers to st7735.o(.text.setAddrWindow) for setAddrWindow
    st7735.o(.ARM.exidx.text.ST7735_PlotBar) refers to st7735.o(.text.ST7735_PlotBar) for [Anonymous Symbol]
    st7735.o(.text.ST7735_PlotdBfs) refers to st7735.o(.bss.X) for X
    st7735.o(.text.ST7735_PlotdBfs) refers to st7735.o(.bss._width) for _width
    st7735.o(.text.ST7735_PlotdBfs) refers to st7735.o(.rodata.dBfs) for dBfs
    st7735.o(.text.ST7735_PlotdBfs) refers to st7735.o(.bss._height) for _height
    st7735.o(.text.ST7735_PlotdBfs) refers to st7735.o(.text.setAddrWindow) for setAddrWindow
    st7735.o(.ARM.exidx.text.ST7735_PlotdBfs) refers to st7735.o(.text.ST7735_PlotdBfs) for [Anonymous Symbol]
    st7735.o(.text.ST7735_PlotNext) refers to st7735.o(.bss.X) for X
    st7735.o(.ARM.exidx.text.ST7735_PlotNext) refers to st7735.o(.text.ST7735_PlotNext) for [Anonymous Symbol]
    st7735.o(.text.ST7735_PlotNextErase) refers to st7735.o(.bss.X) for X
    st7735.o(.text.ST7735_PlotNextErase) refers to st7735.o(.bss._width) for _width
    st7735.o(.text.ST7735_PlotNextErase) refers to st7735.o(.bss._height) for _height
    st7735.o(.text.ST7735_PlotNextErase) refers to st7735.o(.text.setAddrWindow) for setAddrWindow
    st7735.o(.ARM.exidx.text.ST7735_PlotNextErase) refers to st7735.o(.text.ST7735_PlotNextErase) for [Anonymous Symbol]
    st7735.o(.text.ST7735_OutChar) refers to st7735.o(.bss.StY) for StY
    st7735.o(.text.ST7735_OutChar) refers to st7735.o(.bss.StX) for StX
    st7735.o(.text.ST7735_OutChar) refers to st7735.o(.data.StTextColor) for StTextColor
    st7735.o(.text.ST7735_OutChar) refers to st7735.o(.text.ST7735_DrawCharS) for ST7735_DrawCharS
    st7735.o(.ARM.exidx.text.ST7735_OutChar) refers to st7735.o(.text.ST7735_OutChar) for [Anonymous Symbol]
    st7735.o(.text.ST7735_OutString) refers to st7735.o(.text.ST7735_OutChar) for ST7735_OutChar
    st7735.o(.ARM.exidx.text.ST7735_OutString) refers to st7735.o(.text.ST7735_OutString) for [Anonymous Symbol]
    st7735.o(.text.ST7735_SetTextColor) refers to st7735.o(.data.StTextColor) for StTextColor
    st7735.o(.ARM.exidx.text.ST7735_SetTextColor) refers to st7735.o(.text.ST7735_SetTextColor) for [Anonymous Symbol]
    st7735.o(.text.fputc) refers to st7735.o(.text.ST7735_OutChar) for ST7735_OutChar
    st7735.o(.ARM.exidx.text.fputc) refers to st7735.o(.text.fputc) for [Anonymous Symbol]
    st7735.o(.ARM.exidx.text.fgetc) refers to st7735.o(.text.fgetc) for [Anonymous Symbol]
    st7735.o(.ARM.exidx.text.ferror) refers to st7735.o(.text.ferror) for [Anonymous Symbol]
    st7735.o(.text.Output_Init) refers to st7735.o(.text.ST7735_InitR) for ST7735_InitR
    st7735.o(.text.Output_Init) refers to st7735.o(.bss._width) for _width
    st7735.o(.text.Output_Init) refers to st7735.o(.bss._height) for _height
    st7735.o(.text.Output_Init) refers to st7735.o(.text.setAddrWindow) for setAddrWindow
    st7735.o(.ARM.exidx.text.Output_Init) refers to st7735.o(.text.Output_Init) for [Anonymous Symbol]
    st7735.o(.text.Output_Clear) refers to st7735.o(.bss._width) for _width
    st7735.o(.text.Output_Clear) refers to st7735.o(.bss._height) for _height
    st7735.o(.text.Output_Clear) refers to st7735.o(.text.setAddrWindow) for setAddrWindow
    st7735.o(.ARM.exidx.text.Output_Clear) refers to st7735.o(.text.Output_Clear) for [Anonymous Symbol]
    st7735.o(.text.Output_Off) refers to st7735.o(.bss._width) for _width
    st7735.o(.text.Output_Off) refers to st7735.o(.bss._height) for _height
    st7735.o(.text.Output_Off) refers to st7735.o(.text.setAddrWindow) for setAddrWindow
    st7735.o(.ARM.exidx.text.Output_Off) refers to st7735.o(.text.Output_Off) for [Anonymous Symbol]
    st7735.o(.text.Output_On) refers to st7735.o(.text.ST7735_InitR) for ST7735_InitR
    st7735.o(.text.Output_On) refers to st7735.o(.bss._width) for _width
    st7735.o(.text.Output_On) refers to st7735.o(.bss._height) for _height
    st7735.o(.text.Output_On) refers to st7735.o(.text.setAddrWindow) for setAddrWindow
    st7735.o(.ARM.exidx.text.Output_On) refers to st7735.o(.text.Output_On) for [Anonymous Symbol]
    st7735.o(.text.Output_Color) refers to st7735.o(.data.StTextColor) for StTextColor
    st7735.o(.ARM.exidx.text.Output_Color) refers to st7735.o(.text.Output_Color) for [Anonymous Symbol]
    uart.o(.ARM.exidx.text.UART_Init) refers to uart.o(.text.UART_Init) for [Anonymous Symbol]
    uart.o(.ARM.exidx.text.UART_InChar) refers to uart.o(.text.UART_InChar) for [Anonymous Symbol]
    uart.o(.ARM.exidx.text.UART_OutChar) refers to uart.o(.text.UART_OutChar) for [Anonymous Symbol]
    uart.o(.ARM.exidx.text.UART_OutString) refers to uart.o(.text.UART_OutString) for [Anonymous Symbol]
    uart.o(.ARM.exidx.text.UART_InUDec) refers to uart.o(.text.UART_InUDec) for [Anonymous Symbol]
    uart.o(.ARM.exidx.text.UART_OutUDec) refers to uart.o(.text.UART_OutUDec) for [Anonymous Symbol]
    uart.o(.text.UART_OutSDec) refers to uart.o(.text.UART_OutUDec) for UART_OutUDec
    uart.o(.ARM.exidx.text.UART_OutSDec) refers to uart.o(.text.UART_OutSDec) for [Anonymous Symbol]
    uart.o(.ARM.exidx.text.UART_InUHex) refers to uart.o(.text.UART_InUHex) for [Anonymous Symbol]
    uart.o(.ARM.exidx.text.UART_OutUHex) refers to uart.o(.text.UART_OutUHex) for [Anonymous Symbol]
    uart.o(.ARM.exidx.text.UART_InString) refers to uart.o(.text.UART_InString) for [Anonymous Symbol]
    uart.o(.ARM.exidx.text.UART_OutCRLF) refers to uart.o(.text.UART_OutCRLF) for [Anonymous Symbol]
    __main.o(!!!main) refers to __rtentry.o(.ARM.Collect$$rtentry$$00000000) for __rt_entry
    __rtentry.o(.ARM.Collect$$rtentry$$00000000) refers (Special) to __rtentry2.o(.ARM.Collect$$rtentry$$0000000A) for __rt_entry_li
    __rtentry.o(.ARM.Collect$$rtentry$$00000000) refers (Special) to __rtentry2.o(.ARM.Collect$$rtentry$$0000000D) for __rt_entry_main
    __rtentry.o(.ARM.Collect$$rtentry$$00000000) refers (Special) to __rtentry2.o(.ARM.Collect$$rtentry$$0000000C) for __rt_entry_postli_1
    __rtentry.o(.ARM.Collect$$rtentry$$00000000) refers (Special) to __rtentry2.o(.ARM.Collect$$rtentry$$00000009) for __rt_entry_postsh_1
    __rtentry.o(.ARM.Collect$$rtentry$$00000000) refers (Special) to __rtentry2.o(.ARM.Collect$$rtentry$$00000002) for __rt_entry_presh_1
    __rtentry.o(.ARM.Collect$$rtentry$$00000000) refers (Special) to __rtentry4.o(.ARM.Collect$$rtentry$$00000004) for __rt_entry_sh
    __rtentry2.o(.ARM.Collect$$rtentry$$00000008) refers to boardinit2.o(.text) for _platform_post_stackheap_init
    __rtentry2.o(.ARM.Collect$$rtentry$$0000000A) refers to libinit.o(.ARM.Collect$$libinit$$00000000) for __rt_lib_init
    __rtentry2.o(.ARM.Collect$$rtentry$$0000000B) refers to boardinit3.o(.text) for _platform_post_lib_init
    __rtentry2.o(.ARM.Collect$$rtentry$$0000000D) refers to lab2grader.o(.text.main) for main
    __rtentry2.o(.ARM.Collect$$rtentry$$0000000D) refers to exit.o(.text) for exit
    __rtentry2.o(.ARM.exidx) refers to __rtentry2.o(.ARM.Collect$$rtentry$$00000001) for .ARM.Collect$$rtentry$$00000001
    __rtentry2.o(.ARM.exidx) refers to __rtentry2.o(.ARM.Collect$$rtentry$$00000008) for .ARM.Collect$$rtentry$$00000008
    __rtentry2.o(.ARM.exidx) refers to __rtentry2.o(.ARM.Collect$$rtentry$$0000000A) for .ARM.Collect$$rtentry$$0000000A
    __rtentry2.o(.ARM.exidx) refers to __rtentry2.o(.ARM.Collect$$rtentry$$0000000B) for .ARM.Collect$$rtentry$$0000000B
    __rtentry2.o(.ARM.exidx) refers to __rtentry2.o(.ARM.Collect$$rtentry$$0000000D) for .ARM.Collect$$rtentry$$0000000D
    __rtentry4.o(.ARM.Collect$$rtentry$$00000004) refers to sys_stackheap_outer.o(.text) for __user_setup_stackheap
    __rtentry4.o(.ARM.exidx) refers to __rtentry4.o(.ARM.Collect$$rtentry$$00000004) for .ARM.Collect$$rtentry$$00000004
    sys_stackheap_outer.o(.text) refers to libspace.o(.text) for __user_perproc_libspace
    sys_stackheap_outer.o(.text) refers to startup.o(.text) for __user_initial_stackheap
    exit.o(.text) refers to rtexit.o(.ARM.Collect$$rtexit$$00000000) for __rt_exit
    libinit.o(.ARM.Collect$$libinit$$00000000) refers (Special) to libinit2.o(.ARM.Collect$$libinit$$00000030) for __rt_lib_init_alloca_1
    libinit.o(.ARM.Collect$$libinit$$00000000) refers (Special) to libinit2.o(.ARM.Collect$$libinit$$0000002E) for __rt_lib_init_argv_1
    libinit.o(.ARM.Collect$$libinit$$00000000) refers (Special) to libinit2.o(.ARM.Collect$$libinit$$0000001D) for __rt_lib_init_atexit_1
    libinit.o(.ARM.Collect$$libinit$$00000000) refers (Special) to libinit2.o(.ARM.Collect$$libinit$$00000023) for __rt_lib_init_clock_1
    libinit.o(.ARM.Collect$$libinit$$00000000) refers (Special) to libinit2.o(.ARM.Collect$$libinit$$00000034) for __rt_lib_init_cpp_1
    libinit.o(.ARM.Collect$$libinit$$00000000) refers (Special) to libinit2.o(.ARM.Collect$$libinit$$00000032) for __rt_lib_init_exceptions_1
    libinit.o(.ARM.Collect$$libinit$$00000000) refers (Special) to libinit2.o(.ARM.Collect$$libinit$$00000002) for __rt_lib_init_fp_1
    libinit.o(.ARM.Collect$$libinit$$00000000) refers (Special) to libinit2.o(.ARM.Collect$$libinit$$00000021) for __rt_lib_init_fp_trap_1
    libinit.o(.ARM.Collect$$libinit$$00000000) refers (Special) to libinit2.o(.ARM.Collect$$libinit$$00000025) for __rt_lib_init_getenv_1
    libinit.o(.ARM.Collect$$libinit$$00000000) refers (Special) to libinit2.o(.ARM.Collect$$libinit$$0000000C) for __rt_lib_init_heap_1
    libinit.o(.ARM.Collect$$libinit$$00000000) refers (Special) to libinit2.o(.ARM.Collect$$libinit$$00000013) for __rt_lib_init_lc_collate_1
    libinit.o(.ARM.Collect$$libinit$$00000000) refers (Special) to libinit2.o(.ARM.Collect$$libinit$$00000015) for __rt_lib_init_lc_ctype_1
    libinit.o(.ARM.Collect$$libinit$$00000000) refers (Special) to libinit2.o(.ARM.Collect$$libinit$$00000017) for __rt_lib_init_lc_monetary_1
    libinit.o(.ARM.Collect$$libinit$$00000000) refers (Special) to libinit2.o(.ARM.Collect$$libinit$$00000019) for __rt_lib_init_lc_numeric_1
    libinit.o(.ARM.Collect$$libinit$$00000000) refers (Special) to libinit2.o(.ARM.Collect$$libinit$$0000001B) for __rt_lib_init_lc_time_1
    libinit.o(.ARM.Collect$$libinit$$00000000) refers (Special) to libinit2.o(.ARM.Collect$$libinit$$00000006) for __rt_lib_init_preinit_1
    libinit.o(.ARM.Collect$$libinit$$00000000) refers (Special) to libinit2.o(.ARM.Collect$$libinit$$00000010) for __rt_lib_init_rand_1
    libinit.o(.ARM.Collect$$libinit$$00000000) refers (Special) to libinit2.o(.ARM.Collect$$libinit$$00000004) for __rt_lib_init_relocate_pie_1
    libinit.o(.ARM.Collect$$libinit$$00000000) refers (Special) to libinit2.o(.ARM.Collect$$libinit$$00000035) for __rt_lib_init_return
    libinit.o(.ARM.Collect$$libinit$$00000000) refers (Special) to libinit2.o(.ARM.Collect$$libinit$$0000001F) for __rt_lib_init_signal_1
    libinit.o(.ARM.Collect$$libinit$$00000000) refers (Special) to libinit2.o(.ARM.Collect$$libinit$$00000027) for __rt_lib_init_stdio_1
    libinit.o(.ARM.Collect$$libinit$$00000000) refers (Special) to libinit2.o(.ARM.Collect$$libinit$$0000000E) for __rt_lib_init_user_alloc_1
    libspace.o(.text) refers to libspace.o(.bss) for __libspace_start
    rtexit.o(.ARM.Collect$$rtexit$$00000000) refers (Special) to rtexit2.o(.ARM.Collect$$rtexit$$00000004) for __rt_exit_exit
    rtexit.o(.ARM.Collect$$rtexit$$00000000) refers (Special) to rtexit2.o(.ARM.Collect$$rtexit$$00000003) for __rt_exit_ls
    rtexit.o(.ARM.Collect$$rtexit$$00000000) refers (Special) to rtexit2.o(.ARM.Collect$$rtexit$$00000002) for __rt_exit_prels_1
    rtexit.o(.ARM.exidx) refers (Special) to rtexit2.o(.ARM.Collect$$rtexit$$00000004) for __rt_exit_exit
    rtexit.o(.ARM.exidx) refers (Special) to rtexit2.o(.ARM.Collect$$rtexit$$00000003) for __rt_exit_ls
    rtexit.o(.ARM.exidx) refers (Special) to rtexit2.o(.ARM.Collect$$rtexit$$00000002) for __rt_exit_prels_1
    rtexit.o(.ARM.exidx) refers to rtexit.o(.ARM.Collect$$rtexit$$00000000) for .ARM.Collect$$rtexit$$00000000
    libinit2.o(.ARM.Collect$$libinit$$00000012) refers to libinit2.o(.ARM.Collect$$libinit$$00000011) for .ARM.Collect$$libinit$$00000011
    libinit2.o(.ARM.Collect$$libinit$$00000014) refers to libinit2.o(.ARM.Collect$$libinit$$00000011) for .ARM.Collect$$libinit$$00000011
    libinit2.o(.ARM.Collect$$libinit$$00000016) refers to libinit2.o(.ARM.Collect$$libinit$$00000011) for .ARM.Collect$$libinit$$00000011
    libinit2.o(.ARM.Collect$$libinit$$00000018) refers to libinit2.o(.ARM.Collect$$libinit$$00000011) for .ARM.Collect$$libinit$$00000011
    libinit2.o(.ARM.Collect$$libinit$$0000001A) refers to libinit2.o(.ARM.Collect$$libinit$$00000011) for .ARM.Collect$$libinit$$00000011
    libinit2.o(.ARM.Collect$$libinit$$00000028) refers to argv_veneer.o(.emb_text) for __ARM_argv_veneer
    libinit2.o(.ARM.Collect$$libinit$$00000029) refers to argv_veneer.o(.emb_text) for __ARM_argv_veneer
    rtexit2.o(.ARM.Collect$$rtexit$$00000003) refers to libshutdown.o(.ARM.Collect$$libshutdown$$00000000) for __rt_lib_shutdown
    rtexit2.o(.ARM.Collect$$rtexit$$00000004) refers to sys_exit.o(.text) for _sys_exit
    rtexit2.o(.ARM.exidx) refers to rtexit2.o(.ARM.Collect$$rtexit$$00000001) for .ARM.Collect$$rtexit$$00000001
    rtexit2.o(.ARM.exidx) refers to rtexit2.o(.ARM.Collect$$rtexit$$00000003) for .ARM.Collect$$rtexit$$00000003
    rtexit2.o(.ARM.exidx) refers to rtexit2.o(.ARM.Collect$$rtexit$$00000004) for .ARM.Collect$$rtexit$$00000004
    argv_veneer.o(.emb_text) refers to no_argv.o(.text) for __ARM_get_argv
    sys_exit.o(.text) refers (Special) to use_no_semi.o(.text) for __I$use$semihosting
    sys_exit.o(.text) refers (Special) to indicate_semi.o(.text) for __semihosting_library_function
    sys_exit_hlt.o(.text) refers (Special) to use_no_semi.o(.text) for __I$use$semihosting
    sys_exit_hlt.o(.text) refers (Special) to indicate_semi.o(.text) for __semihosting_library_function
    _get_argv_nomalloc.o(.text) refers (Special) to hrguard.o(.text) for __heap_region$guard
    _get_argv_nomalloc.o(.text) refers to defsig_rtmem_outer.o(.text) for __rt_SIGRTMEM
    _get_argv_nomalloc.o(.text) refers to sys_command.o(.text) for _sys_command_string
    libshutdown.o(.ARM.Collect$$libshutdown$$00000000) refers (Special) to libshutdown2.o(.ARM.Collect$$libshutdown$$00000002) for __rt_lib_shutdown_cpp_1
    libshutdown.o(.ARM.Collect$$libshutdown$$00000000) refers (Special) to libshutdown2.o(.ARM.Collect$$libshutdown$$00000007) for __rt_lib_shutdown_fp_trap_1
    libshutdown.o(.ARM.Collect$$libshutdown$$00000000) refers (Special) to libshutdown2.o(.ARM.Collect$$libshutdown$$0000000F) for __rt_lib_shutdown_heap_1
    libshutdown.o(.ARM.Collect$$libshutdown$$00000000) refers (Special) to libshutdown2.o(.ARM.Collect$$libshutdown$$00000010) for __rt_lib_shutdown_return
    libshutdown.o(.ARM.Collect$$libshutdown$$00000000) refers (Special) to libshutdown2.o(.ARM.Collect$$libshutdown$$0000000A) for __rt_lib_shutdown_signal_1
    libshutdown.o(.ARM.Collect$$libshutdown$$00000000) refers (Special) to libshutdown2.o(.ARM.Collect$$libshutdown$$00000004) for __rt_lib_shutdown_stdio_1
    libshutdown.o(.ARM.Collect$$libshutdown$$00000000) refers (Special) to libshutdown2.o(.ARM.Collect$$libshutdown$$0000000C) for __rt_lib_shutdown_user_alloc_1
    sys_command.o(.text) refers (Special) to use_no_semi.o(.text) for __I$use$semihosting
    sys_command.o(.text) refers (Special) to indicate_semi.o(.text) for __semihosting_library_function
    sys_command_hlt.o(.text) refers (Special) to use_no_semi.o(.text) for __I$use$semihosting
    sys_command_hlt.o(.text) refers (Special) to indicate_semi.o(.text) for __semihosting_library_function
    defsig_rtmem_outer.o(.text) refers to defsig_rtmem_inner.o(.text) for __rt_SIGRTMEM_inner
    defsig_rtmem_outer.o(.text) refers to defsig_exit.o(.text) for __sig_exit
    defsig_rtmem_formal.o(.text) refers to rt_raise.o(.text) for __rt_raise
    rt_raise.o(.text) refers to __raise.o(.text) for __raise
    rt_raise.o(.text) refers to sys_exit.o(.text) for _sys_exit
    defsig_exit.o(.text) refers to sys_exit.o(.text) for _sys_exit
    defsig_rtmem_inner.o(.text) refers to defsig_general.o(.text) for __default_signal_display
    __raise.o(.text) refers to defsig.o(CL$$defsig) for __default_signal_handler
    defsig_general.o(.text) refers to sys_wrch.o(.text) for _ttywrch
    sys_wrch.o(.text) refers (Special) to use_no_semi.o(.text) for __I$use$semihosting
    sys_wrch.o(.text) refers (Special) to indicate_semi.o(.text) for __semihosting_library_function
    sys_wrch_hlt.o(.text) refers (Special) to use_no_semi.o(.text) for __I$use$semihosting
    sys_wrch_hlt.o(.text) refers (Special) to indicate_semi.o(.text) for __semihosting_library_function
    defsig.o(CL$$defsig) refers to defsig_rtmem_inner.o(.text) for __rt_SIGRTMEM_inner
    defsig_abrt_inner.o(.text) refers to defsig_general.o(.text) for __default_signal_display
    defsig_fpe_inner.o(.text) refers to defsig_general.o(.text) for __default_signal_display
    defsig_rtred_inner.o(.text) refers to defsig_general.o(.text) for __default_signal_display
    defsig_stak_inner.o(.text) refers to defsig_general.o(.text) for __default_signal_display
    defsig_pvfn_inner.o(.text) refers to defsig_general.o(.text) for __default_signal_display
    defsig_cppl_inner.o(.text) refers to defsig_general.o(.text) for __default_signal_display
    defsig_segv_inner.o(.text) refers to defsig_general.o(.text) for __default_signal_display
    defsig_other.o(.text) refers to defsig_general.o(.text) for __default_signal_display


==============================================================================

Removing Unused input sections from the image.

    Removing lab2.o(.text), (0 bytes).
    Removing lab2.o(.ARM.exidx.text.Distance), (8 bytes).
    Removing lab2.o(.ARM.exidx.text.OverLap), (8 bytes).
    Removing lab2.o(.ARM.exidx.text.SayHello), (8 bytes).
    Removing lab2grader.o(.text), (0 bytes).
    Removing lab2grader.o(.ARM.exidx.text.LCD_OutChar), (8 bytes).
    Removing lab2grader.o(.text.Random32), (34 bytes).
    Removing lab2grader.o(.ARM.exidx.text.Random32), (8 bytes).
    Removing lab2grader.o(.text.Random), (46 bytes).
    Removing lab2grader.o(.ARM.exidx.text.Random), (8 bytes).
    Removing lab2grader.o(.text.setUpper), (16 bytes).
    Removing lab2grader.o(.ARM.exidx.text.setUpper), (8 bytes).
    Removing lab2grader.o(.ARM.exidx.text.main), (8 bytes).
    Removing lab2grader.o(.ARM.use_no_argv), (4 bytes).
    Removing pll.o(.text), (0 bytes).
    Removing pll.o(.ARM.exidx.text.PLL_Init), (8 bytes).
    Removing st7735.o(.text), (0 bytes).
    Removing st7735.o(.text.Delay1ms), (38 bytes).
    Removing st7735.o(.ARM.exidx.text.Delay1ms), (8 bytes).
    Removing st7735.o(.text.ST7735_InitB), (184 bytes).
    Removing st7735.o(.ARM.exidx.text.ST7735_InitB), (8 bytes).
    Removing st7735.o(.ARM.exidx.text.commonInit), (8 bytes).
    Removing st7735.o(.ARM.exidx.text.ST7735_SetCursor), (8 bytes).
    Removing st7735.o(.ARM.exidx.text.ST7735_FillScreen), (8 bytes).
    Removing st7735.o(.ARM.exidx.text.ST7735_InitR), (8 bytes).
    Removing st7735.o(.ARM.exidx.text.commandList), (8 bytes).
    Removing st7735.o(.text.ST7735_DrawPixel), (134 bytes).
    Removing st7735.o(.ARM.exidx.text.ST7735_DrawPixel), (8 bytes).
    Removing st7735.o(.ARM.exidx.text.setAddrWindow), (8 bytes).
    Removing st7735.o(.text.ST7735_DrawFastVLine), (152 bytes).
    Removing st7735.o(.ARM.exidx.text.ST7735_DrawFastVLine), (8 bytes).
    Removing st7735.o(.text.ST7735_DrawFastHLine), (152 bytes).
    Removing st7735.o(.ARM.exidx.text.ST7735_DrawFastHLine), (8 bytes).
    Removing st7735.o(.ARM.exidx.text.ST7735_FillRect), (8 bytes).
    Removing st7735.o(.text.ST7735_DrawSmallCircle), (202 bytes).
    Removing st7735.o(.ARM.exidx.text.ST7735_DrawSmallCircle), (8 bytes).
    Removing st7735.o(.text.ST7735_DrawCircle), (202 bytes).
    Removing st7735.o(.ARM.exidx.text.ST7735_DrawCircle), (8 bytes).
    Removing st7735.o(.text.ST7735_Color565), (20 bytes).
    Removing st7735.o(.ARM.exidx.text.ST7735_Color565), (8 bytes).
    Removing st7735.o(.text.ST7735_SwapColor), (16 bytes).
    Removing st7735.o(.ARM.exidx.text.ST7735_SwapColor), (8 bytes).
    Removing st7735.o(.text.ST7735_DrawBitmap), (334 bytes).
    Removing st7735.o(.ARM.exidx.text.ST7735_DrawBitmap), (8 bytes).
    Removing st7735.o(.ARM.exidx.text.ST7735_DrawCharS), (8 bytes).
    Removing st7735.o(.text.ST7735_DrawChar), (350 bytes).
    Removing st7735.o(.ARM.exidx.text.ST7735_DrawChar), (8 bytes).
    Removing st7735.o(.text.ST7735_DrawString), (106 bytes).
    Removing st7735.o(.ARM.exidx.text.ST7735_DrawString), (8 bytes).
    Removing st7735.o(.text.fillmessage), (70 bytes).
    Removing st7735.o(.ARM.exidx.text.fillmessage), (8 bytes).
    Removing st7735.o(.text.ST7735_OutUDec), (208 bytes).
    Removing st7735.o(.ARM.exidx.text.ST7735_OutUDec), (8 bytes).
    Removing st7735.o(.text.ST7735_SetRotation), (258 bytes).
    Removing st7735.o(.ARM.exidx.text.ST7735_SetRotation), (8 bytes).
    Removing st7735.o(.text.ST7735_InvertDisplay), (88 bytes).
    Removing st7735.o(.ARM.exidx.text.ST7735_InvertDisplay), (8 bytes).
    Removing st7735.o(.text.ST7735_PlotClear), (186 bytes).
    Removing st7735.o(.ARM.exidx.text.ST7735_PlotClear), (8 bytes).
    Removing st7735.o(.text.ST7735_PlotPoint), (588 bytes).
    Removing st7735.o(.ARM.exidx.text.ST7735_PlotPoint), (8 bytes).
    Removing st7735.o(.text.ST7735_PlotLine), (950 bytes).
    Removing st7735.o(.ARM.exidx.text.ST7735_PlotLine), (8 bytes).
    Removing st7735.o(.text.ST7735_PlotPoints), (394 bytes).
    Removing st7735.o(.ARM.exidx.text.ST7735_PlotPoints), (8 bytes).
    Removing st7735.o(.text.ST7735_PlotBar), (218 bytes).
    Removing st7735.o(.ARM.exidx.text.ST7735_PlotBar), (8 bytes).
    Removing st7735.o(.text.ST7735_PlotdBfs), (186 bytes).
    Removing st7735.o(.ARM.exidx.text.ST7735_PlotdBfs), (8 bytes).
    Removing st7735.o(.text.ST7735_PlotNext), (22 bytes).
    Removing st7735.o(.ARM.exidx.text.ST7735_PlotNext), (8 bytes).
    Removing st7735.o(.text.ST7735_PlotNextErase), (150 bytes).
    Removing st7735.o(.ARM.exidx.text.ST7735_PlotNextErase), (8 bytes).
    Removing st7735.o(.ARM.exidx.text.ST7735_OutChar), (8 bytes).
    Removing st7735.o(.ARM.exidx.text.ST7735_OutString), (8 bytes).
    Removing st7735.o(.text.ST7735_SetTextColor), (12 bytes).
    Removing st7735.o(.ARM.exidx.text.ST7735_SetTextColor), (8 bytes).
    Removing st7735.o(.text.fputc), (12 bytes).
    Removing st7735.o(.ARM.exidx.text.fputc), (8 bytes).
    Removing st7735.o(.text.fgetc), (4 bytes).
    Removing st7735.o(.ARM.exidx.text.fgetc), (8 bytes).
    Removing st7735.o(.text.ferror), (6 bytes).
    Removing st7735.o(.ARM.exidx.text.ferror), (8 bytes).
    Removing st7735.o(.text.Output_Init), (144 bytes).
    Removing st7735.o(.ARM.exidx.text.Output_Init), (8 bytes).
    Removing st7735.o(.text.Output_Clear), (140 bytes).
    Removing st7735.o(.ARM.exidx.text.Output_Clear), (8 bytes).
    Removing st7735.o(.text.Output_Off), (140 bytes).
    Removing st7735.o(.ARM.exidx.text.Output_Off), (8 bytes).
    Removing st7735.o(.text.Output_On), (144 bytes).
    Removing st7735.o(.ARM.exidx.text.Output_On), (8 bytes).
    Removing st7735.o(.text.Output_Color), (12 bytes).
    Removing st7735.o(.ARM.exidx.text.Output_Color), (8 bytes).
    Removing st7735.o(.rodata.Bcmd), (103 bytes).
    Removing st7735.o(.rodata.smallCircle), (36 bytes).
    Removing st7735.o(.rodata.circle), (60 bytes).
    Removing st7735.o(.bss.Message), (12 bytes).
    Removing st7735.o(.bss.Messageindex), (4 bytes).
    Removing st7735.o(.bss.Ymax), (4 bytes).
    Removing st7735.o(.bss.Ymin), (4 bytes).
    Removing st7735.o(.bss.Yrange), (4 bytes).
    Removing st7735.o(.bss.X), (4 bytes).
    Removing st7735.o(.bss.lastj), (4 bytes).
    Removing st7735.o(.rodata.dBfs), (512 bytes).
    Removing uart.o(.text), (0 bytes).
    Removing uart.o(.ARM.exidx.text.UART_Init), (8 bytes).
    Removing uart.o(.text.UART_InChar), (20 bytes).
    Removing uart.o(.ARM.exidx.text.UART_InChar), (8 bytes).
    Removing uart.o(.ARM.exidx.text.UART_OutChar), (8 bytes).
    Removing uart.o(.ARM.exidx.text.UART_OutString), (8 bytes).
    Removing uart.o(.text.UART_InUDec), (132 bytes).
    Removing uart.o(.ARM.exidx.text.UART_InUDec), (8 bytes).
    Removing uart.o(.ARM.exidx.text.UART_OutUDec), (8 bytes).
    Removing uart.o(.ARM.exidx.text.UART_OutSDec), (8 bytes).
    Removing uart.o(.text.UART_InUHex), (164 bytes).
    Removing uart.o(.ARM.exidx.text.UART_InUHex), (8 bytes).
    Removing uart.o(.ARM.exidx.text.UART_OutUHex), (8 bytes).
    Removing uart.o(.text.UART_InString), (110 bytes).
    Removing uart.o(.ARM.exidx.text.UART_InString), (8 bytes).
    Removing uart.o(.text.UART_OutCRLF), (32 bytes).
    Removing uart.o(.ARM.exidx.text.UART_OutCRLF), (8 bytes).

121 unused section(s) (total 7631 bytes) removed from the image.

==============================================================================

Image Symbol Table

    Local Symbols

    Symbol Name                              Value     Ov Type        Size  Object(Section)

    ../clib/angel/boardlib.s                 0x00000000   Number         0  boardinit1.o ABSOLUTE
    ../clib/angel/boardlib.s                 0x00000000   Number         0  boardinit2.o ABSOLUTE
    ../clib/angel/boardlib.s                 0x00000000   Number         0  boardinit3.o ABSOLUTE
    ../clib/angel/boardlib.s                 0x00000000   Number         0  boardshut.o ABSOLUTE
    ../clib/angel/handlers.s                 0x00000000   Number         0  __scatter_copy.o ABSOLUTE
    ../clib/angel/handlers.s                 0x00000000   Number         0  __scatter_zi.o ABSOLUTE
    ../clib/angel/kernel.s                   0x00000000   Number         0  __rtentry.o ABSOLUTE
    ../clib/angel/kernel.s                   0x00000000   Number         0  __rtentry2.o ABSOLUTE
    ../clib/angel/kernel.s                   0x00000000   Number         0  __rtentry4.o ABSOLUTE
    ../clib/angel/kernel.s                   0x00000000   Number         0  rtexit.o ABSOLUTE
    ../clib/angel/kernel.s                   0x00000000   Number         0  rtexit2.o ABSOLUTE
    ../clib/angel/rt.s                       0x00000000   Number         0  rt_raise.o ABSOLUTE
    ../clib/angel/scatter.s                  0x00000000   Number         0  __scatter.o ABSOLUTE
    ../clib/angel/startup.s                  0x00000000   Number         0  __main.o ABSOLUTE
    ../clib/angel/sys.s                      0x00000000   Number         0  sys_stackheap_outer.o ABSOLUTE
    ../clib/angel/sys.s                      0x00000000   Number         0  libspace.o ABSOLUTE
    ../clib/angel/sys.s                      0x00000000   Number         0  use_no_semi.o ABSOLUTE
    ../clib/angel/sys.s                      0x00000000   Number         0  indicate_semi.o ABSOLUTE
    ../clib/angel/sysapp.c                   0x00000000   Number         0  sys_exit.o ABSOLUTE
    ../clib/angel/sysapp.c                   0x00000000   Number         0  sys_exit_hlt.o ABSOLUTE
    ../clib/angel/sysapp.c                   0x00000000   Number         0  sys_command.o ABSOLUTE
    ../clib/angel/sysapp.c                   0x00000000   Number         0  sys_command_hlt.o ABSOLUTE
    ../clib/angel/sysapp.c                   0x00000000   Number         0  sys_wrch.o ABSOLUTE
    ../clib/angel/sysapp.c                   0x00000000   Number         0  sys_wrch_hlt.o ABSOLUTE
    ../clib/armsys.c                         0x00000000   Number         0  argv_veneer.o ABSOLUTE
    ../clib/armsys.c                         0x00000000   Number         0  argv_veneer.o ABSOLUTE
    ../clib/armsys.c                         0x00000000   Number         0  _get_argv_nomalloc.o ABSOLUTE
    ../clib/armsys.c                         0x00000000   Number         0  no_argv.o ABSOLUTE
    ../clib/heapalloc.c                      0x00000000   Number         0  hrguard.o ABSOLUTE
    ../clib/heapaux.c                        0x00000000   Number         0  heapauxi.o ABSOLUTE
    ../clib/libinit.s                        0x00000000   Number         0  libinit.o ABSOLUTE
    ../clib/libinit.s                        0x00000000   Number         0  libinit2.o ABSOLUTE
    ../clib/libinit.s                        0x00000000   Number         0  libshutdown.o ABSOLUTE
    ../clib/libinit.s                        0x00000000   Number         0  libshutdown2.o ABSOLUTE
    ../clib/memcpset.s                       0x00000000   Number         0  strcmpv7em.o ABSOLUTE
    ../clib/signal.c                         0x00000000   Number         0  defsig_rtmem_outer.o ABSOLUTE
    ../clib/signal.c                         0x00000000   Number         0  defsig_rtmem_formal.o ABSOLUTE
    ../clib/signal.c                         0x00000000   Number         0  defsig_exit.o ABSOLUTE
    ../clib/signal.c                         0x00000000   Number         0  defsig_rtmem_inner.o ABSOLUTE
    ../clib/signal.c                         0x00000000   Number         0  __raise.o ABSOLUTE
    ../clib/signal.c                         0x00000000   Number         0  defsig_general.o ABSOLUTE
    ../clib/signal.c                         0x00000000   Number         0  defsig_abrt_inner.o ABSOLUTE
    ../clib/signal.c                         0x00000000   Number         0  defsig_fpe_inner.o ABSOLUTE
    ../clib/signal.c                         0x00000000   Number         0  defsig_rtred_inner.o ABSOLUTE
    ../clib/signal.c                         0x00000000   Number         0  defsig_stak_inner.o ABSOLUTE
    ../clib/signal.c                         0x00000000   Number         0  defsig_pvfn_inner.o ABSOLUTE
    ../clib/signal.c                         0x00000000   Number         0  defsig_cppl_inner.o ABSOLUTE
    ../clib/signal.c                         0x00000000   Number         0  defsig_segv_inner.o ABSOLUTE
    ../clib/signal.c                         0x00000000   Number         0  defsig_other.o ABSOLUTE
    ../clib/signal.s                         0x00000000   Number         0  defsig.o ABSOLUTE
    ../clib/stdlib.c                         0x00000000   Number         0  exit.o ABSOLUTE
    ../fplib/fpinit.s                        0x00000000   Number         0  fpinit.o ABSOLUTE
    ../fplib/fpinit_empty.s                  0x00000000   Number         0  fpinit_empty.o ABSOLUTE
    Lab2.c                                   0x00000000   Number         0  lab2.o ABSOLUTE
    Lab2Grader.c                             0x00000000   Number         0  lab2grader.o ABSOLUTE
    PLL.c                                    0x00000000   Number         0  pll.o ABSOLUTE
    ST7735.c                                 0x00000000   Number         0  st7735.o ABSOLUTE
    UART.c                                   0x00000000   Number         0  uart.o ABSOLUTE
    dc.s                                     0x00000000   Number         0  dc.o ABSOLUTE
    startup.s                                0x00000000   Number         0  startup.o ABSOLUTE
    RESET                                    0x00000000   Section      644  startup.o(RESET)
    !!!main                                  0x00000284   Section        8  __main.o(!!!main)
    !!!scatter                               0x0000028c   Section       52  __scatter.o(!!!scatter)
    !!handler_copy                           0x000002c0   Section       26  __scatter_copy.o(!!handler_copy)
    !!handler_zi                             0x000002dc   Section       28  __scatter_zi.o(!!handler_zi)
    .ARM.Collect$$libinit$$00000000          0x000002f8   Section        2  libinit.o(.ARM.Collect$$libinit$$00000000)
    .ARM.Collect$$libinit$$00000002          0x000002fa   Section        0  libinit2.o(.ARM.Collect$$libinit$$00000002)
    .ARM.Collect$$libinit$$00000004          0x000002fa   Section        0  libinit2.o(.ARM.Collect$$libinit$$00000004)
    .ARM.Collect$$libinit$$00000006          0x000002fa   Section        0  libinit2.o(.ARM.Collect$$libinit$$00000006)
    .ARM.Collect$$libinit$$0000000C          0x000002fa   Section        0  libinit2.o(.ARM.Collect$$libinit$$0000000C)
    .ARM.Collect$$libinit$$0000000E          0x000002fa   Section        0  libinit2.o(.ARM.Collect$$libinit$$0000000E)
    .ARM.Collect$$libinit$$00000010          0x000002fa   Section        0  libinit2.o(.ARM.Collect$$libinit$$00000010)
    .ARM.Collect$$libinit$$00000013          0x000002fa   Section        0  libinit2.o(.ARM.Collect$$libinit$$00000013)
    .ARM.Collect$$libinit$$00000015          0x000002fa   Section        0  libinit2.o(.ARM.Collect$$libinit$$00000015)
    .ARM.Collect$$libinit$$00000017          0x000002fa   Section        0  libinit2.o(.ARM.Collect$$libinit$$00000017)
    .ARM.Collect$$libinit$$00000019          0x000002fa   Section        0  libinit2.o(.ARM.Collect$$libinit$$00000019)
    .ARM.Collect$$libinit$$0000001B          0x000002fa   Section        0  libinit2.o(.ARM.Collect$$libinit$$0000001B)
    .ARM.Collect$$libinit$$0000001D          0x000002fa   Section        0  libinit2.o(.ARM.Collect$$libinit$$0000001D)
    .ARM.Collect$$libinit$$0000001F          0x000002fa   Section        0  libinit2.o(.ARM.Collect$$libinit$$0000001F)
    .ARM.Collect$$libinit$$00000021          0x000002fa   Section        0  libinit2.o(.ARM.Collect$$libinit$$00000021)
    .ARM.Collect$$libinit$$00000023          0x000002fa   Section        0  libinit2.o(.ARM.Collect$$libinit$$00000023)
    .ARM.Collect$$libinit$$00000025          0x000002fa   Section        0  libinit2.o(.ARM.Collect$$libinit$$00000025)
    .ARM.Collect$$libinit$$00000027          0x000002fa   Section        0  libinit2.o(.ARM.Collect$$libinit$$00000027)
    .ARM.Collect$$libinit$$0000002E          0x000002fa   Section        0  libinit2.o(.ARM.Collect$$libinit$$0000002E)
    .ARM.Collect$$libinit$$00000030          0x000002fa   Section        0  libinit2.o(.ARM.Collect$$libinit$$00000030)
    .ARM.Collect$$libinit$$00000032          0x000002fa   Section        0  libinit2.o(.ARM.Collect$$libinit$$00000032)
    .ARM.Collect$$libinit$$00000034          0x000002fa   Section        0  libinit2.o(.ARM.Collect$$libinit$$00000034)
    .ARM.Collect$$libinit$$00000035          0x000002fa   Section        2  libinit2.o(.ARM.Collect$$libinit$$00000035)
    .ARM.Collect$$libshutdown$$00000000      0x000002fc   Section        2  libshutdown.o(.ARM.Collect$$libshutdown$$00000000)
    .ARM.Collect$$libshutdown$$00000002      0x000002fe   Section        0  libshutdown2.o(.ARM.Collect$$libshutdown$$00000002)
    .ARM.Collect$$libshutdown$$00000004      0x000002fe   Section        0  libshutdown2.o(.ARM.Collect$$libshutdown$$00000004)
    .ARM.Collect$$libshutdown$$00000007      0x000002fe   Section        0  libshutdown2.o(.ARM.Collect$$libshutdown$$00000007)
    .ARM.Collect$$libshutdown$$0000000A      0x000002fe   Section        0  libshutdown2.o(.ARM.Collect$$libshutdown$$0000000A)
    .ARM.Collect$$libshutdown$$0000000C      0x000002fe   Section        0  libshutdown2.o(.ARM.Collect$$libshutdown$$0000000C)
    .ARM.Collect$$libshutdown$$0000000F      0x000002fe   Section        0  libshutdown2.o(.ARM.Collect$$libshutdown$$0000000F)
    .ARM.Collect$$libshutdown$$00000010      0x000002fe   Section        2  libshutdown2.o(.ARM.Collect$$libshutdown$$00000010)
    .ARM.Collect$$rtentry$$00000000          0x00000300   Section        0  __rtentry.o(.ARM.Collect$$rtentry$$00000000)
    .ARM.Collect$$rtentry$$00000002          0x00000300   Section        0  __rtentry2.o(.ARM.Collect$$rtentry$$00000002)
    .ARM.Collect$$rtentry$$00000004          0x00000300   Section        6  __rtentry4.o(.ARM.Collect$$rtentry$$00000004)
    .ARM.Collect$$rtentry$$00000009          0x00000306   Section        0  __rtentry2.o(.ARM.Collect$$rtentry$$00000009)
    .ARM.Collect$$rtentry$$0000000A          0x00000306   Section        4  __rtentry2.o(.ARM.Collect$$rtentry$$0000000A)
    .ARM.Collect$$rtentry$$0000000C          0x0000030a   Section        0  __rtentry2.o(.ARM.Collect$$rtentry$$0000000C)
    .ARM.Collect$$rtentry$$0000000D          0x0000030a   Section        8  __rtentry2.o(.ARM.Collect$$rtentry$$0000000D)
    .ARM.Collect$$rtexit$$00000000           0x00000312   Section        2  rtexit.o(.ARM.Collect$$rtexit$$00000000)
    .ARM.Collect$$rtexit$$00000002           0x00000314   Section        0  rtexit2.o(.ARM.Collect$$rtexit$$00000002)
    .ARM.Collect$$rtexit$$00000003           0x00000314   Section        4  rtexit2.o(.ARM.Collect$$rtexit$$00000003)
    .ARM.Collect$$rtexit$$00000004           0x00000318   Section        6  rtexit2.o(.ARM.Collect$$rtexit$$00000004)
    .text                                    0x00000320   Section       48  startup.o(.text)
    .text                                    0x00000350   Section      124  strcmpv7em.o(.text)
    .text                                    0x000003cc   Section        0  heapauxi.o(.text)
    .text                                    0x000003d2   Section       74  sys_stackheap_outer.o(.text)
    .text                                    0x0000041c   Section        0  exit.o(.text)
    .text                                    0x00000430   Section        8  libspace.o(.text)
    .text                                    0x00000438   Section        0  sys_exit.o(.text)
    .text                                    0x00000444   Section        2  use_no_semi.o(.text)
    .text                                    0x00000446   Section        0  indicate_semi.o(.text)
    [Anonymous Symbol]                       0x00000448   Section        0  lab2.o(.text.Distance)
    [Anonymous Symbol]                       0x00000458   Section        0  lab2grader.o(.text.LCD_OutChar)
    [Anonymous Symbol]                       0x0000047c   Section        0  lab2.o(.text.OverLap)
    [Anonymous Symbol]                       0x000004c4   Section        0  pll.o(.text.PLL_Init)
    [Anonymous Symbol]                       0x00000530   Section        0  st7735.o(.text.ST7735_DrawCharS)
    [Anonymous Symbol]                       0x00000764   Section        0  st7735.o(.text.ST7735_FillRect)
    [Anonymous Symbol]                       0x0000082c   Section        0  st7735.o(.text.ST7735_FillScreen)
    [Anonymous Symbol]                       0x00000870   Section        0  st7735.o(.text.ST7735_InitR)
    [Anonymous Symbol]                       0x000009a8   Section        0  st7735.o(.text.ST7735_OutChar)
    [Anonymous Symbol]                       0x00000ac8   Section        0  st7735.o(.text.ST7735_OutString)
    [Anonymous Symbol]                       0x00000ae4   Section        0  st7735.o(.text.ST7735_SetCursor)
    [Anonymous Symbol]                       0x00000b04   Section        0  lab2.o(.text.SayHello)
    [Anonymous Symbol]                       0x00000b28   Section        0  uart.o(.text.UART_Init)
    [Anonymous Symbol]                       0x00000bac   Section        0  uart.o(.text.UART_OutChar)
    [Anonymous Symbol]                       0x00000bc0   Section        0  uart.o(.text.UART_OutSDec)
    [Anonymous Symbol]                       0x00000be4   Section        0  uart.o(.text.UART_OutString)
    [Anonymous Symbol]                       0x00000c08   Section        0  uart.o(.text.UART_OutUDec)
    [Anonymous Symbol]                       0x00000c44   Section        0  uart.o(.text.UART_OutUHex)
    commandList                              0x00000c89   Thumb Code   172  st7735.o(.text.commandList)
    [Anonymous Symbol]                       0x00000c88   Section        0  st7735.o(.text.commandList)
    commonInit                               0x00000d35   Thumb Code   428  st7735.o(.text.commonInit)
    [Anonymous Symbol]                       0x00000d34   Section        0  st7735.o(.text.commonInit)
    [Anonymous Symbol]                       0x00000ee0   Section        0  lab2grader.o(.text.main)
    setAddrWindow                            0x00001685   Thumb Code   322  st7735.o(.text.setAddrWindow)
    [Anonymous Symbol]                       0x00001684   Section        0  st7735.o(.text.setAddrWindow)
    Font                                     0x000017c6   Data        1275  st7735.o(.rodata.Font)
    [Anonymous Symbol]                       0x000017c6   Section        0  st7735.o(.rodata.Font)
    Rcmd1                                    0x00001ce1   Data          59  st7735.o(.rodata.Rcmd1)
    [Anonymous Symbol]                       0x00001ce1   Section        0  st7735.o(.rodata.Rcmd1)
    Rcmd2green                               0x00001d1c   Data          13  st7735.o(.rodata.Rcmd2green)
    [Anonymous Symbol]                       0x00001d1c   Section        0  st7735.o(.rodata.Rcmd2green)
    Rcmd2red                                 0x00001d29   Data          13  st7735.o(.rodata.Rcmd2red)
    [Anonymous Symbol]                       0x00001d29   Section        0  st7735.o(.rodata.Rcmd2red)
    Rcmd3                                    0x00001d36   Data          43  st7735.o(.rodata.Rcmd3)
    [Anonymous Symbol]                       0x00001d36   Section        0  st7735.o(.rodata.Rcmd3)
    .L.str.25                                0x00001d61   Data          20  lab2grader.o(.rodata.str1.1)
    [Anonymous Symbol]                       0x00001d61   Section        0  lab2grader.o(.rodata.str1.1)
    .L.str.19                                0x00001d75   Data          53  lab2grader.o(.rodata.str1.1)
    .L.str.8                                 0x00001daa   Data          19  lab2grader.o(.rodata.str1.1)
    .L.str.9                                 0x00001dbd   Data           2  lab2grader.o(.rodata.str1.1)
    .L.str.21                                0x00001dbf   Data          25  lab2grader.o(.rodata.str1.1)
    .L.str.14                                0x00001dd8   Data           9  lab2grader.o(.rodata.str1.1)
    .L.str.12                                0x00001de1   Data           8  lab2grader.o(.rodata.str1.1)
    .L.str.11                                0x00001de9   Data          11  lab2grader.o(.rodata.str1.1)
    .L.str.22                                0x00001df4   Data           9  lab2grader.o(.rodata.str1.1)
    .L.str.6                                 0x00001dfd   Data          31  lab2grader.o(.rodata.str1.1)
    .L.str.4                                 0x00001e1c   Data          30  lab2grader.o(.rodata.str1.1)
    .L.str.5                                 0x00001e3a   Data          33  lab2grader.o(.rodata.str1.1)
    .L.str.18                                0x00001e5b   Data          24  lab2grader.o(.rodata.str1.1)
    .L.str.15                                0x00001e73   Data          23  lab2grader.o(.rodata.str1.1)
    .L.str.13                                0x00001e8a   Data          10  lab2grader.o(.rodata.str1.1)
    .L.str.16                                0x00001e94   Data          19  lab2grader.o(.rodata.str1.1)
    .bss                                     0x20000010   Section       96  libspace.o(.bss)
    ColStart                                 0x20000070   Data           1  st7735.o(.bss.ColStart)
    [Anonymous Symbol]                       0x20000070   Section        0  st7735.o(.bss.ColStart)
    RowStart                                 0x2000007c   Data           1  st7735.o(.bss.RowStart)
    [Anonymous Symbol]                       0x2000007c   Section        0  st7735.o(.bss.RowStart)
    TabColor                                 0x2000008c   Data           1  st7735.o(.bss.TabColor)
    [Anonymous Symbol]                       0x2000008c   Section        0  st7735.o(.bss.TabColor)
    _height                                  0x2000008e   Data           1  st7735.o(.bss._height)
    [Anonymous Symbol]                       0x2000008e   Section        0  st7735.o(.bss._height)
    _width                                   0x20000090   Data           1  st7735.o(.bss._width)
    [Anonymous Symbol]                       0x20000090   Section        0  st7735.o(.bss._width)
    HeapMem                                  0x200000e0   Data           0  startup.o(HEAP)
    StackMem                                 0x200000e0   Data           0  startup.o(STACK)
    HEAP                                     0x200000e0   Section        0  startup.o(HEAP)
    STACK                                    0x200000e0   Section     1024  startup.o(STACK)

    Global Symbols

    Symbol Name                              Value     Ov Type        Size  Object(Section)

    BuildAttributes$$THM_ISAv4$E$P$D$K$B$S$7EM$PE$A:L22UL41UL21$X:L11$S22US41US21$IEEE1$IW$~IW$USESV6$~STKCKD$USESV7$~SHL$OTIME$ROPI$EBA8$UX$STANDARDLIB$REQ8$PRES8$EABIv2 0x00000000   Number         0  anon$$obj.o ABSOLUTE
    __Vectors                                0x00000000   Data           0  startup.o(RESET)
    __fp_init_empty                          0x00000000   Number         0  fpinit_empty.o ABSOLUTE
    __ARM_exceptions_init                     - Undefined Weak Reference
    __alloca_initialize                       - Undefined Weak Reference
    __arm_preinit_                            - Undefined Weak Reference
    __arm_relocate_pie_                       - Undefined Weak Reference
    __cpp_initialize__aeabi_                  - Undefined Weak Reference
    __cxa_finalize                            - Undefined Weak Reference
    __rt_locale                               - Undefined Weak Reference
    __sigvec_lookup                           - Undefined Weak Reference
    _atexit_init                              - Undefined Weak Reference
    _call_atexit_fns                          - Undefined Weak Reference
    _clock_init                               - Undefined Weak Reference
    _fp_trap_init                             - Undefined Weak Reference
    _fp_trap_shutdown                         - Undefined Weak Reference
    _get_lc_collate                           - Undefined Weak Reference
    _get_lc_ctype                             - Undefined Weak Reference
    _get_lc_monetary                          - Undefined Weak Reference
    _get_lc_numeric                           - Undefined Weak Reference
    _get_lc_time                              - Undefined Weak Reference
    _getenv_init                              - Undefined Weak Reference
    _handle_redirection                       - Undefined Weak Reference
    _init_alloc                               - Undefined Weak Reference
    _init_user_alloc                          - Undefined Weak Reference
    _initio                                   - Undefined Weak Reference
    _rand_init                                - Undefined Weak Reference
    _signal_finish                            - Undefined Weak Reference
    _signal_init                              - Undefined Weak Reference
    _terminate_alloc                          - Undefined Weak Reference
    _terminate_user_alloc                     - Undefined Weak Reference
    _terminateio                              - Undefined Weak Reference
    Reset_Handler                            0x0000026d   Thumb Code     0  startup.o(RESET)
    NMI_Handler                              0x00000271   Thumb Code     2  startup.o(RESET)
    HardFault_Handler                        0x00000273   Thumb Code     2  startup.o(RESET)
    MemManage_Handler                        0x00000275   Thumb Code     2  startup.o(RESET)
    BusFault_Handler                         0x00000277   Thumb Code     2  startup.o(RESET)
    UsageFault_Handler                       0x00000279   Thumb Code     2  startup.o(RESET)
    SVC_Handler                              0x0000027b   Thumb Code     2  startup.o(RESET)
    DebugMon_Handler                         0x0000027d   Thumb Code     2  startup.o(RESET)
    PendSV_Handler                           0x0000027f   Thumb Code     2  startup.o(RESET)
    SysTick_Handler                          0x00000281   Thumb Code     2  startup.o(RESET)
    ADC0Seq0_Handler                         0x00000283   Thumb Code     0  startup.o(RESET)
    ADC0Seq1_Handler                         0x00000283   Thumb Code     0  startup.o(RESET)
    ADC0Seq2_Handler                         0x00000283   Thumb Code     0  startup.o(RESET)
    ADC0Seq3_Handler                         0x00000283   Thumb Code     0  startup.o(RESET)
    ADC1Seq0_Handler                         0x00000283   Thumb Code     0  startup.o(RESET)
    ADC1Seq1_Handler                         0x00000283   Thumb Code     0  startup.o(RESET)
    ADC1Seq2_Handler                         0x00000283   Thumb Code     0  startup.o(RESET)
    ADC1Seq3_Handler                         0x00000283   Thumb Code     0  startup.o(RESET)
    CAN0_Handler                             0x00000283   Thumb Code     0  startup.o(RESET)
    CAN1_Handler                             0x00000283   Thumb Code     0  startup.o(RESET)
    CAN2_Handler                             0x00000283   Thumb Code     0  startup.o(RESET)
    Comp0_Handler                            0x00000283   Thumb Code     0  startup.o(RESET)
    Comp1_Handler                            0x00000283   Thumb Code     0  startup.o(RESET)
    Comp2_Handler                            0x00000283   Thumb Code     0  startup.o(RESET)
    Ethernet_Handler                         0x00000283   Thumb Code     0  startup.o(RESET)
    ExtBus_Handler                           0x00000283   Thumb Code     0  startup.o(RESET)
    FPU_Handler                              0x00000283   Thumb Code     0  startup.o(RESET)
    Fan0_Handler                             0x00000283   Thumb Code     0  startup.o(RESET)
    FlashCtl_Handler                         0x00000283   Thumb Code     0  startup.o(RESET)
    GPIOPortA_Handler                        0x00000283   Thumb Code     0  startup.o(RESET)
    GPIOPortB_Handler                        0x00000283   Thumb Code     0  startup.o(RESET)
    GPIOPortC_Handler                        0x00000283   Thumb Code     0  startup.o(RESET)
    GPIOPortD_Handler                        0x00000283   Thumb Code     0  startup.o(RESET)
    GPIOPortE_Handler                        0x00000283   Thumb Code     0  startup.o(RESET)
    GPIOPortF_Handler                        0x00000283   Thumb Code     0  startup.o(RESET)
    GPIOPortG_Handler                        0x00000283   Thumb Code     0  startup.o(RESET)
    GPIOPortH_Handler                        0x00000283   Thumb Code     0  startup.o(RESET)
    GPIOPortJ_Handler                        0x00000283   Thumb Code     0  startup.o(RESET)
    GPIOPortK_Handler                        0x00000283   Thumb Code     0  startup.o(RESET)
    GPIOPortL_Handler                        0x00000283   Thumb Code     0  startup.o(RESET)
    GPIOPortM_Handler                        0x00000283   Thumb Code     0  startup.o(RESET)
    GPIOPortN_Handler                        0x00000283   Thumb Code     0  startup.o(RESET)
    GPIOPortP1_Handler                       0x00000283   Thumb Code     0  startup.o(RESET)
    GPIOPortP2_Handler                       0x00000283   Thumb Code     0  startup.o(RESET)
    GPIOPortP3_Handler                       0x00000283   Thumb Code     0  startup.o(RESET)
    GPIOPortP4_Handler                       0x00000283   Thumb Code     0  startup.o(RESET)
    GPIOPortP5_Handler                       0x00000283   Thumb Code     0  startup.o(RESET)
    GPIOPortP6_Handler                       0x00000283   Thumb Code     0  startup.o(RESET)
    GPIOPortP7_Handler                       0x00000283   Thumb Code     0  startup.o(RESET)
    GPIOPortP_Handler                        0x00000283   Thumb Code     0  startup.o(RESET)
    GPIOPortQ1_Handler                       0x00000283   Thumb Code     0  startup.o(RESET)
    GPIOPortQ2_Handler                       0x00000283   Thumb Code     0  startup.o(RESET)
    GPIOPortQ3_Handler                       0x00000283   Thumb Code     0  startup.o(RESET)
    GPIOPortQ4_Handler                       0x00000283   Thumb Code     0  startup.o(RESET)
    GPIOPortQ5_Handler                       0x00000283   Thumb Code     0  startup.o(RESET)
    GPIOPortQ6_Handler                       0x00000283   Thumb Code     0  startup.o(RESET)
    GPIOPortQ7_Handler                       0x00000283   Thumb Code     0  startup.o(RESET)
    GPIOPortQ_Handler                        0x00000283   Thumb Code     0  startup.o(RESET)
    GPIOPortR_Handler                        0x00000283   Thumb Code     0  startup.o(RESET)
    GPIOPortS_Handler                        0x00000283   Thumb Code     0  startup.o(RESET)
    Hibernate_Handler                        0x00000283   Thumb Code     0  startup.o(RESET)
    I2C0_Handler                             0x00000283   Thumb Code     0  startup.o(RESET)
    I2C1_Handler                             0x00000283   Thumb Code     0  startup.o(RESET)
    I2C2_Handler                             0x00000283   Thumb Code     0  startup.o(RESET)
    I2C3_Handler                             0x00000283   Thumb Code     0  startup.o(RESET)
    I2C4_Handler                             0x00000283   Thumb Code     0  startup.o(RESET)
    I2C5_Handler                             0x00000283   Thumb Code     0  startup.o(RESET)
    I2S0_Handler                             0x00000283   Thumb Code     0  startup.o(RESET)
    LPC0_Handler                             0x00000283   Thumb Code     0  startup.o(RESET)
    PECI0_Handler                            0x00000283   Thumb Code     0  startup.o(RESET)
    PWM0Fault_Handler                        0x00000283   Thumb Code     0  startup.o(RESET)
    PWM0Generator0_Handler                   0x00000283   Thumb Code     0  startup.o(RESET)
    PWM0Generator1_Handler                   0x00000283   Thumb Code     0  startup.o(RESET)
    PWM0Generator2_Handler                   0x00000283   Thumb Code     0  startup.o(RESET)
    PWM0Generator3_Handler                   0x00000283   Thumb Code     0  startup.o(RESET)
    PWM1Fault_Handler                        0x00000283   Thumb Code     0  startup.o(RESET)
    PWM1Generator0_Handler                   0x00000283   Thumb Code     0  startup.o(RESET)
    PWM1Generator1_Handler                   0x00000283   Thumb Code     0  startup.o(RESET)
    PWM1Generator2_Handler                   0x00000283   Thumb Code     0  startup.o(RESET)
    PWM1Generator3_Handler                   0x00000283   Thumb Code     0  startup.o(RESET)
    Quadrature0_Handler                      0x00000283   Thumb Code     0  startup.o(RESET)
    Quadrature1_Handler                      0x00000283   Thumb Code     0  startup.o(RESET)
    Quadrature2_Handler                      0x00000283   Thumb Code     0  startup.o(RESET)
    SSI0_Handler                             0x00000283   Thumb Code     0  startup.o(RESET)
    SSI1_Handler                             0x00000283   Thumb Code     0  startup.o(RESET)
    SSI2_Handler                             0x00000283   Thumb Code     0  startup.o(RESET)
    SSI3_Handler                             0x00000283   Thumb Code     0  startup.o(RESET)
    SysCtl_Handler                           0x00000283   Thumb Code     0  startup.o(RESET)
    Timer0A_Handler                          0x00000283   Thumb Code     0  startup.o(RESET)
    Timer0B_Handler                          0x00000283   Thumb Code     0  startup.o(RESET)
    Timer1A_Handler                          0x00000283   Thumb Code     0  startup.o(RESET)
    Timer1B_Handler                          0x00000283   Thumb Code     0  startup.o(RESET)
    Timer2A_Handler                          0x00000283   Thumb Code     0  startup.o(RESET)
    Timer2B_Handler                          0x00000283   Thumb Code     0  startup.o(RESET)
    Timer3A_Handler                          0x00000283   Thumb Code     0  startup.o(RESET)
    Timer3B_Handler                          0x00000283   Thumb Code     0  startup.o(RESET)
    Timer4A_Handler                          0x00000283   Thumb Code     0  startup.o(RESET)
    Timer4B_Handler                          0x00000283   Thumb Code     0  startup.o(RESET)
    Timer5A_Handler                          0x00000283   Thumb Code     0  startup.o(RESET)
    Timer5B_Handler                          0x00000283   Thumb Code     0  startup.o(RESET)
    UART0_Handler                            0x00000283   Thumb Code     0  startup.o(RESET)
    UART1_Handler                            0x00000283   Thumb Code     0  startup.o(RESET)
    UART2_Handler                            0x00000283   Thumb Code     0  startup.o(RESET)
    UART3_Handler                            0x00000283   Thumb Code     0  startup.o(RESET)
    UART4_Handler                            0x00000283   Thumb Code     0  startup.o(RESET)
    UART5_Handler                            0x00000283   Thumb Code     0  startup.o(RESET)
    UART6_Handler                            0x00000283   Thumb Code     0  startup.o(RESET)
    UART7_Handler                            0x00000283   Thumb Code     0  startup.o(RESET)
    USB0_Handler                             0x00000283   Thumb Code     0  startup.o(RESET)
    WDT_Handler                              0x00000283   Thumb Code     0  startup.o(RESET)
    WideTimer0A_Handler                      0x00000283   Thumb Code     0  startup.o(RESET)
    WideTimer0B_Handler                      0x00000283   Thumb Code     0  startup.o(RESET)
    WideTimer1A_Handler                      0x00000283   Thumb Code     0  startup.o(RESET)
    WideTimer1B_Handler                      0x00000283   Thumb Code     0  startup.o(RESET)
    WideTimer2A_Handler                      0x00000283   Thumb Code     0  startup.o(RESET)
    WideTimer2B_Handler                      0x00000283   Thumb Code     0  startup.o(RESET)
    WideTimer3A_Handler                      0x00000283   Thumb Code     0  startup.o(RESET)
    WideTimer3B_Handler                      0x00000283   Thumb Code     0  startup.o(RESET)
    WideTimer4A_Handler                      0x00000283   Thumb Code     0  startup.o(RESET)
    WideTimer4B_Handler                      0x00000283   Thumb Code     0  startup.o(RESET)
    WideTimer5A_Handler                      0x00000283   Thumb Code     0  startup.o(RESET)
    WideTimer5B_Handler                      0x00000283   Thumb Code     0  startup.o(RESET)
    uDMA_Error                               0x00000283   Thumb Code     0  startup.o(RESET)
    uDMA_Handler                             0x00000283   Thumb Code     0  startup.o(RESET)
    __main                                   0x00000285   Thumb Code     8  __main.o(!!!main)
    __scatterload                            0x0000028d   Thumb Code     0  __scatter.o(!!!scatter)
    __scatterload_rt2                        0x0000028d   Thumb Code    44  __scatter.o(!!!scatter)
    __scatterload_rt2_thumb_only             0x0000028d   Thumb Code     0  __scatter.o(!!!scatter)
    __scatterload_null                       0x0000029b   Thumb Code     0  __scatter.o(!!!scatter)
    __scatterload_copy                       0x000002c1   Thumb Code    26  __scatter_copy.o(!!handler_copy)
    __scatterload_zeroinit                   0x000002dd   Thumb Code    28  __scatter_zi.o(!!handler_zi)
    __rt_lib_init                            0x000002f9   Thumb Code     0  libinit.o(.ARM.Collect$$libinit$$00000000)
    __rt_lib_init_alloca_1                   0x000002fb   Thumb Code     0  libinit2.o(.ARM.Collect$$libinit$$00000030)
    __rt_lib_init_argv_1                     0x000002fb   Thumb Code     0  libinit2.o(.ARM.Collect$$libinit$$0000002E)
    __rt_lib_init_atexit_1                   0x000002fb   Thumb Code     0  libinit2.o(.ARM.Collect$$libinit$$0000001D)
    __rt_lib_init_clock_1                    0x000002fb   Thumb Code     0  libinit2.o(.ARM.Collect$$libinit$$00000023)
    __rt_lib_init_cpp_1                      0x000002fb   Thumb Code     0  libinit2.o(.ARM.Collect$$libinit$$00000034)
    __rt_lib_init_exceptions_1               0x000002fb   Thumb Code     0  libinit2.o(.ARM.Collect$$libinit$$00000032)
    __rt_lib_init_fp_1                       0x000002fb   Thumb Code     0  libinit2.o(.ARM.Collect$$libinit$$00000002)
    __rt_lib_init_fp_trap_1                  0x000002fb   Thumb Code     0  libinit2.o(.ARM.Collect$$libinit$$00000021)
    __rt_lib_init_getenv_1                   0x000002fb   Thumb Code     0  libinit2.o(.ARM.Collect$$libinit$$00000025)
    __rt_lib_init_heap_1                     0x000002fb   Thumb Code     0  libinit2.o(.ARM.Collect$$libinit$$0000000C)
    __rt_lib_init_lc_collate_1               0x000002fb   Thumb Code     0  libinit2.o(.ARM.Collect$$libinit$$00000013)
    __rt_lib_init_lc_ctype_1                 0x000002fb   Thumb Code     0  libinit2.o(.ARM.Collect$$libinit$$00000015)
    __rt_lib_init_lc_monetary_1              0x000002fb   Thumb Code     0  libinit2.o(.ARM.Collect$$libinit$$00000017)
    __rt_lib_init_lc_numeric_1               0x000002fb   Thumb Code     0  libinit2.o(.ARM.Collect$$libinit$$00000019)
    __rt_lib_init_lc_time_1                  0x000002fb   Thumb Code     0  libinit2.o(.ARM.Collect$$libinit$$0000001B)
    __rt_lib_init_preinit_1                  0x000002fb   Thumb Code     0  libinit2.o(.ARM.Collect$$libinit$$00000006)
    __rt_lib_init_rand_1                     0x000002fb   Thumb Code     0  libinit2.o(.ARM.Collect$$libinit$$00000010)
    __rt_lib_init_relocate_pie_1             0x000002fb   Thumb Code     0  libinit2.o(.ARM.Collect$$libinit$$00000004)
    __rt_lib_init_return                     0x000002fb   Thumb Code     0  libinit2.o(.ARM.Collect$$libinit$$00000035)
    __rt_lib_init_signal_1                   0x000002fb   Thumb Code     0  libinit2.o(.ARM.Collect$$libinit$$0000001F)
    __rt_lib_init_stdio_1                    0x000002fb   Thumb Code     0  libinit2.o(.ARM.Collect$$libinit$$00000027)
    __rt_lib_init_user_alloc_1               0x000002fb   Thumb Code     0  libinit2.o(.ARM.Collect$$libinit$$0000000E)
    __rt_lib_shutdown                        0x000002fd   Thumb Code     0  libshutdown.o(.ARM.Collect$$libshutdown$$00000000)
    __rt_lib_shutdown_cpp_1                  0x000002ff   Thumb Code     0  libshutdown2.o(.ARM.Collect$$libshutdown$$00000002)
    __rt_lib_shutdown_fp_trap_1              0x000002ff   Thumb Code     0  libshutdown2.o(.ARM.Collect$$libshutdown$$00000007)
    __rt_lib_shutdown_heap_1                 0x000002ff   Thumb Code     0  libshutdown2.o(.ARM.Collect$$libshutdown$$0000000F)
    __rt_lib_shutdown_return                 0x000002ff   Thumb Code     0  libshutdown2.o(.ARM.Collect$$libshutdown$$00000010)
    __rt_lib_shutdown_signal_1               0x000002ff   Thumb Code     0  libshutdown2.o(.ARM.Collect$$libshutdown$$0000000A)
    __rt_lib_shutdown_stdio_1                0x000002ff   Thumb Code     0  libshutdown2.o(.ARM.Collect$$libshutdown$$00000004)
    __rt_lib_shutdown_user_alloc_1           0x000002ff   Thumb Code     0  libshutdown2.o(.ARM.Collect$$libshutdown$$0000000C)
    __rt_entry                               0x00000301   Thumb Code     0  __rtentry.o(.ARM.Collect$$rtentry$$00000000)
    __rt_entry_presh_1                       0x00000301   Thumb Code     0  __rtentry2.o(.ARM.Collect$$rtentry$$00000002)
    __rt_entry_sh                            0x00000301   Thumb Code     0  __rtentry4.o(.ARM.Collect$$rtentry$$00000004)
    __rt_entry_li                            0x00000307   Thumb Code     0  __rtentry2.o(.ARM.Collect$$rtentry$$0000000A)
    __rt_entry_postsh_1                      0x00000307   Thumb Code     0  __rtentry2.o(.ARM.Collect$$rtentry$$00000009)
    __rt_entry_main                          0x0000030b   Thumb Code     0  __rtentry2.o(.ARM.Collect$$rtentry$$0000000D)
    __rt_entry_postli_1                      0x0000030b   Thumb Code     0  __rtentry2.o(.ARM.Collect$$rtentry$$0000000C)
    __rt_exit                                0x00000313   Thumb Code     0  rtexit.o(.ARM.Collect$$rtexit$$00000000)
    __rt_exit_ls                             0x00000315   Thumb Code     0  rtexit2.o(.ARM.Collect$$rtexit$$00000003)
    __rt_exit_prels_1                        0x00000315   Thumb Code     0  rtexit2.o(.ARM.Collect$$rtexit$$00000002)
    __rt_exit_exit                           0x00000319   Thumb Code     0  rtexit2.o(.ARM.Collect$$rtexit$$00000004)
    DisableInterrupts                        0x00000321   Thumb Code     0  startup.o(.text)
    EnableInterrupts                         0x00000325   Thumb Code     0  startup.o(.text)
    StartCritical                            0x00000329   Thumb Code     0  startup.o(.text)
    EndCritical                              0x00000331   Thumb Code     0  startup.o(.text)
    WaitForInterrupt                         0x00000337   Thumb Code     0  startup.o(.text)
    __user_initial_stackheap                 0x0000033b   Thumb Code     0  startup.o(.text)
    strcmp                                   0x00000351   Thumb Code   124  strcmpv7em.o(.text)
    __use_two_region_memory                  0x000003cd   Thumb Code     2  heapauxi.o(.text)
    __rt_heap_escrow$2region                 0x000003cf   Thumb Code     2  heapauxi.o(.text)
    __rt_heap_expand$2region                 0x000003d1   Thumb Code     2  heapauxi.o(.text)
    __user_setup_stackheap                   0x000003d3   Thumb Code    74  sys_stackheap_outer.o(.text)
    exit                                     0x0000041d   Thumb Code    18  exit.o(.text)
    __user_libspace                          0x00000431   Thumb Code     8  libspace.o(.text)
    __user_perproc_libspace                  0x00000431   Thumb Code     0  libspace.o(.text)
    __user_perthread_libspace                0x00000431   Thumb Code     0  libspace.o(.text)
    _sys_exit                                0x00000439   Thumb Code     8  sys_exit.o(.text)
    __I$use$semihosting                      0x00000445   Thumb Code     0  use_no_semi.o(.text)
    __use_no_semihosting_swi                 0x00000445   Thumb Code     2  use_no_semi.o(.text)
    __semihosting_library_function           0x00000447   Thumb Code     0  indicate_semi.o(.text)
    Distance                                 0x00000449   Thumb Code    16  lab2.o(.text.Distance)
    LCD_OutChar                              0x00000459   Thumb Code    36  lab2grader.o(.text.LCD_OutChar)
    OverLap                                  0x0000047d   Thumb Code    70  lab2.o(.text.OverLap)
    PLL_Init                                 0x000004c5   Thumb Code   106  pll.o(.text.PLL_Init)
    ST7735_DrawCharS                         0x00000531   Thumb Code   564  st7735.o(.text.ST7735_DrawCharS)
    ST7735_FillRect                          0x00000765   Thumb Code   200  st7735.o(.text.ST7735_FillRect)
    ST7735_FillScreen                        0x0000082d   Thumb Code    68  st7735.o(.text.ST7735_FillScreen)
    ST7735_InitR                             0x00000871   Thumb Code   312  st7735.o(.text.ST7735_InitR)
    ST7735_OutChar                           0x000009a9   Thumb Code   264  st7735.o(.text.ST7735_OutChar)
    ST7735_OutString                         0x00000ac9   Thumb Code    28  st7735.o(.text.ST7735_OutString)
    ST7735_SetCursor                         0x00000ae5   Thumb Code    32  st7735.o(.text.ST7735_SetCursor)
    SayHello                                 0x00000b05   Thumb Code    34  lab2.o(.text.SayHello)
    UART_Init                                0x00000b29   Thumb Code   132  uart.o(.text.UART_Init)
    UART_OutChar                             0x00000bad   Thumb Code    18  uart.o(.text.UART_OutChar)
    UART_OutSDec                             0x00000bc1   Thumb Code    36  uart.o(.text.UART_OutSDec)
    UART_OutString                           0x00000be5   Thumb Code    34  uart.o(.text.UART_OutString)
    UART_OutUDec                             0x00000c09   Thumb Code    58  uart.o(.text.UART_OutUDec)
    UART_OutUHex                             0x00000c45   Thumb Code    66  uart.o(.text.UART_OutUHex)
    main                                     0x00000ee1   Thumb Code  1792  lab2grader.o(.text.main)
    Hello                                    0x00001cc1   Data          32  lab2.o(.rodata.Hello)
    Region$$Table$$Base                      0x00001ea8   Number         0  anon$$obj.o(Region$$Table)
    Region$$Table$$Limit                     0x00001ec8   Number         0  anon$$obj.o(Region$$Table)
    EID                                      0x20000000   Data           9  lab2.o(.data.EID)
    Name                                     0x20000009   Data           4  lab2.o(.data.Name)
    StTextColor                              0x2000000e   Data           2  st7735.o(.data.StTextColor)
    __libspace_start                         0x20000010   Data          96  libspace.o(.bss)
    __temporary_stack_top$libspace           0x20000070   Data           0  libspace.o(.bss)
    M                                        0x20000074   Data           4  lab2grader.o(.bss.M)
    Mode                                     0x20000078   Data           4  lab2grader.o(.bss.Mode)
    Score                                    0x20000080   Data           4  lab2grader.o(.bss.Score)
    StX                                      0x20000084   Data           4  st7735.o(.bss.StX)
    StY                                      0x20000088   Data           4  st7735.o(.bss.StY)
    myDistance                               0x20000094   Data           4  lab2grader.o(.bss.myDistance)
    myOverLap                                0x20000098   Data           4  lab2grader.o(.bss.myOverLap)
    theBufCnt                                0x2000009c   Data           4  lab2grader.o(.bss.theBufCnt)
    theBuffer                                0x200000a0   Data           8  lab2grader.o(.bss.theBuffer)
    theRect1                                 0x200000a8   Data          16  lab2grader.o(.bss.theRect1)
    theRect2                                 0x200000b8   Data          16  lab2grader.o(.bss.theRect2)
    theX1                                    0x200000c8   Data           4  lab2grader.o(.bss.theX1)
    theX2                                    0x200000cc   Data           4  lab2grader.o(.bss.theX2)
    theY1                                    0x200000d0   Data           4  lab2grader.o(.bss.theY1)
    theY2                                    0x200000d4   Data           4  lab2grader.o(.bss.theY2)
    yourDistance                             0x200000d8   Data           4  lab2grader.o(.bss.yourDistance)
    yourOverLap                              0x200000dc   Data           4  lab2grader.o(.bss.yourOverLap)



==============================================================================

Memory Map of the image

  Image Entry point : 0x0000026d

  Load Region LR_1 (Base: 0x00000000, Size: 0x00001ed8, Max: 0xffffffff, ABSOLUTE)

    Execution Region ER_RO (Exec base: 0x00000000, Load base: 0x00000000, Size: 0x00001ec8, Max: 0xffffffff, ABSOLUTE)

    Exec Addr    Load Addr    Size         Type   Attr      Idx    E Section Name        Object

    0x00000000   0x00000000   0x00000284   Code   RO            3  * RESET               startup.o
    0x00000284   0x00000284   0x00000008   Code   RO          227  * !!!main             c_w.l(__main.o)
    0x0000028c   0x0000028c   0x00000034   Code   RO          392    !!!scatter          c_w.l(__scatter.o)
    0x000002c0   0x000002c0   0x0000001a   Code   RO          394    !!handler_copy      c_w.l(__scatter_copy.o)
    0x000002da   0x000002da   0x00000002   PAD
    0x000002dc   0x000002dc   0x0000001c   Code   RO          396    !!handler_zi        c_w.l(__scatter_zi.o)
    0x000002f8   0x000002f8   0x00000002   Code   RO          254    .ARM.Collect$$libinit$$00000000  c_w.l(libinit.o)
    0x000002fa   0x000002fa   0x00000000   Code   RO          261    .ARM.Collect$$libinit$$00000002  c_w.l(libinit2.o)
    0x000002fa   0x000002fa   0x00000000   Code   RO          263    .ARM.Collect$$libinit$$00000004  c_w.l(libinit2.o)
    0x000002fa   0x000002fa   0x00000000   Code   RO          265    .ARM.Collect$$libinit$$00000006  c_w.l(libinit2.o)
    0x000002fa   0x000002fa   0x00000000   Code   RO          268    .ARM.Collect$$libinit$$0000000C  c_w.l(libinit2.o)
    0x000002fa   0x000002fa   0x00000000   Code   RO          270    .ARM.Collect$$libinit$$0000000E  c_w.l(libinit2.o)
    0x000002fa   0x000002fa   0x00000000   Code   RO          272    .ARM.Collect$$libinit$$00000010  c_w.l(libinit2.o)
    0x000002fa   0x000002fa   0x00000000   Code   RO          275    .ARM.Collect$$libinit$$00000013  c_w.l(libinit2.o)
    0x000002fa   0x000002fa   0x00000000   Code   RO          277    .ARM.Collect$$libinit$$00000015  c_w.l(libinit2.o)
    0x000002fa   0x000002fa   0x00000000   Code   RO          279    .ARM.Collect$$libinit$$00000017  c_w.l(libinit2.o)
    0x000002fa   0x000002fa   0x00000000   Code   RO          281    .ARM.Collect$$libinit$$00000019  c_w.l(libinit2.o)
    0x000002fa   0x000002fa   0x00000000   Code   RO          283    .ARM.Collect$$libinit$$0000001B  c_w.l(libinit2.o)
    0x000002fa   0x000002fa   0x00000000   Code   RO          285    .ARM.Collect$$libinit$$0000001D  c_w.l(libinit2.o)
    0x000002fa   0x000002fa   0x00000000   Code   RO          287    .ARM.Collect$$libinit$$0000001F  c_w.l(libinit2.o)
    0x000002fa   0x000002fa   0x00000000   Code   RO          289    .ARM.Collect$$libinit$$00000021  c_w.l(libinit2.o)
    0x000002fa   0x000002fa   0x00000000   Code   RO          291    .ARM.Collect$$libinit$$00000023  c_w.l(libinit2.o)
    0x000002fa   0x000002fa   0x00000000   Code   RO          293    .ARM.Collect$$libinit$$00000025  c_w.l(libinit2.o)
    0x000002fa   0x000002fa   0x00000000   Code   RO          295    .ARM.Collect$$libinit$$00000027  c_w.l(libinit2.o)
    0x000002fa   0x000002fa   0x00000000   Code   RO          299    .ARM.Collect$$libinit$$0000002E  c_w.l(libinit2.o)
    0x000002fa   0x000002fa   0x00000000   Code   RO          301    .ARM.Collect$$libinit$$00000030  c_w.l(libinit2.o)
    0x000002fa   0x000002fa   0x00000000   Code   RO          303    .ARM.Collect$$libinit$$00000032  c_w.l(libinit2.o)
    0x000002fa   0x000002fa   0x00000000   Code   RO          305    .ARM.Collect$$libinit$$00000034  c_w.l(libinit2.o)
    0x000002fa   0x000002fa   0x00000002   Code   RO          306    .ARM.Collect$$libinit$$00000035  c_w.l(libinit2.o)
    0x000002fc   0x000002fc   0x00000002   Code   RO          328    .ARM.Collect$$libshutdown$$00000000  c_w.l(libshutdown.o)
    0x000002fe   0x000002fe   0x00000000   Code   RO          343    .ARM.Collect$$libshutdown$$00000002  c_w.l(libshutdown2.o)
    0x000002fe   0x000002fe   0x00000000   Code   RO          345    .ARM.Collect$$libshutdown$$00000004  c_w.l(libshutdown2.o)
    0x000002fe   0x000002fe   0x00000000   Code   RO          348    .ARM.Collect$$libshutdown$$00000007  c_w.l(libshutdown2.o)
    0x000002fe   0x000002fe   0x00000000   Code   RO          351    .ARM.Collect$$libshutdown$$0000000A  c_w.l(libshutdown2.o)
    0x000002fe   0x000002fe   0x00000000   Code   RO          353    .ARM.Collect$$libshutdown$$0000000C  c_w.l(libshutdown2.o)
    0x000002fe   0x000002fe   0x00000000   Code   RO          356    .ARM.Collect$$libshutdown$$0000000F  c_w.l(libshutdown2.o)
    0x000002fe   0x000002fe   0x00000002   Code   RO          357    .ARM.Collect$$libshutdown$$00000010  c_w.l(libshutdown2.o)
    0x00000300   0x00000300   0x00000000   Code   RO          229    .ARM.Collect$$rtentry$$00000000  c_w.l(__rtentry.o)
    0x00000300   0x00000300   0x00000000   Code   RO          231    .ARM.Collect$$rtentry$$00000002  c_w.l(__rtentry2.o)
    0x00000300   0x00000300   0x00000006   Code   RO          243    .ARM.Collect$$rtentry$$00000004  c_w.l(__rtentry4.o)
    0x00000306   0x00000306   0x00000000   Code   RO          233    .ARM.Collect$$rtentry$$00000009  c_w.l(__rtentry2.o)
    0x00000306   0x00000306   0x00000004   Code   RO          234    .ARM.Collect$$rtentry$$0000000A  c_w.l(__rtentry2.o)
    0x0000030a   0x0000030a   0x00000000   Code   RO          236    .ARM.Collect$$rtentry$$0000000C  c_w.l(__rtentry2.o)
    0x0000030a   0x0000030a   0x00000008   Code   RO          237    .ARM.Collect$$rtentry$$0000000D  c_w.l(__rtentry2.o)
    0x00000312   0x00000312   0x00000002   Code   RO          258    .ARM.Collect$$rtexit$$00000000  c_w.l(rtexit.o)
    0x00000314   0x00000314   0x00000000   Code   RO          308    .ARM.Collect$$rtexit$$00000002  c_w.l(rtexit2.o)
    0x00000314   0x00000314   0x00000004   Code   RO          309    .ARM.Collect$$rtexit$$00000003  c_w.l(rtexit2.o)
    0x00000318   0x00000318   0x00000006   Code   RO          310    .ARM.Collect$$rtexit$$00000004  c_w.l(rtexit2.o)
    0x0000031e   0x0000031e   0x00000002   PAD
    0x00000320   0x00000320   0x00000030   Code   RO            4    .text               startup.o
    0x00000350   0x00000350   0x0000007c   Code   RO          223    .text               c_w.l(strcmpv7em.o)
    0x000003cc   0x000003cc   0x00000006   Code   RO          225    .text               c_w.l(heapauxi.o)
    0x000003d2   0x000003d2   0x0000004a   Code   RO          245    .text               c_w.l(sys_stackheap_outer.o)
    0x0000041c   0x0000041c   0x00000012   Code   RO          247    .text               c_w.l(exit.o)
    0x0000042e   0x0000042e   0x00000002   PAD
    0x00000430   0x00000430   0x00000008   Code   RO          255    .text               c_w.l(libspace.o)
    0x00000438   0x00000438   0x0000000c   Code   RO          318    .text               c_w.l(sys_exit.o)
    0x00000444   0x00000444   0x00000002   Code   RO          333    .text               c_w.l(use_no_semi.o)
    0x00000446   0x00000446   0x00000000   Code   RO          335    .text               c_w.l(indicate_semi.o)
    0x00000446   0x00000446   0x00000002   PAD
    0x00000448   0x00000448   0x00000010   Code   RO           13    .text.Distance      lab2.o
    0x00000458   0x00000458   0x00000024   Code   RO           30    .text.LCD_OutChar   lab2grader.o
    0x0000047c   0x0000047c   0x00000046   Code   RO           15    .text.OverLap       lab2.o
    0x000004c2   0x000004c2   0x00000002   PAD
    0x000004c4   0x000004c4   0x0000006a   Code   RO           65    .text.PLL_Init      pll.o
    0x0000052e   0x0000052e   0x00000002   PAD
    0x00000530   0x00000530   0x00000234   Code   RO          108    .text.ST7735_DrawCharS  st7735.o
    0x00000764   0x00000764   0x000000c8   Code   RO           96    .text.ST7735_FillRect  st7735.o
    0x0000082c   0x0000082c   0x00000044   Code   RO           82    .text.ST7735_FillScreen  st7735.o
    0x00000870   0x00000870   0x00000138   Code   RO           84    .text.ST7735_InitR  st7735.o
    0x000009a8   0x000009a8   0x00000120   Code   RO          138    .text.ST7735_OutChar  st7735.o
    0x00000ac8   0x00000ac8   0x0000001c   Code   RO          140    .text.ST7735_OutString  st7735.o
    0x00000ae4   0x00000ae4   0x00000020   Code   RO           80    .text.ST7735_SetCursor  st7735.o
    0x00000b04   0x00000b04   0x00000022   Code   RO           17    .text.SayHello      lab2.o
    0x00000b26   0x00000b26   0x00000002   PAD
    0x00000b28   0x00000b28   0x00000084   Code   RO          192    .text.UART_Init     uart.o
    0x00000bac   0x00000bac   0x00000012   Code   RO          196    .text.UART_OutChar  uart.o
    0x00000bbe   0x00000bbe   0x00000002   PAD
    0x00000bc0   0x00000bc0   0x00000024   Code   RO          204    .text.UART_OutSDec  uart.o
    0x00000be4   0x00000be4   0x00000022   Code   RO          198    .text.UART_OutString  uart.o
    0x00000c06   0x00000c06   0x00000002   PAD
    0x00000c08   0x00000c08   0x0000003a   Code   RO          202    .text.UART_OutUDec  uart.o
    0x00000c42   0x00000c42   0x00000002   PAD
    0x00000c44   0x00000c44   0x00000042   Code   RO          208    .text.UART_OutUHex  uart.o
    0x00000c86   0x00000c86   0x00000002   PAD
    0x00000c88   0x00000c88   0x000000ac   Code   RO           86    .text.commandList   st7735.o
    0x00000d34   0x00000d34   0x000001ac   Code   RO           78    .text.commonInit    st7735.o
    0x00000ee0   0x00000ee0   0x000007a4   Code   RO           38    .text.main          lab2grader.o
    0x00001684   0x00001684   0x00000142   Code   RO           90    .text.setAddrWindow  st7735.o
    0x000017c6   0x000017c6   0x000004fb   Data   RO          175    .rodata.Font        st7735.o
    0x00001cc1   0x00001cc1   0x00000020   Data   RO           21    .rodata.Hello       lab2.o
    0x00001ce1   0x00001ce1   0x0000003b   Data   RO          164    .rodata.Rcmd1       st7735.o
    0x00001d1c   0x00001d1c   0x0000000d   Data   RO          165    .rodata.Rcmd2green  st7735.o
    0x00001d29   0x00001d29   0x0000000d   Data   RO          168    .rodata.Rcmd2red    st7735.o
    0x00001d36   0x00001d36   0x0000002b   Data   RO          169    .rodata.Rcmd3       st7735.o
    0x00001d61   0x00001d61   0x00000146   Data   RO           45    .rodata.str1.1      lab2grader.o
    0x00001ea7   0x00001ea7   0x00000001   PAD
    0x00001ea8   0x00001ea8   0x00000020   Data   RO          391    Region$$Table       anon$$obj.o


    Execution Region ER_RW (Exec base: 0x20000000, Load base: 0x00001ec8, Size: 0x00000010, Max: 0xffffffff, ABSOLUTE)

    Exec Addr    Load Addr    Size         Type   Attr      Idx    E Section Name        Object

    0x20000000   0x00001ec8   0x00000009   Data   RW           20    .data.EID           lab2.o
    0x20000009   0x00001ed1   0x00000004   Data   RW           19    .data.Name          lab2.o
    0x2000000d   0x00001ed5   0x00000001   PAD
    0x2000000e   0x00001ed6   0x00000002   Data   RW          162    .data.StTextColor   st7735.o


    Execution Region ER_ZI (Exec base: 0x20000010, Load base: 0x00001ed8, Size: 0x000004d0, Max: 0xffffffff, ABSOLUTE)

    Exec Addr    Load Addr    Size         Type   Attr      Idx    E Section Name        Object

    0x20000010        -       0x00000060   Zero   RW          256    .bss                c_w.l(libspace.o)
    0x20000070        -       0x00000001   Zero   RW          166    .bss.ColStart       st7735.o
    0x20000071   0x00001ed8   0x00000003   PAD
    0x20000074        -       0x00000004   Zero   RW           42    .bss.M              lab2grader.o
    0x20000078        -       0x00000004   Zero   RW           44    .bss.Mode           lab2grader.o
    0x2000007c        -       0x00000001   Zero   RW          167    .bss.RowStart       st7735.o
    0x2000007d   0x00001ed8   0x00000003   PAD
    0x20000080        -       0x00000004   Zero   RW           43    .bss.Score          lab2grader.o
    0x20000084        -       0x00000004   Zero   RW          160    .bss.StX            st7735.o
    0x20000088        -       0x00000004   Zero   RW          161    .bss.StY            st7735.o
    0x2000008c        -       0x00000001   Zero   RW          170    .bss.TabColor       st7735.o
    0x2000008d   0x00001ed8   0x00000001   PAD
    0x2000008e        -       0x00000001   Zero   RW          172    .bss._height        st7735.o
    0x2000008f   0x00001ed8   0x00000001   PAD
    0x20000090        -       0x00000001   Zero   RW          171    .bss._width         st7735.o
    0x20000091   0x00001ed8   0x00000003   PAD
    0x20000094        -       0x00000004   Zero   RW           50    .bss.myDistance     lab2grader.o
    0x20000098        -       0x00000004   Zero   RW           54    .bss.myOverLap      lab2grader.o
    0x2000009c        -       0x00000004   Zero   RW           40    .bss.theBufCnt      lab2grader.o
    0x200000a0        -       0x00000008   Zero   RW           41    .bss.theBuffer      lab2grader.o
    0x200000a8        -       0x00000010   Zero   RW           52    .bss.theRect1       lab2grader.o
    0x200000b8        -       0x00000010   Zero   RW           53    .bss.theRect2       lab2grader.o
    0x200000c8        -       0x00000004   Zero   RW           46    .bss.theX1          lab2grader.o
    0x200000cc        -       0x00000004   Zero   RW           47    .bss.theX2          lab2grader.o
    0x200000d0        -       0x00000004   Zero   RW           48    .bss.theY1          lab2grader.o
    0x200000d4        -       0x00000004   Zero   RW           49    .bss.theY2          lab2grader.o
    0x200000d8        -       0x00000004   Zero   RW           51    .bss.yourDistance   lab2grader.o
    0x200000dc        -       0x00000004   Zero   RW           55    .bss.yourOverLap    lab2grader.o
    0x200000e0        -       0x00000000   Zero   RW            2    HEAP                startup.o
    0x200000e0        -       0x00000400   Zero   RW            1    STACK               startup.o


==============================================================================

Image component sizes


      Code (inc. data)   RO Data    RW Data    ZI Data      Debug   Object Name

       120          0         32         13          0       2189   lab2.o
      1992        164        326          0         88       6445   lab2grader.o
       106          0          0          0          0        596   pll.o
      2414         24       1403          2         13      27445   st7735.o
       692        632          0          0       1024        964   startup.o
       344          0          0          0          0       3778   uart.o

    ----------------------------------------------------------------------
      5682        820       1794         16       1136      41417   Object Totals
         0          0         32          0          0          0   (incl. Generated)
        14          0          1          1         11          0   (incl. Padding)

    ----------------------------------------------------------------------

      Code (inc. data)   RO Data    RW Data    ZI Data      Debug   Library Member Name

         8          0          0          0          0         68   __main.o
         0          0          0          0          0          0   __rtentry.o
        12          0          0          0          0          0   __rtentry2.o
         6          0          0          0          0          0   __rtentry4.o
        52          8          0          0          0          0   __scatter.o
        26          0          0          0          0          0   __scatter_copy.o
        28          0          0          0          0          0   __scatter_zi.o
        18          0          0          0          0         80   exit.o
         6          0          0          0          0        152   heapauxi.o
         0          0          0          0          0          0   indicate_semi.o
         2          0          0          0          0          0   libinit.o
         2          0          0          0          0          0   libinit2.o
         2          0          0          0          0          0   libshutdown.o
         2          0          0          0          0          0   libshutdown2.o
         8          4          0          0         96         68   libspace.o
         2          0          0          0          0          0   rtexit.o
        10          0          0          0          0          0   rtexit2.o
       124          0          0          0          0         88   strcmpv7em.o
        12          4          0          0          0         68   sys_exit.o
        74          0          0          0          0         80   sys_stackheap_outer.o
         2          0          0          0          0         68   use_no_semi.o

    ----------------------------------------------------------------------
       404         16          0          0         96        672   Library Totals
         8          0          0          0          0          0   (incl. Padding)

    ----------------------------------------------------------------------

      Code (inc. data)   RO Data    RW Data    ZI Data      Debug   Library Name

       396         16          0          0         96        672   c_w.l

    ----------------------------------------------------------------------
       404         16          0          0         96        672   Library Totals

    ----------------------------------------------------------------------

==============================================================================


      Code (inc. data)   RO Data    RW Data    ZI Data      Debug   

      6086        836       1794         16       1232      41849   Grand Totals
      6086        836       1794         16       1232      41849   ELF Image Totals
      6086        836       1794         16          0          0   ROM Totals

==============================================================================

    Total RO  Size (Code + RO Data)                 7880 (   7.70kB)
    Total RW  Size (RW Data + ZI Data)              1248 (   1.22kB)
    Total ROM Size (Code + RO Data + RW Data)       7896 (   7.71kB)

==============================================================================

