Component: Arm Compiler for Embedded 6.19 Tool: armlink [5e73cb00]

==============================================================================

Section Cross References

    startup.o(STACK) refers (Special) to heapauxi.o(.text) for __use_two_region_memory
    startup.o(HEAP) refers (Special) to heapauxi.o(.text) for __use_two_region_memory
    startup.o(RESET) refers (Special) to heapauxi.o(.text) for __use_two_region_memory
    startup.o(RESET) refers to startup.o(STACK) for StackMem
    startup.o(RESET) refers to sound.o(.text.SysTick_Handler) for SysTick_Handler
    startup.o(RESET) refers to uart.o(.text) for UART0_Handler
    startup.o(RESET) refers to wave.o(.text.Timer2A_Handler) for Timer2A_Handler
    startup.o(RESET) refers to timer3a.o(.text.Timer3A_Handler) for Timer3A_Handler
    startup.o(RESET) refers to lab6grader.o(.text.Timer5A_Handler) for Timer5A_Handler
    startup.o(RESET) refers to __main.o(!!!main) for __main
    startup.o(.text) refers (Special) to heapauxi.o(.text) for __use_two_region_memory
    startup.o(.text) refers to startup.o(HEAP) for HeapMem
    startup.o(.text) refers to startup.o(STACK) for StackMem
    lab6grader.o(.ARM.exidx.text.Scope) refers to lab6grader.o(.text.Scope) for [Anonymous Symbol]
    lab6grader.o(.ARM.exidx.text.LogicAnalyzerA) refers to lab6grader.o(.text.LogicAnalyzerA) for [Anonymous Symbol]
    lab6grader.o(.ARM.exidx.text.LogicAnalyzerB) refers to lab6grader.o(.text.LogicAnalyzerB) for [Anonymous Symbol]
    lab6grader.o(.ARM.exidx.text.LogicAnalyzerC) refers to lab6grader.o(.text.LogicAnalyzerC) for [Anonymous Symbol]
    lab6grader.o(.ARM.exidx.text.LogicAnalyzerE) refers to lab6grader.o(.text.LogicAnalyzerE) for [Anonymous Symbol]
    lab6grader.o(.text.PeriodicTask2_Init) refers to lab6grader.o(.bss.PeriodicTask2) for PeriodicTask2
    lab6grader.o(.ARM.exidx.text.PeriodicTask2_Init) refers to lab6grader.o(.text.PeriodicTask2_Init) for [Anonymous Symbol]
    lab6grader.o(.text.Timer5A_Handler) refers to lab6grader.o(.bss.PeriodicTask2) for PeriodicTask2
    lab6grader.o(.ARM.exidx.text.Timer5A_Handler) refers to lab6grader.o(.text.Timer5A_Handler) for [Anonymous Symbol]
    lab6grader.o(.ARM.exidx.text.PeriodicTask2_Stop) refers to lab6grader.o(.text.PeriodicTask2_Stop) for [Anonymous Symbol]
    lab6grader.o(.ARM.exidx.text.UART0_Init) refers to lab6grader.o(.text.UART0_Init) for [Anonymous Symbol]
    lab6grader.o(.ARM.exidx.text.UART0_InChar) refers to lab6grader.o(.text.UART0_InChar) for [Anonymous Symbol]
    lab6grader.o(.ARM.exidx.text.UART0_OutChar) refers to lab6grader.o(.text.UART0_OutChar) for [Anonymous Symbol]
    lab6grader.o(.ARM.exidx.text.UART0_OutString) refers to lab6grader.o(.text.UART0_OutString) for [Anonymous Symbol]
    lab6grader.o(.ARM.exidx.text.OutCRLF0) refers to lab6grader.o(.text.OutCRLF0) for [Anonymous Symbol]
    lab6grader.o(.ARM.exidx.text.ADC1_Init) refers to lab6grader.o(.text.ADC1_Init) for [Anonymous Symbol]
    lab6grader.o(.text.OutNotesProblem) refers to lab6grader.o(.bss.NotesMode) for NotesMode
    lab6grader.o(.text.OutNotesProblem) refers to lab6grader.o(.rodata.NotesProblem) for NotesProblem
    lab6grader.o(.ARM.exidx.text.OutNotesProblem) refers to lab6grader.o(.text.OutNotesProblem) for [Anonymous Symbol]
    lab6grader.o(.text.CheckClock) refers to lab6grader.o(.bss.PortMode) for PortMode
    lab6grader.o(.text.CheckClock) refers to lab6grader.o(.rodata.ports) for ports
    lab6grader.o(.text.CheckClock) refers to lab6grader.o(.bss.Fail) for Fail
    lab6grader.o(.ARM.exidx.text.CheckClock) refers to lab6grader.o(.text.CheckClock) for [Anonymous Symbol]
    lab6grader.o(.text.CheckInitialization) refers to uart.o(.text) for UART_OutString
    lab6grader.o(.text.CheckInitialization) refers to lab6grader.o(.bss.PortMode) for PortMode
    lab6grader.o(.text.CheckInitialization) refers to lab6grader.o(.rodata.ports) for ports
    lab6grader.o(.text.CheckInitialization) refers to lab6grader.o(.bss.Fail) for Fail
    lab6grader.o(.text.CheckInitialization) refers to lab6grader.o(.rodata.str1.1) for .L.str.4
    lab6grader.o(.text.CheckInitialization) refers to lab6grader.o(.bss.Score) for Score
    lab6grader.o(.ARM.exidx.text.CheckInitialization) refers to lab6grader.o(.text.CheckInitialization) for [Anonymous Symbol]
    lab6grader.o(.text.ReadInput) refers to lab6grader.o(.bss.PortMode) for PortMode
    lab6grader.o(.text.ReadInput) refers to lab6grader.o(.rodata.ports) for ports
    lab6grader.o(.text.ReadInput) refers to lab6grader.o(.bss.Fail) for Fail
    lab6grader.o(.text.ReadInput) refers to lab6grader.o(.rodata.str1.1) for .L.str.1
    lab6grader.o(.text.ReadInput) refers to uart.o(.text) for UART_OutString
    lab6grader.o(.ARM.exidx.text.ReadInput) refers to lab6grader.o(.text.ReadInput) for [Anonymous Symbol]
    lab6grader.o(.text.ReadOutput) refers to lab6grader.o(.bss.PortMode) for PortMode
    lab6grader.o(.text.ReadOutput) refers to lab6grader.o(.rodata.ports) for ports
[...]
    lab6grader.o(.ARM.exidx.text.Random) refers to lab6grader.o(.text.Random) for [Anonymous Symbol]
    lab6grader.o(.ARM.exidx.text.setUpper) refers to lab6grader.o(.text.setUpper) for [Anonymous Symbol]
    lab6grader.o(.text.OutCRLF) refers to uart.o(.text) for UART_OutChar
    lab6grader.o(.ARM.exidx.text.OutCRLF) refers to lab6grader.o(.text.OutCRLF) for [Anonymous Symbol]
    lab6grader.o(.text.FFT) refers to lab6grader.o(.bss.Last16ADCresults) for Last16ADCresults
    lab6grader.o(.text.FFT) refers to lab6grader.o(.rodata.RMULTIPLIERS) for RMULTIPLIERS
    lab6grader.o(.text.FFT) refers to lab6grader.o(.rodata.IMULTIPLIERS) for IMULTIPLIERS
    lab6grader.o(.ARM.exidx.text.FFT) refers to lab6grader.o(.text.FFT) for [Anonymous Symbol]
    lab6grader.o(.text.Lab6Grader) refers to lab6grader.o(.bss.Fail) for Fail
    lab6grader.o(.text.Lab6Grader) refers to uart.o(.text) for UART_OutString
    lab6grader.o(.text.Lab6Grader) refers to lab6grader.o(.bss.Score) for Score
    lab6grader.o(.text.Lab6Grader) refers to timer3a.o(.text.Timer3A_Stop) for Timer3A_Stop
    lab6grader.o(.text.Lab6Grader) refers to lab6grader.o(.bss.SampleFlag) for SampleFlag
    lab6grader.o(.text.Lab6Grader) refers to lab6grader.o(.bss.SimulationFlag) for SimulationFlag
    lab6grader.o(.text.Lab6Grader) refers to lab6grader.o(.bss.Last16ADCindex) for Last16ADCindex
    lab6grader.o(.text.Lab6Grader) refers to lab6grader.o(.bss.PortMode) for PortMode
    lab6grader.o(.text.Lab6Grader) refers to lab6grader.o(.rodata.ports) for ports
    lab6grader.o(.text.Lab6Grader) refers to lab6grader.o(.bss.Time) for Time
    lab6grader.o(.text.Lab6Grader) refers to lab6grader.o(.text.CheckInitialization) for CheckInitialization
    lab6grader.o(.text.Lab6Grader) refers to lab6grader.o(.bss.State) for State
    lab6grader.o(.text.Lab6Grader) refers to lab6grader.o(.bss.Mask) for Mask
    lab6grader.o(.text.Lab6Grader) refers to lab6grader.o(.bss.Last16ADCresults) for Last16ADCresults
    lab6grader.o(.text.Lab6Grader) refers to lab6grader.o(.rodata.str1.1) for .L.str.1
    lab6grader.o(.text.Lab6Grader) refers to lab6grader.o(.bss.LastIn) for LastIn
    lab6grader.o(.text.Lab6Grader) refers to lab6grader.o(.bss.NotesMode) for NotesMode
    lab6grader.o(.text.Lab6Grader) refers to lab6grader.o(.rodata.NotesPeriod) for NotesPeriod
    lab6grader.o(.text.Lab6Grader) refers to lab6grader.o(.text.FFT) for FFT
    lab6grader.o(.ARM.exidx.text.Lab6Grader) refers to lab6grader.o(.text.Lab6Grader) for [Anonymous Symbol]
    lab6grader.o(.text.TExaS_Init) refers to startup.o(.text) for DisableInterrupts
    lab6grader.o(.text.TExaS_Init) refers to pll.o(i.PLL_Init) for PLL_Init
    lab6grader.o(.text.TExaS_Init) refers to lab6grader.o(.bss.M) for M
    lab6grader.o(.text.TExaS_Init) refers to lab6grader.o(.bss.Score) for Score
    lab6grader.o(.text.TExaS_Init) refers to lab6grader.o(.bss.State) for State
    lab6grader.o(.text.TExaS_Init) refers to lab6grader.o(.bss.Last16ADCindex) for Last16ADCindex
    lab6grader.o(.text.TExaS_Init) refers to lab6grader.o(.bss.Mask) for Mask
    lab6grader.o(.text.TExaS_Init) refers to lab6grader.o(.bss.SampleFlag) for SampleFlag
    lab6grader.o(.text.TExaS_Init) refers to lab6grader.o(.rodata.str1.1) for .L.str.12
    lab6grader.o(.text.TExaS_Init) refers to lab6.o(.data.EID1) for EID1
    lab6grader.o(.text.TExaS_Init) refers to memcmp.o(.text) for memcmp
    lab6grader.o(.text.TExaS_Init) refers to lab6.o(.data.EID2) for EID2
    lab6grader.o(.text.TExaS_Init) refers to lab6grader.o(.bss.PortMode) for PortMode
    lab6grader.o(.text.TExaS_Init) refers to lab6grader.o(.bss.NotesMode) for NotesMode
    lab6grader.o(.text.TExaS_Init) refers to lab6grader.o(.rodata.PortProblem) for PortProblem
    lab6grader.o(.text.TExaS_Init) refers to lab6grader.o(.rodata.NotesProblem) for NotesProblem
    lab6grader.o(.text.TExaS_Init) refers to lab6grader.o(.bss.PeriodicTask2) for PeriodicTask2
    lab6grader.o(.text.TExaS_Init) refers to lab6grader.o(.text.Scope) for Scope
    lab6grader.o(.text.TExaS_Init) refers to lab6grader.o(.text.LogicAnalyzerA) for LogicAnalyzerA
    lab6grader.o(.text.TExaS_Init) refers to lab6grader.o(.text.LogicAnalyzerB) for LogicAnalyzerB
    lab6grader.o(.text.TExaS_Init) refers to lab6grader.o(.text.LogicAnalyzerC) for LogicAnalyzerC
    lab6grader.o(.text.TExaS_Init) refers to lab6grader.o(.text.LogicAnalyzerE) for LogicAnalyzerE
    lab6grader.o(.text.TExaS_Init) refers to lab6grader.o(.bss.SimulationFlag) for SimulationFlag
    lab6grader.o(.text.TExaS_Init) refers to lab6grader.o(.bss.Time) for Time
    lab6grader.o(.text.TExaS_Init) refers to uart.o(.text) for UART_Init
    lab6grader.o(.text.TExaS_Init) refers to lab6grader.o(.text.Lab6Grader) for Lab6Grader
    lab6grader.o(.text.TExaS_Init) refers to timer3a.o(.text.Timer3A_Init) for Timer3A_Init
    lab6grader.o(.ARM.exidx.text.TExaS_Init) refers to lab6grader.o(.text.TExaS_Init) for [Anonymous Symbol]
    lab6grader.o(.ARM.exidx.text.TExaS_Stop) refers to lab6grader.o(.text.TExaS_Stop) for [Anonymous Symbol]
    sound.o(.text.Sound_Init) refers to dac.o(.text.DAC_Init) for DAC_Init
    sound.o(.ARM.exidx.text.Sound_Init) refers to sound.o(.text.Sound_Init) for [Anonymous Symbol]
    sound.o(.text.Sound_Start) refers to dac.o(.text.DAC_Init) for DAC_Init
    sound.o(.text.Sound_Start) refers to sound.o(.bss.Index) for Index
    sound.o(.ARM.exidx.text.Sound_Start) refers to sound.o(.text.Sound_Start) for [Anonymous Symbol]
    sound.o(.ARM.exidx.text.Sound_Voice) refers to sound.o(.text.Sound_Voice) for [Anonymous Symbol]
    sound.o(.ARM.exidx.text.Sound_Off) refers to sound.o(.text.Sound_Off) for [Anonymous Symbol]
    sound.o(.ARM.exidx.text.Sound_GetVoice) refers to sound.o(.text.Sound_GetVoice) for [Anonymous Symbol]
    sound.o(.text.SysTick_Handler) refers to sound.o(.bss.Index) for Index
    sound.o(.text.SysTick_Handler) refers to sound.o(.rodata.SineWave) for SineWave
    sound.o(.text.SysTick_Handler) refers to dac.o(.text.DAC_Out) for DAC_Out
    sound.o(.ARM.exidx.text.SysTick_Handler) refers to sound.o(.text.SysTick_Handler) for [Anonymous Symbol]
    key.o(.ARM.exidx.text.Key_Init) refers to key.o(.text.Key_Init) for [Anonymous Symbol]
    key.o(.ARM.exidx.text.Key_In) refers to key.o(.text.Key_In) for [Anonymous Symbol]
    key.o(.ARM.exidx.text.LaunchPad_Init) refers to key.o(.text.LaunchPad_Init) for [Anonymous Symbol]
    key.o(.ARM.exidx.text.LaunchPad_Input) refers to key.o(.text.LaunchPad_Input) for [Anonymous Symbol]
    key.o(.ARM.exidx.text.LaunchPad_Output) refers to key.o(.text.LaunchPad_Output) for [Anonymous Symbol]
    lab6.o(.text.voltmetermain) refers to startup.o(.text) for DisableInterrupts
    lab6.o(.text.voltmetermain) refers to lab6grader.o(.text.TExaS_Init) for TExaS_Init
    lab6.o(.text.voltmetermain) refers to key.o(.text.LaunchPad_Init) for LaunchPad_Init
    lab6.o(.text.voltmetermain) refers to dac.o(.text.DAC_Init) for DAC_Init
    lab6.o(.text.voltmetermain) refers to lab6.o(.rodata.Inputs) for Inputs
    lab6.o(.text.voltmetermain) refers to lab6.o(.bss.Testdata) for Testdata
    lab6.o(.text.voltmetermain) refers to dac.o(.text.DAC_Out) for DAC_Out
    lab6.o(.ARM.exidx.text.voltmetermain) refers to lab6.o(.text.voltmetermain) for [Anonymous Symbol]
    lab6.o(.text.staticmain) refers to lab6grader.o(.text.TExaS_Init) for TExaS_Init
    lab6.o(.text.staticmain) refers to key.o(.text.LaunchPad_Init) for LaunchPad_Init
    lab6.o(.text.staticmain) refers to dac.o(.text.DAC_Init) for DAC_Init
    lab6.o(.text.staticmain) refers to startup.o(.text) for EnableInterrupts
    lab6.o(.text.staticmain) refers to key.o(.text.LaunchPad_Input) for LaunchPad_Input
    lab6.o(.text.staticmain) refers to lab6.o(.rodata.Inputs) for Inputs
    lab6.o(.text.staticmain) refers to lab6.o(.bss.Testdata) for Testdata
    lab6.o(.text.staticmain) refers to dac.o(.text.DAC_Out) for DAC_Out
    lab6.o(.ARM.exidx.text.staticmain) refers to lab6.o(.text.staticmain) for [Anonymous Symbol]
    lab6.o(.text.main) refers to lab6grader.o(.text.TExaS_Init) for TExaS_Init
    lab6.o(.text.main) refers to key.o(.text.Key_Init) for Key_Init
    lab6.o(.text.main) refers to sound.o(.text.Sound_Init) for Sound_Init
    lab6.o(.text.main) refers to sound.o(.text.Sound_Start) for Sound_Start
    lab6.o(.text.main) refers to key.o(.text.Key_In) for Key_In
    lab6.o(.ARM.exidx.text.main) refers to lab6.o(.text.main) for [Anonymous Symbol]
    song.o(.ARM.exidx.text.Song_Init) refers to song.o(.text.Song_Init) for [Anonymous Symbol]
    song.o(.ARM.exidx.text.Song_Play) refers to song.o(.text.Song_Play) for [Anonymous Symbol]
    song.o(.ARM.exidx.text.Song_Stop) refers to song.o(.text.Song_Stop) for [Anonymous Symbol]
    wave.o(.ARM.exidx.text.Timer2A_Init) refers to wave.o(.text.Timer2A_Init) for [Anonymous Symbol]
    wave.o(.ARM.exidx.text.Timer2A_Start) refers to wave.o(.text.Timer2A_Start) for [Anonymous Symbol]
    wave.o(.ARM.exidx.text.Wave_Stop) refers to wave.o(.text.Wave_Stop) for [Anonymous Symbol]
    wave.o(.text.Wave_Init) refers to dac.o(.text.DAC_Init) for DAC_Init
    wave.o(.ARM.exidx.text.Wave_Init) refers to wave.o(.text.Wave_Init) for [Anonymous Symbol]
    wave.o(.ARM.exidx.text.Timer2A_Handler) refers to wave.o(.text.Timer2A_Handler) for [Anonymous Symbol]
    wave.o(.ARM.exidx.text.Wave_Start) refers to wave.o(.text.Wave_Start) for [Anonymous Symbol]
    wave.o(.ARM.exidx.text.Wave_Shoot) refers to wave.o(.text.Wave_Shoot) for [Anonymous Symbol]
    wave.o(.ARM.exidx.text.Wave_Killed) refers to wave.o(.text.Wave_Killed) for [Anonymous Symbol]
    wave.o(.ARM.exidx.text.Wave_Explosion) refers to wave.o(.text.Wave_Explosion) for [Anonymous Symbol]
    wave.o(.ARM.exidx.text.Wave_Highpitch) refers to wave.o(.text.Wave_Highpitch) for [Anonymous Symbol]
    dac.o(.ARM.exidx.text.DAC_Init) refers to dac.o(.text.DAC_Init) for [Anonymous Symbol]
    dac.o(.ARM.exidx.text.DAC_Out) refers to dac.o(.text.DAC_Out) for [Anonymous Symbol]
    timer3a.o(.text.Timer3A_Init) refers to timer3a.o(.bss.PeriodicTask3) for PeriodicTask3
    timer3a.o(.ARM.exidx.text.Timer3A_Init) refers to timer3a.o(.text.Timer3A_Init) for [Anonymous Symbol]
    timer3a.o(.text.Timer3A_Handler) refers to timer3a.o(.bss.PeriodicTask3) for PeriodicTask3
    timer3a.o(.ARM.exidx.text.Timer3A_Handler) refers to timer3a.o(.text.Timer3A_Handler) for [Anonymous Symbol]
    timer3a.o(.ARM.exidx.text.Timer3A_Stop) refers to timer3a.o(.text.Timer3A_Stop) for [Anonymous Symbol]
    uart.o(.text) refers to startup.o(.text) for StartCritical
    uart.o(.text) refers to uart.o(.data) for RxGetI
    uart.o(.text) refers to uart.o(.bss) for RxFifo
    __main.o(!!!main) refers to __rtentry.o(.ARM.Collect$$rtentry$$00000000) for __rt_entry
    __rtentry.o(.ARM.Collect$$rtentry$$00000000) refers (Special) to __rtentry2.o(.ARM.Collect$$rtentry$$0000000A) for __rt_entry_li
    __rtentry.o(.ARM.Collect$$rtentry$$00000000) refers (Special) to __rtentry2.o(.ARM.Collect$$rtentry$$0000000D) for __rt_entry_main
    __rtentry.o(.ARM.Collect$$rtentry$$00000000) refers (Special) to __rtentry2.o(.ARM.Collect$$rtentry$$0000000C) for __rt_entry_postli_1
    __rtentry.o(.ARM.Collect$$rtentry$$00000000) refers (Special) to __rtentry2.o(.ARM.Collect$$rtentry$$00000009) for __rt_entry_postsh_1
    __rtentry.o(.ARM.Collect$$rtentry$$00000000) refers (Special) to __rtentry2.o(.ARM.Collect$$rtentry$$00000002) for __rt_entry_presh_1
    __rtentry.o(.ARM.Collect$$rtentry$$00000000) refers (Special) to __rtentry4.o(.ARM.Collect$$rtentry$$00000004) for __rt_entry_sh
    __rtentry2.o(.ARM.Collect$$rtentry$$00000008) refers to boardinit2.o(.text) for _platform_post_stackheap_init
    __rtentry2.o(.ARM.Collect$$rtentry$$0000000A) refers to libinit.o(.ARM.Collect$$libinit$$00000000) for __rt_lib_init
    __rtentry2.o(.ARM.Collect$$rtentry$$0000000B) refers to boardinit3.o(.text) for _platform_post_lib_init
    __rtentry2.o(.ARM.Collect$$rtentry$$0000000D) refers to lab6.o(.text.main) for main
    __rtentry2.o(.ARM.Collect$$rtentry$$0000000D) refers to exit.o(.text) for exit
    __rtentry2.o(.ARM.exidx) refers to __rtentry2.o(.ARM.Collect$$rtentry$$00000001) for .ARM.Collect$$rtentry$$00000001
    __rtentry2.o(.ARM.exidx) refers to __rtentry2.o(.ARM.Collect$$rtentry$$00000008) for .ARM.Collect$$rtentry$$00000008
    __rtentry2.o(.ARM.exidx) refers to __rtentry2.o(.ARM.Collect$$rtentry$$0000000A) for .ARM.Collect$$rtentry$$0000000A
    __rtentry2.o(.ARM.exidx) refers to __rtentry2.o(.ARM.Collect$$rtentry$$0000000B) for .ARM.Collect$$rtentry$$0000000B
    __rtentry2.o(.ARM.exidx) refers to __rtentry2.o(.ARM.Collect$$rtentry$$0000000D) for .ARM.Collect$$rtentry$$0000000D
    __rtentry4.o(.ARM.Collect$$rtentry$$00000004) refers to sys_stackheap_outer.o(.text) for __user_setup_stackheap
    __rtentry4.o(.ARM.exidx) refers to __rtentry4.o(.ARM.Collect$$rtentry$$00000004) for .ARM.Collect$$rtentry$$00000004
    sys_stackheap_outer.o(.text) refers to libspace.o(.text) for __user_perproc_libspace
    sys_stackheap_outer.o(.text) refers to startup.o(.text) for __user_initial_stackheap
    exit.o(.text) refers to rtexit.o(.ARM.Collect$$rtexit$$00000000) for __rt_exit
    libinit.o(.ARM.Collect$$libinit$$00000000) refers (Special) to libinit2.o(.ARM.Collect$$libinit$$00000030) for __rt_lib_init_alloca_1
    libinit.o(.ARM.Collect$$libinit$$00000000) refers (Special) to libinit2.o(.ARM.Collect$$libinit$$0000002E) for __rt_lib_init_argv_1
    libinit.o(.ARM.Collect$$libinit$$00000000) refers (Special) to libinit2.o(.ARM.Collect$$libinit$$0000001D) for __rt_lib_init_atexit_1
    libinit.o(.ARM.Collect$$libinit$$00000000) refers (Special) to libinit2.o(.ARM.Collect$$libinit$$00000023) for __rt_lib_init_clock_1
    libinit.o(.ARM.Collect$$libinit$$00000000) refers (Special) to libinit2.o(.ARM.Collect$$libinit$$00000034) for __rt_lib_init_cpp_1
    libinit.o(.ARM.Collect$$libinit$$00000000) refers (Special) to libinit2.o(.ARM.Collect$$libinit$$00000032) for __rt_lib_init_exceptions_1
    libinit.o(.ARM.Collect$$libinit$$00000000) refers (Special) to libinit2.o(.ARM.Collect$$libinit$$00000002) for __rt_lib_init_fp_1
    libinit.o(.ARM.Collect$$libinit$$00000000) refers (Special) to libinit2.o(.ARM.Collect$$libinit$$00000021) for __rt_lib_init_fp_trap_1
    libinit.o(.ARM.Collect$$libinit$$00000000) refers (Special) to libinit2.o(.ARM.Collect$$libinit$$00000025) for __rt_lib_init_getenv_1
    libinit.o(.ARM.Collect$$libinit$$00000000) refers (Special) to libinit2.o(.ARM.Collect$$libinit$$0000000C) for __rt_lib_init_heap_1
    libinit.o(.ARM.Collect$$libinit$$00000000) refers (Special) to libinit2.o(.ARM.Collect$$libinit$$00000013) for __rt_lib_init_lc_collate_1
    libinit.o(.ARM.Collect$$libinit$$00000000) refers (Special) to libinit2.o(.ARM.Collect$$libinit$$00000015) for __rt_lib_init_lc_ctype_1
    libinit.o(.ARM.Collect$$libinit$$00000000) refers (Special) to libinit2.o(.ARM.Collect$$libinit$$00000017) for __rt_lib_init_lc_monetary_1
    libinit.o(.ARM.Collect$$libinit$$00000000) refers (Special) to libinit2.o(.ARM.Collect$$libinit$$00000019) for __rt_lib_init_lc_numeric_1
    libinit.o(.ARM.Collect$$libinit$$00000000) refers (Special) to libinit2.o(.ARM.Collect$$libinit$$0000001B) for __rt_lib_init_lc_time_1
    libinit.o(.ARM.Collect$$libinit$$00000000) refers (Special) to libinit2.o(.ARM.Collect$$libinit$$00000006) for __rt_lib_init_preinit_1
    libinit.o(.ARM.Collect$$libinit$$00000000) refers (Special) to libinit2.o(.ARM.Collect$$libinit$$00000010) for __rt_lib_init_rand_1
    libinit.o(.ARM.Collect$$libinit$$00000000) refers (Special) to libinit2.o(.ARM.Collect$$libinit$$00000004) for __rt_lib_init_relocate_pie_1
    libinit.o(.ARM.Collect$$libinit$$00000000) refers (Special) to libinit2.o(.ARM.Collect$$libinit$$00000035) for __rt_lib_init_return
    libinit.o(.ARM.Collect$$libinit$$00000000) refers (Special) to libinit2.o(.ARM.Collect$$libinit$$0000001F) for __rt_lib_init_signal_1
    libinit.o(.ARM.Collect$$libinit$$00000000) refers (Special) to libinit2.o(.ARM.Collect$$libinit$$00000027) for __rt_lib_init_stdio_1
    libinit.o(.ARM.Collect$$libinit$$00000000) refers (Special) to libinit2.o(.ARM.Collect$$libinit$$0000000E) for __rt_lib_init_user_alloc_1
    libspace.o(.text) refers to libspace.o(.bss) for __libspace_start
    rtexit.o(.ARM.Collect$$rtexit$$00000000) refers (Special) to rtexit2.o(.ARM.Collect$$rtexit$$00000004) for __rt_exit_exit
    rtexit.o(.ARM.Collect$$rtexit$$00000000) refers (Special) to rtexit2.o(.ARM.Collect$$rtexit$$00000003) for __rt_exit_ls
    rtexit.o(.ARM.Collect$$rtexit$$00000000) refers (Special) to rtexit2.o(.ARM.Collect$$rtexit$$00000002) for __rt_exit_prels_1
    rtexit.o(.ARM.exidx) refers (Special) to rtexit2.o(.ARM.Collect$$rtexit$$00000004) for __rt_exit_exit
    rtexit.o(.ARM.exidx) refers (Special) to rtexit2.o(.ARM.Collect$$rtexit$$00000003) for __rt_exit_ls
    rtexit.o(.ARM.exidx) refers (Special) to rtexit2.o(.ARM.Collect$$rtexit$$00000002) for __rt_exit_prels_1
    rtexit.o(.ARM.exidx) refers to rtexit.o(.ARM.Collect$$rtexit$$00000000) for .ARM.Collect$$rtexit$$00000000
    libinit2.o(.ARM.Collect$$libinit$$00000012) refers to libinit2.o(.ARM.Collect$$libinit$$00000011) for .ARM.Collect$$libinit$$00000011
    libinit2.o(.ARM.Collect$$libinit$$00000014) refers to libinit2.o(.ARM.Collect$$libinit$$00000011) for .ARM.Collect$$libinit$$00000011
    libinit2.o(.ARM.Collect$$libinit$$00000016) refers to libinit2.o(.ARM.Collect$$libinit$$00000011) for .ARM.Collect$$libinit$$00000011
    libinit2.o(.ARM.Collect$$libinit$$00000018) refers to libinit2.o(.ARM.Collect$$libinit$$00000011) for .ARM.Collect$$libinit$$00000011
    libinit2.o(.ARM.Collect$$libinit$$0000001A) refers to libinit2.o(.ARM.Collect$$libinit$$00000011) for .ARM.Collect$$libinit$$00000011
    libinit2.o(.ARM.Collect$$libinit$$00000028) refers to argv_veneer.o(.emb_text) for __ARM_argv_veneer
    libinit2.o(.ARM.Collect$$libinit$$00000029) refers to argv_veneer.o(.emb_text) for __ARM_argv_veneer
    rtexit2.o(.ARM.Collect$$rtexit$$00000003) refers to libshutdown.o(.ARM.Collect$$libshutdown$$00000000) for __rt_lib_shutdown
    rtexit2.o(.ARM.Collect$$rtexit$$00000004) refers to sys_exit.o(.text) for _sys_exit
    rtexit2.o(.ARM.exidx) refers to rtexit2.o(.ARM.Collect$$rtexit$$00000001) for .ARM.Collect$$rtexit$$00000001
    rtexit2.o(.ARM.exidx) refers to rtexit2.o(.ARM.Collect$$rtexit$$00000003) for .ARM.Collect$$rtexit$$00000003
    rtexit2.o(.ARM.exidx) refers to rtexit2.o(.ARM.Collect$$rtexit$$00000004) for .ARM.Collect$$rtexit$$00000004
    argv_veneer.o(.emb_text) refers to no_argv.o(.text) for __ARM_get_argv
    sys_exit.o(.text) refers (Special) to use_no_semi.o(.text) for __I$use$semihosting
    sys_exit.o(.text) refers (Special) to indicate_semi.o(.text) for __semihosting_library_function
    sys_exit_hlt.o(.text) refers (Special) to use_no_semi.o(.text) for __I$use$semihosting
    sys_exit_hlt.o(.text) refers (Special) to indicate_semi.o(.text) for __semihosting_library_function
    _get_argv_nomalloc.o(.text) refers (Special) to hrguard.o(.text) for __heap_region$guard
    _get_argv_nomalloc.o(.text) refers to defsig_rtmem_outer.o(.text) for __rt_SIGRTMEM
    _get_argv_nomalloc.o(.text) refers to sys_command.o(.text) for _sys_command_string
    libshutdown.o(.ARM.Collect$$libshutdown$$00000000) refers (Special) to libshutdown2.o(.ARM.Collect$$libshutdown$$00000002) for __rt_lib_shutdown_cpp_1
    libshutdown.o(.ARM.Collect$$libshutdown$$00000000) refers (Special) to libshutdown2.o(.ARM.Collect$$libshutdown$$00000007) for __rt_lib_shutdown_fp_trap_1
    libshutdown.o(.ARM.Collect$$libshutdown$$00000000) refers (Special) to libshutdown2.o(.ARM.Collect$$libshutdown$$0000000F) for __rt_lib_shutdown_heap_1
    libshutdown.o(.ARM.Collect$$libshutdown$$00000000) refers (Special) to libshutdown2.o(.ARM.Collect$$libshutdown$$00000010) for __rt_lib_shutdown_return
    libshutdown.o(.ARM.Collect$$libshutdown$$00000000) refers (Special) to libshutdown2.o(.ARM.Collect$$libshutdown$$0000000A) for __rt_lib_shutdown_signal_1
    libshutdown.o(.ARM.Collect$$libshutdown$$00000000) refers (Special) to libshutdown2.o(.ARM.Collect$$libshutdown$$00000004) for __rt_lib_shutdown_stdio_1
    libshutdown.o(.ARM.Collect$$libshutdown$$00000000) refers (Special) to libshutdown2.o(.ARM.Collect$$libshutdown$$0000000C) for __rt_lib_shutdown_user_alloc_1
    sys_command.o(.text) refers (Special) to use_no_semi.o(.text) for __I$use$semihosting
    sys_command.o(.text) refers (Special) to indicate_semi.o(.text) for __semihosting_library_function
    sys_command_hlt.o(.text) refers (Special) to use_no_semi.o(.text) for __I$use$semihosting
    sys_command_hlt.o(.text) refers (Special) to indicate_semi.o(.text) for __semihosting_library_function
    defsig_rtmem_outer.o(.text) refers to defsig_rtmem_inner.o(.text) for __rt_SIGRTMEM_inner
    defsig_rtmem_outer.o(.text) refers to defsig_exit.o(.text) for __sig_exit
    defsig_rtmem_formal.o(.text) refers to rt_raise.o(.text) for __rt_raise
    rt_raise.o(.text) refers to __raise.o(.text) for __raise
    rt_raise.o(.text) refers to sys_exit.o(.text) for _sys_exit
    defsig_exit.o(.text) refers to sys_exit.o(.text) for _sys_exit
    defsig_rtmem_inner.o(.text) refers to defsig_general.o(.text) for __default_signal_display
    __raise.o(.text) refers to defsig.o(CL$$defsig) for __default_signal_handler
    defsig_general.o(.text) refers to sys_wrch.o(.text) for _ttywrch
    sys_wrch.o(.text) refers (Special) to use_no_semi.o(.text) for __I$use$semihosting
    sys_wrch.o(.text) refers (Special) to indicate_semi.o(.text) for __semihosting_library_function
    sys_wrch_hlt.o(.text) refers (Special) to use_no_semi.o(.text) for __I$use$semihosting
    sys_wrch_hlt.o(.text) refers (Special) to indicate_semi.o(.text) for __semihosting_library_function
    defsig.o(CL$$defsig) refers to defsig_rtmem_inner.o(.text) for __rt_SIGRTMEM_inner
    defsig_abrt_inner.o(.text) refers to defsig_general.o(.text) for __default_signal_display
    defsig_fpe_inner.o(.text) refers to defsig_general.o(.text) for __default_signal_display
    defsig_rtred_inner.o(.text) refers to defsig_general.o(.text) for __default_signal_display
    defsig_stak_inner.o(.text) refers to defsig_general.o(.text) for __default_signal_display
    defsig_pvfn_inner.o(.text) refers to defsig_general.o(.text) for __default_signal_display
    defsig_cppl_inner.o(.text) refers to defsig_general.o(.text) for __default_signal_display
    defsig_segv_inner.o(.text) refers to defsig_general.o(.text) for __default_signal_display
    defsig_other.o(.text) refers to defsig_general.o(.text) for __default_signal_display


==============================================================================

Removing Unused input sections from the image.

    Removing lab6grader.o(.text), (0 bytes).
    Removing lab6grader.o(.ARM.exidx.text.Scope), (8 bytes).
    Removing lab6grader.o(.ARM.exidx.text.LogicAnalyzerA), (8 bytes).
    Removing lab6grader.o(.ARM.exidx.text.LogicAnalyzerB), (8 bytes).
    Removing lab6grader.o(.ARM.exidx.text.LogicAnalyzerC), (8 bytes).
    Removing lab6grader.o(.ARM.exidx.text.LogicAnalyzerE), (8 bytes).
    Removing lab6grader.o(.text.PeriodicTask2_Init), (184 bytes).
    Removing lab6grader.o(.ARM.exidx.text.PeriodicTask2_Init), (8 bytes).
    Removing lab6grader.o(.ARM.exidx.text.Timer5A_Handler), (8 bytes).
    Removing lab6grader.o(.text.PeriodicTask2_Stop), (44 bytes).
    Removing lab6grader.o(.ARM.exidx.text.PeriodicTask2_Stop), (8 bytes).
    Removing lab6grader.o(.text.UART0_Init), (122 bytes).
    Removing lab6grader.o(.ARM.exidx.text.UART0_Init), (8 bytes).
    Removing lab6grader.o(.text.UART0_InChar), (20 bytes).
    Removing lab6grader.o(.ARM.exidx.text.UART0_InChar), (8 bytes).
    Removing lab6grader.o(.text.UART0_OutChar), (18 bytes).
    Removing lab6grader.o(.ARM.exidx.text.UART0_OutChar), (8 bytes).
    Removing lab6grader.o(.text.UART0_OutString), (34 bytes).
    Removing lab6grader.o(.ARM.exidx.text.UART0_OutString), (8 bytes).
    Removing lab6grader.o(.text.OutCRLF0), (32 bytes).
    Removing lab6grader.o(.ARM.exidx.text.OutCRLF0), (8 bytes).
    Removing lab6grader.o(.text.ADC1_Init), (170 bytes).
    Removing lab6grader.o(.ARM.exidx.text.ADC1_Init), (8 bytes).
    Removing lab6grader.o(.text.OutNotesProblem), (80 bytes).
    Removing lab6grader.o(.ARM.exidx.text.OutNotesProblem), (8 bytes).
    Removing lab6grader.o(.text.CheckClock), (60 bytes).
    Removing lab6grader.o(.ARM.exidx.text.CheckClock), (8 bytes).
    Removing lab6grader.o(.ARM.exidx.text.CheckInitialization), (8 bytes).
    Removing lab6grader.o(.text.ReadInput), (84 bytes).
    Removing lab6grader.o(.ARM.exidx.text.ReadInput), (8 bytes).
    Removing lab6grader.o(.text.ReadOutput), (80 bytes).
    Removing lab6grader.o(.ARM.exidx.text.ReadOutput), (8 bytes).
    Removing lab6grader.o(.text.Random32), (34 bytes).
    Removing lab6grader.o(.ARM.exidx.text.Random32), (8 bytes).
    Removing lab6grader.o(.text.Random6), (36 bytes).
    Removing lab6grader.o(.ARM.exidx.text.Random6), (8 bytes).
    Removing lab6grader.o(.text.Random), (46 bytes).
    Removing lab6grader.o(.ARM.exidx.text.Random), (8 bytes).
    Removing lab6grader.o(.text.setUpper), (16 bytes).
    Removing lab6grader.o(.ARM.exidx.text.setUpper), (8 bytes).
    Removing lab6grader.o(.text.OutCRLF), (18 bytes).
    Removing lab6grader.o(.ARM.exidx.text.OutCRLF), (8 bytes).
    Removing lab6grader.o(.ARM.exidx.text.FFT), (8 bytes).
    Removing lab6grader.o(.ARM.exidx.text.Lab6Grader), (8 bytes).
    Removing lab6grader.o(.ARM.exidx.text.TExaS_Init), (8 bytes).
    Removing lab6grader.o(.text.TExaS_Stop), (44 bytes).
    Removing lab6grader.o(.ARM.exidx.text.TExaS_Stop), (8 bytes).
    Removing lab6grader.o(.bss.M6), (4 bytes).
    Removing sound.o(.text), (0 bytes).
    Removing sound.o(.ARM.exidx.text.Sound_Init), (8 bytes).
    Removing sound.o(.ARM.exidx.text.Sound_Start), (8 bytes).
    Removing sound.o(.text.Sound_Voice), (2 bytes).
    Removing sound.o(.ARM.exidx.text.Sound_Voice), (8 bytes).
    Removing sound.o(.text.Sound_Off), (2 bytes).
    Removing sound.o(.ARM.exidx.text.Sound_Off), (8 bytes).
    Removing sound.o(.text.Sound_GetVoice), (4 bytes).
    Removing sound.o(.ARM.exidx.text.Sound_GetVoice), (8 bytes).
    Removing sound.o(.ARM.exidx.text.SysTick_Handler), (8 bytes).
    Removing key.o(.text), (0 bytes).
    Removing key.o(.ARM.exidx.text.Key_Init), (8 bytes).
    Removing key.o(.ARM.exidx.text.Key_In), (8 bytes).
    Removing key.o(.text.LaunchPad_Init), (2 bytes).
    Removing key.o(.ARM.exidx.text.LaunchPad_Init), (8 bytes).
    Removing key.o(.text.LaunchPad_Input), (4 bytes).
    Removing key.o(.ARM.exidx.text.LaunchPad_Input), (8 bytes).
    Removing key.o(.text.LaunchPad_Output), (2 bytes).
    Removing key.o(.ARM.exidx.text.LaunchPad_Output), (8 bytes).
    Removing lab6.o(.text), (0 bytes).
    Removing lab6.o(.text.voltmetermain), (58 bytes).
    Removing lab6.o(.ARM.exidx.text.voltmetermain), (8 bytes).
    Removing lab6.o(.text.staticmain), (114 bytes).
    Removing lab6.o(.ARM.exidx.text.staticmain), (8 bytes).
    Removing lab6.o(.ARM.exidx.text.main), (8 bytes).
    Removing lab6.o(.rodata.Inputs), (64 bytes).
    Removing lab6.o(.bss.Testdata), (1 bytes).
    Removing lab6.o(.ARM.use_no_argv), (4 bytes).
    Removing song.o(.text), (0 bytes).
    Removing song.o(.text.Song_Init), (2 bytes).
    Removing song.o(.ARM.exidx.text.Song_Init), (8 bytes).
    Removing song.o(.text.Song_Play), (2 bytes).
    Removing song.o(.ARM.exidx.text.Song_Play), (8 bytes).
    Removing song.o(.text.Song_Stop), (2 bytes).
    Removing song.o(.ARM.exidx.text.Song_Stop), (8 bytes).
    Removing wave.o(.text), (0 bytes).
    Removing wave.o(.text.Timer2A_Init), (92 bytes).
    Removing wave.o(.ARM.exidx.text.Timer2A_Init), (8 bytes).
    Removing wave.o(.text.Timer2A_Start), (16 bytes).
    Removing wave.o(.ARM.exidx.text.Timer2A_Start), (8 bytes).
    Removing wave.o(.text.Wave_Stop), (16 bytes).
    Removing wave.o(.ARM.exidx.text.Wave_Stop), (8 bytes).
    Removing wave.o(.text.Wave_Init), (106 bytes).
    Removing wave.o(.ARM.exidx.text.Wave_Init), (8 bytes).
    Removing wave.o(.ARM.exidx.text.Timer2A_Handler), (8 bytes).
    Removing wave.o(.text.Wave_Start), (2 bytes).
    Removing wave.o(.ARM.exidx.text.Wave_Start), (8 bytes).
    Removing wave.o(.text.Wave_Shoot), (2 bytes).
    Removing wave.o(.ARM.exidx.text.Wave_Shoot), (8 bytes).
    Removing wave.o(.text.Wave_Killed), (2 bytes).
    Removing wave.o(.ARM.exidx.text.Wave_Killed), (8 bytes).
    Removing wave.o(.text.Wave_Explosion), (2 bytes).
    Removing wave.o(.ARM.exidx.text.Wave_Explosion), (8 bytes).
    Removing wave.o(.text.Wave_Highpitch), (2 bytes).
    Removing wave.o(.ARM.exidx.text.Wave_Highpitch), (8 bytes).
    Removing wave.o(.rodata.shoot), (4080 bytes).
    Removing wave.o(.rodata.invaderkilled), (3377 bytes).
    Removing wave.o(.rodata.explosion), (2000 bytes).
    Removing wave.o(.rodata.highpitch), (1802 bytes).
    Removing wave.o(.rodata.fastinvader1), (982 bytes).
    Removing wave.o(.rodata.fastinvader2), (1042 bytes).
    Removing wave.o(.rodata.fastinvader3), (1054 bytes).
    Removing wave.o(.rodata.fastinvader4), (1098 bytes).
    Removing dac.o(.text), (0 bytes).
    Removing dac.o(.ARM.exidx.text.DAC_Init), (8 bytes).
    Removing dac.o(.ARM.exidx.text.DAC_Out), (8 bytes).
    Removing timer3a.o(.text), (0 bytes).
    Removing timer3a.o(.ARM.exidx.text.Timer3A_Init), (8 bytes).
    Removing timer3a.o(.ARM.exidx.text.Timer3A_Handler), (8 bytes).
    Removing timer3a.o(.ARM.exidx.text.Timer3A_Stop), (8 bytes).

118 unused section(s) (total 17544 bytes) removed from the image.

==============================================================================

Image Symbol Table

    Local Symbols

    Symbol Name                              Value     Ov Type        Size  Object(Section)

    ../clib/angel/boardlib.s                 0x00000000   Number         0  boardinit1.o ABSOLUTE
    ../clib/angel/boardlib.s                 0x00000000   Number         0  boardinit2.o ABSOLUTE
    ../clib/angel/boardlib.s                 0x00000000   Number         0  boardinit3.o ABSOLUTE
    ../clib/angel/boardlib.s                 0x00000000   Number         0  boardshut.o ABSOLUTE
    ../clib/angel/handlers.s                 0x00000000   Number         0  __scatter_copy.o ABSOLUTE
    ../clib/angel/handlers.s                 0x00000000   Number         0  __scatter_zi.o ABSOLUTE
    ../clib/angel/kernel.s                   0x00000000   Number         0  __rtentry.o ABSOLUTE
    ../clib/angel/kernel.s                   0x00000000   Number         0  __rtentry2.o ABSOLUTE
    ../clib/angel/kernel.s                   0x00000000   Number         0  __rtentry4.o ABSOLUTE
    ../clib/angel/kernel.s                   0x00000000   Number         0  rtexit.o ABSOLUTE
    ../clib/angel/kernel.s                   0x00000000   Number         0  rtexit2.o ABSOLUTE
    ../clib/angel/rt.s                       0x00000000   Number         0  rt_raise.o ABSOLUTE
    ../clib/angel/scatter.s                  0x00000000   Number         0  __scatter.o ABSOLUTE
    ../clib/angel/startup.s                  0x00000000   Number         0  __main.o ABSOLUTE
    ../clib/angel/sys.s                      0x00000000   Number         0  sys_stackheap_outer.o ABSOLUTE
    ../clib/angel/sys.s                      0x00000000   Number         0  libspace.o ABSOLUTE
    ../clib/angel/sys.s                      0x00000000   Number         0  use_no_semi.o ABSOLUTE
    ../clib/angel/sys.s                      0x00000000   Number         0  indicate_semi.o ABSOLUTE
    ../clib/angel/sysapp.c                   0x00000000   Number         0  sys_exit.o ABSOLUTE
    ../clib/angel/sysapp.c                   0x00000000   Number         0  sys_exit_hlt.o ABSOLUTE
    ../clib/angel/sysapp.c                   0x00000000   Number         0  sys_command.o ABSOLUTE
    ../clib/angel/sysapp.c                   0x00000000   Number         0  sys_command_hlt.o ABSOLUTE
    ../clib/angel/sysapp.c                   0x00000000   Number         0  sys_wrch.o ABSOLUTE
    ../clib/angel/sysapp.c                   0x00000000   Number         0  sys_wrch_hlt.o ABSOLUTE
    ../clib/armsys.c                         0x00000000   Number         0  argv_veneer.o ABSOLUTE
    ../clib/armsys.c                         0x00000000   Number         0  argv_veneer.o ABSOLUTE
    ../clib/armsys.c                         0x00000000   Number         0  _get_argv_nomalloc.o ABSOLUTE
    ../clib/armsys.c                         0x00000000   Number         0  no_argv.o ABSOLUTE
    ../clib/heapalloc.c                      0x00000000   Number         0  hrguard.o ABSOLUTE
    ../clib/heapaux.c                        0x00000000   Number         0  heapauxi.o ABSOLUTE
    ../clib/libinit.s                        0x00000000   Number         0  libinit.o ABSOLUTE
    ../clib/libinit.s                        0x00000000   Number         0  libinit2.o ABSOLUTE
    ../clib/libinit.s                        0x00000000   Number         0  libshutdown.o ABSOLUTE
    ../clib/libinit.s                        0x00000000   Number         0  libshutdown2.o ABSOLUTE
    ../clib/signal.c                         0x00000000   Number         0  defsig_rtmem_outer.o ABSOLUTE
    ../clib/signal.c                         0x00000000   Number         0  defsig_rtmem_formal.o ABSOLUTE
    ../clib/signal.c                         0x00000000   Number         0  defsig_exit.o ABSOLUTE
    ../clib/signal.c                         0x00000000   Number         0  defsig_rtmem_inner.o ABSOLUTE
    ../clib/signal.c                         0x00000000   Number         0  __raise.o ABSOLUTE
    ../clib/signal.c                         0x00000000   Number         0  defsig_general.o ABSOLUTE
    ../clib/signal.c                         0x00000000   Number         0  defsig_abrt_inner.o ABSOLUTE
    ../clib/signal.c                         0x00000000   Number         0  defsig_fpe_inner.o ABSOLUTE
    ../clib/signal.c                         0x00000000   Number         0  defsig_rtred_inner.o ABSOLUTE
    ../clib/signal.c                         0x00000000   Number         0  defsig_stak_inner.o ABSOLUTE
    ../clib/signal.c                         0x00000000   Number         0  defsig_pvfn_inner.o ABSOLUTE
    ../clib/signal.c                         0x00000000   Number         0  defsig_cppl_inner.o ABSOLUTE
    ../clib/signal.c                         0x00000000   Number         0  defsig_segv_inner.o ABSOLUTE
    ../clib/signal.c                         0x00000000   Number         0  defsig_other.o ABSOLUTE
    ../clib/signal.s                         0x00000000   Number         0  defsig.o ABSOLUTE
    ../clib/stdlib.c                         0x00000000   Number         0  exit.o ABSOLUTE
    ../clib/string.c                         0x00000000   Number         0  memcmp.o ABSOLUTE
    ../fplib/fpinit.s                        0x00000000   Number         0  fpinit.o ABSOLUTE
    ../fplib/fpinit_empty.s                  0x00000000   Number         0  fpinit_empty.o ABSOLUTE
    DAC.c                                    0x00000000   Number         0  dac.o ABSOLUTE
    Key.c                                    0x00000000   Number         0  key.o ABSOLUTE
    Lab6.c                                   0x00000000   Number         0  lab6.o ABSOLUTE
    Lab6grader.c                             0x00000000   Number         0  lab6grader.o ABSOLUTE
    PLL.c                                    0x00000000   Number         0  pll.o ABSOLUTE
    Song.c                                   0x00000000   Number         0  song.o ABSOLUTE
    Sound.c                                  0x00000000   Number         0  sound.o ABSOLUTE
    Timer3A.c                                0x00000000   Number         0  timer3a.o ABSOLUTE
    UART.c                                   0x00000000   Number         0  uart.o ABSOLUTE
    dc.s                                     0x00000000   Number         0  dc.o ABSOLUTE
    startup.s                                0x00000000   Number         0  startup.o ABSOLUTE
    wave.c                                   0x00000000   Number         0  wave.o ABSOLUTE
    RESET                                    0x00000000   Section      644  startup.o(RESET)
    !!!main                                  0x00000284   Section        8  __main.o(!!!main)
    !!!scatter                               0x0000028c   Section       52  __scatter.o(!!!scatter)
    !!handler_copy                           0x000002c0   Section       26  __scatter_copy.o(!!handler_copy)
    !!handler_zi                             0x000002dc   Section       28  __scatter_zi.o(!!handler_zi)
    .ARM.Collect$$libinit$$00000000          0x000002f8   Section        2  libinit.o(.ARM.Collect$$libinit$$00000000)
    .ARM.Collect$$libinit$$00000002          0x000002fa   Section        0  libinit2.o(.ARM.Collect$$libinit$$00000002)
    .ARM.Collect$$libinit$$00000004          0x000002fa   Section        0  libinit2.o(.ARM.Collect$$libinit$$00000004)
    .ARM.Collect$$libinit$$00000006          0x000002fa   Section        0  libinit2.o(.ARM.Collect$$libinit$$00000006)
    .ARM.Collect$$libinit$$0000000C          0x000002fa   Section        0  libinit2.o(.ARM.Collect$$libinit$$0000000C)
    .ARM.Collect$$libinit$$0000000E          0x000002fa   Section        0  libinit2.o(.ARM.Collect$$libinit$$0000000E)
    .ARM.Collect$$libinit$$00000010          0x000002fa   Section        0  libinit2.o(.ARM.Collect$$libinit$$00000010)
    .ARM.Collect$$libinit$$00000013          0x000002fa   Section        0  libinit2.o(.ARM.Collect$$libinit$$00000013)
    .ARM.Collect$$libinit$$00000015          0x000002fa   Section        0  libinit2.o(.ARM.Collect$$libinit$$00000015)
    .ARM.Collect$$libinit$$00000017          0x000002fa   Section        0  libinit2.o(.ARM.Collect$$libinit$$00000017)
    .ARM.Collect$$libinit$$00000019          0x000002fa   Section        0  libinit2.o(.ARM.Collect$$libinit$$00000019)
    .ARM.Collect$$libinit$$0000001B          0x000002fa   Section        0  libinit2.o(.ARM.Collect$$libinit$$0000001B)
    .ARM.Collect$$libinit$$0000001D          0x000002fa   Section        0  libinit2.o(.ARM.Collect$$libinit$$0000001D)
    .ARM.Collect$$libinit$$0000001F          0x000002fa   Section        0  libinit2.o(.ARM.Collect$$libinit$$0000001F)
    .ARM.Collect$$libinit$$00000021          0x000002fa   Section        0  libinit2.o(.ARM.Collect$$libinit$$00000021)
    .ARM.Collect$$libinit$$00000023          0x000002fa   Section        0  libinit2.o(.ARM.Collect$$libinit$$00000023)
    .ARM.Collect$$libinit$$00000025          0x000002fa   Section        0  libinit2.o(.ARM.Collect$$libinit$$00000025)
    .ARM.Collect$$libinit$$00000027          0x000002fa   Section        0  libinit2.o(.ARM.Collect$$libinit$$00000027)
    .ARM.Collect$$libinit$$0000002E          0x000002fa   Section        0  libinit2.o(.ARM.Collect$$libinit$$0000002E)
    .ARM.Collect$$libinit$$00000030          0x000002fa   Section        0  libinit2.o(.ARM.Collect$$libinit$$00000030)
    .ARM.Collect$$libinit$$00000032          0x000002fa   Section        0  libinit2.o(.ARM.Collect$$libinit$$00000032)
    .ARM.Collect$$libinit$$00000034          0x000002fa   Section        0  libinit2.o(.ARM.Collect$$libinit$$00000034)
    .ARM.Collect$$libinit$$00000035          0x000002fa   Section        2  libinit2.o(.ARM.Collect$$libinit$$00000035)
    .ARM.Collect$$libshutdown$$00000000      0x000002fc   Section        2  libshutdown.o(.ARM.Collect$$libshutdown$$00000000)
    .ARM.Collect$$libshutdown$$00000002      0x000002fe   Section        0  libshutdown2.o(.ARM.Collect$$libshutdown$$00000002)
    .ARM.Collect$$libshutdown$$00000004      0x000002fe   Section        0  libshutdown2.o(.ARM.Collect$$libshutdown$$00000004)
    .ARM.Collect$$libshutdown$$00000007      0x000002fe   Section        0  libshutdown2.o(.ARM.Collect$$libshutdown$$00000007)
    .ARM.Collect$$libshutdown$$0000000A      0x000002fe   Section        0  libshutdown2.o(.ARM.Collect$$libshutdown$$0000000A)
    .ARM.Collect$$libshutdown$$0000000C      0x000002fe   Section        0  libshutdown2.o(.ARM.Collect$$libshutdown$$0000000C)
    .ARM.Collect$$libshutdown$$0000000F      0x000002fe   Section        0  libshutdown2.o(.ARM.Collect$$libshutdown$$0000000F)
    .ARM.Collect$$libshutdown$$00000010      0x000002fe   Section        2  libshutdown2.o(.ARM.Collect$$libshutdown$$00000010)
    .ARM.Collect$$rtentry$$00000000          0x00000300   Section        0  __rtentry.o(.ARM.Collect$$rtentry$$00000000)
    .ARM.Collect$$rtentry$$00000002          0x00000300   Section        0  __rtentry2.o(.ARM.Collect$$rtentry$$00000002)
    .ARM.Collect$$rtentry$$00000004          0x00000300   Section        6  __rtentry4.o(.ARM.Collect$$rtentry$$00000004)
    .ARM.Collect$$rtentry$$00000009          0x00000306   Section        0  __rtentry2.o(.ARM.Collect$$rtentry$$00000009)
    .ARM.Collect$$rtentry$$0000000A          0x00000306   Section        4  __rtentry2.o(.ARM.Collect$$rtentry$$0000000A)
    .ARM.Collect$$rtentry$$0000000C          0x0000030a   Section        0  __rtentry2.o(.ARM.Collect$$rtentry$$0000000C)
    .ARM.Collect$$rtentry$$0000000D          0x0000030a   Section        8  __rtentry2.o(.ARM.Collect$$rtentry$$0000000D)
    .ARM.Collect$$rtexit$$00000000           0x00000312   Section        2  rtexit.o(.ARM.Collect$$rtexit$$00000000)
    .ARM.Collect$$rtexit$$00000002           0x00000314   Section        0  rtexit2.o(.ARM.Collect$$rtexit$$00000002)
    .ARM.Collect$$rtexit$$00000003           0x00000314   Section        4  rtexit2.o(.ARM.Collect$$rtexit$$00000003)
    .ARM.Collect$$rtexit$$00000004           0x00000318   Section        6  rtexit2.o(.ARM.Collect$$rtexit$$00000004)
    .text                                    0x00000320   Section       48  startup.o(.text)
    .text                                    0x00000350   Section        0  uart.o(.text)
    copyHardwareToSoftware                   0x0000050b   Thumb Code    36  uart.o(.text)
    copySoftwareToHardware                   0x0000052f   Thumb Code    38  uart.o(.text)
    .text                                    0x0000078a   Section        0  memcmp.o(.text)
    .text                                    0x000007e2   Section        0  heapauxi.o(.text)
    .text                                    0x000007e8   Section       74  sys_stackheap_outer.o(.text)
    .text                                    0x00000832   Section        0  exit.o(.text)
    .text                                    0x00000844   Section        8  libspace.o(.text)
    .text                                    0x0000084c   Section        0  sys_exit.o(.text)
    .text                                    0x00000858   Section        2  use_no_semi.o(.text)
    .text                                    0x0000085a   Section        0  indicate_semi.o(.text)
    [Anonymous Symbol]                       0x0000085c   Section        0  lab6grader.o(.text.CheckInitialization)
    [Anonymous Symbol]                       0x00000994   Section        0  dac.o(.text.DAC_Init)
    [Anonymous Symbol]                       0x000009cc   Section        0  dac.o(.text.DAC_Out)
    [Anonymous Symbol]                       0x000009d8   Section        0  lab6grader.o(.text.FFT)
    [Anonymous Symbol]                       0x00000cc4   Section        0  key.o(.text.Key_In)
    [Anonymous Symbol]                       0x00000cd0   Section        0  key.o(.text.Key_Init)
    [Anonymous Symbol]                       0x00000d08   Section        0  lab6grader.o(.text.Lab6Grader)
    [Anonymous Symbol]                       0x00001068   Section        0  lab6grader.o(.text.LogicAnalyzerA)
    [Anonymous Symbol]                       0x00001084   Section        0  lab6grader.o(.text.LogicAnalyzerB)
    [Anonymous Symbol]                       0x000010a0   Section        0  lab6grader.o(.text.LogicAnalyzerC)
    [Anonymous Symbol]                       0x000010bc   Section        0  lab6grader.o(.text.LogicAnalyzerE)
    [Anonymous Symbol]                       0x000010d8   Section        0  lab6grader.o(.text.Scope)
    [Anonymous Symbol]                       0x000010f0   Section        0  sound.o(.text.Sound_Init)
    [Anonymous Symbol]                       0x0000115c   Section        0  sound.o(.text.Sound_Start)
    [Anonymous Symbol]                       0x00001194   Section        0  sound.o(.text.SysTick_Handler)
    [Anonymous Symbol]                       0x000011c8   Section        0  lab6grader.o(.text.TExaS_Init)
    [Anonymous Symbol]                       0x0000181c   Section        0  wave.o(.text.Timer2A_Handler)
    [Anonymous Symbol]                       0x0000182c   Section        0  timer3a.o(.text.Timer3A_Handler)
    [Anonymous Symbol]                       0x00001844   Section        0  timer3a.o(.text.Timer3A_Init)
    [Anonymous Symbol]                       0x000018b8   Section        0  timer3a.o(.text.Timer3A_Stop)
    [Anonymous Symbol]                       0x000018d4   Section        0  lab6grader.o(.text.Timer5A_Handler)
    [Anonymous Symbol]                       0x000018ec   Section        0  lab6.o(.text.main)
    i.PLL_Init                               0x0000194c   Section        0  pll.o(i.PLL_Init)
    .L.str.5                                 0x00001e68   Data          16  lab6grader.o(.rodata.str1.1)
    [Anonymous Symbol]                       0x00001e68   Section        0  lab6grader.o(.rodata.str1.1)
    .L.str.16                                0x00001e78   Data          44  lab6grader.o(.rodata.str1.1)
    .L.str.1                                 0x00001ea4   Data          26  lab6grader.o(.rodata.str1.1)
    .L.str.4                                 0x00001ebe   Data          50  lab6grader.o(.rodata.str1.1)
    .L.str.12                                0x00001ef0   Data          21  lab6grader.o(.rodata.str1.1)
    .L.str.13                                0x00001f05   Data           7  lab6grader.o(.rodata.str1.1)
    .L.str.14                                0x00001f0c   Data           6  lab6grader.o(.rodata.str1.1)
    .L.str.15                                0x00001f12   Data           8  lab6grader.o(.rodata.str1.1)
    .data                                    0x20000000   Section       16  uart.o(.data)
    RxFifo                                   0x20000028   Data          64  uart.o(.bss)
    .bss                                     0x20000028   Section      128  uart.o(.bss)
    TxFifo                                   0x20000068   Data          64  uart.o(.bss)
    .bss                                     0x200000a8   Section       96  libspace.o(.bss)
    Fail                                     0x20000108   Data           1  lab6grader.o(.bss.Fail)
    [Anonymous Symbol]                       0x20000108   Section        0  lab6grader.o(.bss.Fail)
    NotesMode                                0x2000015c   Data           4  lab6grader.o(.bss.NotesMode)
    [Anonymous Symbol]                       0x2000015c   Section        0  lab6grader.o(.bss.NotesMode)
    PortMode                                 0x20000168   Data           4  lab6grader.o(.bss.PortMode)
    [Anonymous Symbol]                       0x20000168   Section        0  lab6grader.o(.bss.PortMode)
    Score                                    0x20000170   Data           4  lab6grader.o(.bss.Score)
    [Anonymous Symbol]                       0x20000170   Section        0  lab6grader.o(.bss.Score)
    Time                                     0x2000017c   Data           4  lab6grader.o(.bss.Time)
    [Anonymous Symbol]                       0x2000017c   Section        0  lab6grader.o(.bss.Time)
    HeapMem                                  0x20000180   Data           0  startup.o(HEAP)
    StackMem                                 0x20000180   Data           0  startup.o(STACK)
    HEAP                                     0x20000180   Section        0  startup.o(HEAP)
    STACK                                    0x20000180   Section     1024  startup.o(STACK)

    Global Symbols

    Symbol Name                              Value     Ov Type        Size  Object(Section)

    BuildAttributes$$THM_ISAv4$E$P$D$K$B$S$7EM$PE$A:L22UL41UL21$X:L11$S22US41US21$IEEE1$IW$~IW$USESV6$~STKCKD$USESV7$~SHL$OTIME$ROPI$EBA8$UX$STANDARDLIB$REQ8$PRES8$EABIv2 0x00000000   Number         0  anon$$obj.o ABSOLUTE
    __Vectors                                0x00000000   Data           0  startup.o(RESET)
    __fp_init_empty                          0x00000000   Number         0  fpinit_empty.o ABSOLUTE
    __ARM_exceptions_init                     - Undefined Weak Reference
    __alloca_initialize                       - Undefined Weak Reference
    __arm_preinit_                            - Undefined Weak Reference
    __arm_relocate_pie_                       - Undefined Weak Reference
    __cpp_initialize__aeabi_                  - Undefined Weak Reference
    __cxa_finalize                            - Undefined Weak Reference
    __rt_locale                               - Undefined Weak Reference
    __sigvec_lookup                           - Undefined Weak Reference
    _atexit_init                              - Undefined Weak Reference
    _call_atexit_fns                          - Undefined Weak Reference
    _clock_init                               - Undefined Weak Reference
    _fp_trap_init                             - Undefined Weak Reference
    _fp_trap_shutdown                         - Undefined Weak Reference
    _get_lc_collate                           - Undefined Weak Reference
    _get_lc_ctype                             - Undefined Weak Reference
    _get_lc_monetary                          - Undefined Weak Reference
    _get_lc_numeric                           - Undefined Weak Reference
    _get_lc_time                              - Undefined Weak Reference
    _getenv_init                              - Undefined Weak Reference
    _handle_redirection                       - Undefined Weak Reference
    _init_alloc                               - Undefined Weak Reference
    _init_user_alloc                          - Undefined Weak Reference
    _initio                                   - Undefined Weak Reference
    _rand_init                                - Undefined Weak Reference
    _signal_finish                            - Undefined Weak Reference
    _signal_init                              - Undefined Weak Reference
    _terminate_alloc                          - Undefined Weak Reference
    _terminate_user_alloc                     - Undefined Weak Reference
    _terminateio                              - Undefined Weak Reference
    Reset_Handler                            0x0000026d   Thumb Code     0  startup.o(RESET)
    NMI_Handler                              0x00000271   Thumb Code     2  startup.o(RESET)
    HardFault_Handler                        0x00000273   Thumb Code     2  startup.o(RESET)
    MemManage_Handler                        0x00000275   Thumb Code     2  startup.o(RESET)
    BusFault_Handler                         0x00000277   Thumb Code     2  startup.o(RESET)
    UsageFault_Handler                       0x00000279   Thumb Code     2  startup.o(RESET)
    SVC_Handler                              0x0000027b   Thumb Code     2  startup.o(RESET)
    DebugMon_Handler                         0x0000027d   Thumb Code     2  startup.o(RESET)
    PendSV_Handler                           0x0000027f   Thumb Code     2  startup.o(RESET)
    ADC0Seq0_Handler                         0x00000283   Thumb Code     0  startup.o(RESET)
    ADC0Seq1_Handler                         0x00000283   Thumb Code     0  startup.o(RESET)
    ADC0Seq2_Handler                         0x00000283   Thumb Code     0  startup.o(RESET)
    ADC0Seq3_Handler                         0x00000283   Thumb Code     0  startup.o(RESET)
    ADC1Seq0_Handler                         0x00000283   Thumb Code     0  startup.o(RESET)
    ADC1Seq1_Handler                         0x00000283   Thumb Code     0  startup.o(RESET)
    ADC1Seq2_Handler                         0x00000283   Thumb Code     0  startup.o(RESET)
    ADC1Seq3_Handler                         0x00000283   Thumb Code     0  startup.o(RESET)
    CAN0_Handler                             0x00000283   Thumb Code     0  startup.o(RESET)
    CAN1_Handler                             0x00000283   Thumb Code     0  startup.o(RESET)
    CAN2_Handler                             0x00000283   Thumb Code     0  startup.o(RESET)
    Comp0_Handler                            0x00000283   Thumb Code     0  startup.o(RESET)
    Comp1_Handler                            0x00000283   Thumb Code     0  startup.o(RESET)
    Comp2_Handler                            0x00000283   Thumb Code     0  startup.o(RESET)
    Ethernet_Handler                         0x00000283   Thumb Code     0  startup.o(RESET)
    ExtBus_Handler                           0x00000283   Thumb Code     0  startup.o(RESET)
    FPU_Handler                              0x00000283   Thumb Code     0  startup.o(RESET)
    Fan0_Handler                             0x00000283   Thumb Code     0  startup.o(RESET)
    FlashCtl_Handler                         0x00000283   Thumb Code     0  startup.o(RESET)
    GPIOPortA_Handler                        0x00000283   Thumb Code     0  startup.o(RESET)
    GPIOPortB_Handler                        0x00000283   Thumb Code     0  startup.o(RESET)
    GPIOPortC_Handler                        0x00000283   Thumb Code     0  startup.o(RESET)
    GPIOPortD_Handler                        0x00000283   Thumb Code     0  startup.o(RESET)
    GPIOPortE_Handler                        0x00000283   Thumb Code     0  startup.o(RESET)
    GPIOPortF_Handler                        0x00000283   Thumb Code     0  startup.o(RESET)
    GPIOPortG_Handler                        0x00000283   Thumb Code     0  startup.o(RESET)
    GPIOPortH_Handler                        0x00000283   Thumb Code     0  startup.o(RESET)
    GPIOPortJ_Handler                        0x00000283   Thumb Code     0  startup.o(RESET)
    GPIOPortK_Handler                        0x00000283   Thumb Code     0  startup.o(RESET)
    GPIOPortL_Handler                        0x00000283   Thumb Code     0  startup.o(RESET)
    GPIOPortM_Handler                        0x00000283   Thumb Code     0  startup.o(RESET)
    GPIOPortN_Handler                        0x00000283   Thumb Code     0  startup.o(RESET)
    GPIOPortP1_Handler                       0x00000283   Thumb Code     0  startup.o(RESET)
    GPIOPortP2_Handler                       0x00000283   Thumb Code     0  startup.o(RESET)
    GPIOPortP3_Handler                       0x00000283   Thumb Code     0  startup.o(RESET)
    GPIOPortP4_Handler                       0x00000283   Thumb Code     0  startup.o(RESET)
    GPIOPortP5_Handler                       0x00000283   Thumb Code     0  startup.o(RESET)
    GPIOPortP6_Handler                       0x00000283   Thumb Code     0  startup.o(RESET)
    GPIOPortP7_Handler                       0x00000283   Thumb Code     0  startup.o(RESET)
    GPIOPortP_Handler                        0x00000283   Thumb Code     0  startup.o(RESET)
    GPIOPortQ1_Handler                       0x00000283   Thumb Code     0  startup.o(RESET)
    GPIOPortQ2_Handler                       0x00000283   Thumb Code     0  startup.o(RESET)
    GPIOPortQ3_Handler                       0x00000283   Thumb Code     0  startup.o(RESET)
    GPIOPortQ4_Handler                       0x00000283   Thumb Code     0  startup.o(RESET)
    GPIOPortQ5_Handler                       0x00000283   Thumb Code     0  startup.o(RESET)
    GPIOPortQ6_Handler                       0x00000283   Thumb Code     0  startup.o(RESET)
    GPIOPortQ7_Handler                       0x00000283   Thumb Code     0  startup.o(RESET)
    GPIOPortQ_Handler                        0x00000283   Thumb Code     0  startup.o(RESET)
    GPIOPortR_Handler                        0x00000283   Thumb Code     0  startup.o(RESET)
    GPIOPortS_Handler                        0x00000283   Thumb Code     0  startup.o(RESET)
    Hibernate_Handler                        0x00000283   Thumb Code     0  startup.o(RESET)
    I2C0_Handler                             0x00000283   Thumb Code     0  startup.o(RESET)
    I2C1_Handler                             0x00000283   Thumb Code     0  startup.o(RESET)
    I2C2_Handler                             0x00000283   Thumb Code     0  startup.o(RESET)
    I2C3_Handler                             0x00000283   Thumb Code     0  startup.o(RESET)
    I2C4_Handler                             0x00000283   Thumb Code     0  startup.o(RESET)
    I2C5_Handler                             0x00000283   Thumb Code     0  startup.o(RESET)
    I2S0_Handler                             0x00000283   Thumb Code     0  startup.o(RESET)
    LPC0_Handler                             0x00000283   Thumb Code     0  startup.o(RESET)
    PECI0_Handler                            0x00000283   Thumb Code     0  startup.o(RESET)
    PWM0Fault_Handler                        0x00000283   Thumb Code     0  startup.o(RESET)
    PWM0Generator0_Handler                   0x00000283   Thumb Code     0  startup.o(RESET)
    PWM0Generator1_Handler                   0x00000283   Thumb Code     0  startup.o(RESET)
    PWM0Generator2_Handler                   0x00000283   Thumb Code     0  startup.o(RESET)
    PWM0Generator3_Handler                   0x00000283   Thumb Code     0  startup.o(RESET)
    PWM1Fault_Handler                        0x00000283   Thumb Code     0  startup.o(RESET)
    PWM1Generator0_Handler                   0x00000283   Thumb Code     0  startup.o(RESET)
    PWM1Generator1_Handler                   0x00000283   Thumb Code     0  startup.o(RESET)
    PWM1Generator2_Handler                   0x00000283   Thumb Code     0  startup.o(RESET)
    PWM1Generator3_Handler                   0x00000283   Thumb Code     0  startup.o(RESET)
    Quadrature0_Handler                      0x00000283   Thumb Code     0  startup.o(RESET)
    Quadrature1_Handler                      0x00000283   Thumb Code     0  startup.o(RESET)
    Quadrature2_Handler                      0x00000283   Thumb Code     0  startup.o(RESET)
    SSI0_Handler                             0x00000283   Thumb Code     0  startup.o(RESET)
    SSI1_Handler                             0x00000283   Thumb Code     0  startup.o(RESET)
    SSI2_Handler                             0x00000283   Thumb Code     0  startup.o(RESET)
    SSI3_Handler                             0x00000283   Thumb Code     0  startup.o(RESET)
    SysCtl_Handler                           0x00000283   Thumb Code     0  startup.o(RESET)
    Timer0A_Handler                          0x00000283   Thumb Code     0  startup.o(RESET)
    Timer0B_Handler                          0x00000283   Thumb Code     0  startup.o(RESET)
    Timer1A_Handler                          0x00000283   Thumb Code     0  startup.o(RESET)
    Timer1B_Handler                          0x00000283   Thumb Code     0  startup.o(RESET)
    Timer2B_Handler                          0x00000283   Thumb Code     0  startup.o(RESET)
    Timer3B_Handler                          0x00000283   Thumb Code     0  startup.o(RESET)
    Timer4A_Handler                          0x00000283   Thumb Code     0  startup.o(RESET)
    Timer4B_Handler                          0x00000283   Thumb Code     0  startup.o(RESET)
    Timer5B_Handler                          0x00000283   Thumb Code     0  startup.o(RESET)
    UART1_Handler                            0x00000283   Thumb Code     0  startup.o(RESET)
    UART2_Handler                            0x00000283   Thumb Code     0  startup.o(RESET)
    UART3_Handler                            0x00000283   Thumb Code     0  startup.o(RESET)
    UART4_Handler                            0x00000283   Thumb Code     0  startup.o(RESET)
    UART5_Handler                            0x00000283   Thumb Code     0  startup.o(RESET)
    UART6_Handler                            0x00000283   Thumb Code     0  startup.o(RESET)
    UART7_Handler                            0x00000283   Thumb Code     0  startup.o(RESET)
    USB0_Handler                             0x00000283   Thumb Code     0  startup.o(RESET)
    WDT_Handler                              0x00000283   Thumb Code     0  startup.o(RESET)
    WideTimer0A_Handler                      0x00000283   Thumb Code     0  startup.o(RESET)
    WideTimer0B_Handler                      0x00000283   Thumb Code     0  startup.o(RESET)
    WideTimer1A_Handler                      0x00000283   Thumb Code     0  startup.o(RESET)
    WideTimer1B_Handler                      0x00000283   Thumb Code     0  startup.o(RESET)
    WideTimer2A_Handler                      0x00000283   Thumb Code     0  startup.o(RESET)
    WideTimer2B_Handler                      0x00000283   Thumb Code     0  startup.o(RESET)
    WideTimer3A_Handler                      0x00000283   Thumb Code     0  startup.o(RESET)
    WideTimer3B_Handler                      0x00000283   Thumb Code     0  startup.o(RESET)
    WideTimer4A_Handler                      0x00000283   Thumb Code     0  startup.o(RESET)
    WideTimer4B_Handler                      0x00000283   Thumb Code     0  startup.o(RESET)
    WideTimer5A_Handler                      0x00000283   Thumb Code     0  startup.o(RESET)
    WideTimer5B_Handler                      0x00000283   Thumb Code     0  startup.o(RESET)
    uDMA_Error                               0x00000283   Thumb Code     0  startup.o(RESET)
    uDMA_Handler                             0x00000283   Thumb Code     0  startup.o(RESET)
    __main                                   0x00000285   Thumb Code     8  __main.o(!!!main)
    __scatterload                            0x0000028d   Thumb Code     0  __scatter.o(!!!scatter)
    __scatterload_rt2                        0x0000028d   Thumb Code    44  __scatter.o(!!!scatter)
    __scatterload_rt2_thumb_only             0x0000028d   Thumb Code     0  __scatter.o(!!!scatter)
    __scatterload_null                       0x0000029b   Thumb Code     0  __scatter.o(!!!scatter)
    __scatterload_copy                       0x000002c1   Thumb Code    26  __scatter_copy.o(!!handler_copy)
    __scatterload_zeroinit                   0x000002dd   Thumb Code    28  __scatter_zi.o(!!handler_zi)
    __rt_lib_init                            0x000002f9   Thumb Code     0  libinit.o(.ARM.Collect$$libinit$$00000000)
    __rt_lib_init_alloca_1                   0x000002fb   Thumb Code     0  libinit2.o(.ARM.Collect$$libinit$$00000030)
    __rt_lib_init_argv_1                     0x000002fb   Thumb Code     0  libinit2.o(.ARM.Collect$$libinit$$0000002E)
    __rt_lib_init_atexit_1                   0x000002fb   Thumb Code     0  libinit2.o(.ARM.Collect$$libinit$$0000001D)
    __rt_lib_init_clock_1                    0x000002fb   Thumb Code     0  libinit2.o(.ARM.Collect$$libinit$$00000023)
    __rt_lib_init_cpp_1                      0x000002fb   Thumb Code     0  libinit2.o(.ARM.Collect$$libinit$$00000034)
    __rt_lib_init_exceptions_1               0x000002fb   Thumb Code     0  libinit2.o(.ARM.Collect$$libinit$$00000032)
    __rt_lib_init_fp_1                       0x000002fb   Thumb Code     0  libinit2.o(.ARM.Collect$$libinit$$00000002)
    __rt_lib_init_fp_trap_1                  0x000002fb   Thumb Code     0  libinit2.o(.ARM.Collect$$libinit$$00000021)
    __rt_lib_init_getenv_1                   0x000002fb   Thumb Code     0  libinit2.o(.ARM.Collect$$libinit$$00000025)
    __rt_lib_init_heap_1                     0x000002fb   Thumb Code     0  libinit2.o(.ARM.Collect$$libinit$$0000000C)
    __rt_lib_init_lc_collate_1               0x000002fb   Thumb Code     0  libinit2.o(.ARM.Collect$$libinit$$00000013)
    __rt_lib_init_lc_ctype_1                 0x000002fb   Thumb Code     0  libinit2.o(.ARM.Collect$$libinit$$00000015)
    __rt_lib_init_lc_monetary_1              0x000002fb   Thumb Code     0  libinit2.o(.ARM.Collect$$libinit$$00000017)
    __rt_lib_init_lc_numeric_1               0x000002fb   Thumb Code     0  libinit2.o(.ARM.Collect$$libinit$$00000019)
    __rt_lib_init_lc_time_1                  0x000002fb   Thumb Code     0  libinit2.o(.ARM.Collect$$libinit$$0000001B)
    __rt_lib_init_preinit_1                  0x000002fb   Thumb Code     0  libinit2.o(.ARM.Collect$$libinit$$00000006)
    __rt_lib_init_rand_1                     0x000002fb   Thumb Code     0  libinit2.o(.ARM.Collect$$libinit$$00000010)
    __rt_lib_init_relocate_pie_1             0x000002fb   Thumb Code     0  libinit2.o(.ARM.Collect$$libinit$$00000004)
    __rt_lib_init_return                     0x000002fb   Thumb Code     0  libinit2.o(.ARM.Collect$$libinit$$00000035)
    __rt_lib_init_signal_1                   0x000002fb   Thumb Code     0  libinit2.o(.ARM.Collect$$libinit$$0000001F)
    __rt_lib_init_stdio_1                    0x000002fb   Thumb Code     0  libinit2.o(.ARM.Collect$$libinit$$00000027)
    __rt_lib_init_user_alloc_1               0x000002fb   Thumb Code     0  libinit2.o(.ARM.Collect$$libinit$$0000000E)
    __rt_lib_shutdown                        0x000002fd   Thumb Code     0  libshutdown.o(.ARM.Collect$$libshutdown$$00000000)
    __rt_lib_shutdown_cpp_1                  0x000002ff   Thumb Code     0  libshutdown2.o(.ARM.Collect$$libshutdown$$00000002)
    __rt_lib_shutdown_fp_trap_1              0x000002ff   Thumb Code     0  libshutdown2.o(.ARM.Collect$$libshutdown$$00000007)
    __rt_lib_shutdown_heap_1                 0x000002ff   Thumb Code     0  libshutdown2.o(.ARM.Collect$$libshutdown$$0000000F)
    __rt_lib_shutdown_return                 0x000002ff   Thumb Code     0  libshutdown2.o(.ARM.Collect$$libshutdown$$00000010)
    __rt_lib_shutdown_signal_1               0x000002ff   Thumb Code     0  libshutdown2.o(.ARM.Collect$$libshutdown$$0000000A)
    __rt_lib_shutdown_stdio_1                0x000002ff   Thumb Code     0  libshutdown2.o(.ARM.Collect$$libshutdown$$00000004)
    __rt_lib_shutdown_user_alloc_1           0x000002ff   Thumb Code     0  libshutdown2.o(.ARM.Collect$$libshutdown$$0000000C)
    __rt_entry                               0x00000301   Thumb Code     0  __rtentry.o(.ARM.Collect$$rtentry$$00000000)
    __rt_entry_presh_1                       0x00000301   Thumb Code     0  __rtentry2.o(.ARM.Collect$$rtentry$$00000002)
    __rt_entry_sh                            0x00000301   Thumb Code     0  __rtentry4.o(.ARM.Collect$$rtentry$$00000004)
    __rt_entry_li                            0x00000307   Thumb Code     0  __rtentry2.o(.ARM.Collect$$rtentry$$0000000A)
    __rt_entry_postsh_1                      0x00000307   Thumb Code     0  __rtentry2.o(.ARM.Collect$$rtentry$$00000009)
    __rt_entry_main                          0x0000030b   Thumb Code     0  __rtentry2.o(.ARM.Collect$$rtentry$$0000000D)
    __rt_entry_postli_1                      0x0000030b   Thumb Code     0  __rtentry2.o(.ARM.Collect$$rtentry$$0000000C)
    __rt_exit                                0x00000313   Thumb Code     0  rtexit.o(.ARM.Collect$$rtexit$$00000000)
    __rt_exit_ls                             0x00000315   Thumb Code     0  rtexit2.o(.ARM.Collect$$rtexit$$00000003)
    __rt_exit_prels_1                        0x00000315   Thumb Code     0  rtexit2.o(.ARM.Collect$$rtexit$$00000002)
    __rt_exit_exit                           0x00000319   Thumb Code     0  rtexit2.o(.ARM.Collect$$rtexit$$00000004)
    DisableInterrupts                        0x00000321   Thumb Code     0  startup.o(.text)
    EnableInterrupts                         0x00000325   Thumb Code     0  startup.o(.text)
    StartCritical                            0x00000329   Thumb Code     0  startup.o(.text)
    EndCritical                              0x00000331   Thumb Code     0  startup.o(.text)
    WaitForInterrupt                         0x00000337   Thumb Code     0  startup.o(.text)
    __user_initial_stackheap                 0x0000033b   Thumb Code     0  startup.o(.text)
    RxFifo_Init                              0x00000351   Thumb Code    26  uart.o(.text)
    RxFifo_Put                               0x0000036b   Thumb Code    48  uart.o(.text)
    RxFifo_Get                               0x0000039b   Thumb Code    46  uart.o(.text)
    RxFifo_Size                              0x000003c9   Thumb Code    14  uart.o(.text)
    TxFifo_Init                              0x000003d7   Thumb Code    26  uart.o(.text)
    TxFifo_Put                               0x000003f1   Thumb Code    48  uart.o(.text)
    TxFifo_Get                               0x00000421   Thumb Code    46  uart.o(.text)
    TxFifo_Size                              0x0000044f   Thumb Code    14  uart.o(.text)
    UART_Init                                0x0000045d   Thumb Code   174  uart.o(.text)
    UART_InChar                              0x00000555   Thumb Code    20  uart.o(.text)
    UART_OutChar                             0x00000569   Thumb Code    46  uart.o(.text)
    UART0_Handler                            0x00000597   Thumb Code    82  uart.o(.text)
    UART_OutString                           0x000005e9   Thumb Code    22  uart.o(.text)
    UART_InUDec                              0x000005ff   Thumb Code    76  uart.o(.text)
    UART_OutUDec                             0x0000064b   Thumb Code    42  uart.o(.text)
    UART_InUHex                              0x00000675   Thumb Code   108  uart.o(.text)
    UART_OutUHex                             0x000006e1   Thumb Code    52  uart.o(.text)
    UART_InString                            0x00000715   Thumb Code   118  uart.o(.text)
    memcmp                                   0x0000078b   Thumb Code    88  memcmp.o(.text)
    __use_two_region_memory                  0x000007e3   Thumb Code     2  heapauxi.o(.text)
    __rt_heap_escrow$2region                 0x000007e5   Thumb Code     2  heapauxi.o(.text)
    __rt_heap_expand$2region                 0x000007e7   Thumb Code     2  heapauxi.o(.text)
    __user_setup_stackheap                   0x000007e9   Thumb Code    74  sys_stackheap_outer.o(.text)
    exit                                     0x00000833   Thumb Code    18  exit.o(.text)
    __user_libspace                          0x00000845   Thumb Code     8  libspace.o(.text)
    __user_perproc_libspace                  0x00000845   Thumb Code     0  libspace.o(.text)
    __user_perthread_libspace                0x00000845   Thumb Code     0  libspace.o(.text)
    _sys_exit                                0x0000084d   Thumb Code     8  sys_exit.o(.text)
    __I$use$semihosting                      0x00000859   Thumb Code     0  use_no_semi.o(.text)
    __use_no_semihosting_swi                 0x00000859   Thumb Code     2  use_no_semi.o(.text)
    __semihosting_library_function           0x0000085b   Thumb Code     0  indicate_semi.o(.text)
    CheckInitialization                      0x0000085d   Thumb Code   184  lab6grader.o(.text.CheckInitialization)
    DAC_Init                                 0x00000995   Thumb Code    54  dac.o(.text.DAC_Init)
    DAC_Out                                  0x000009cd   Thumb Code    12  dac.o(.text.DAC_Out)
    FFT                                      0x000009d9   Thumb Code   746  lab6grader.o(.text.FFT)
    Key_In                                   0x00000cc5   Thumb Code    12  key.o(.text.Key_In)
    Key_Init                                 0x00000cd1   Thumb Code    54  key.o(.text.Key_Init)
    Lab6Grader                               0x00000d09   Thumb Code   728  lab6grader.o(.text.Lab6Grader)
    LogicAnalyzerA                           0x00001069   Thumb Code    28  lab6grader.o(.text.LogicAnalyzerA)
    LogicAnalyzerB                           0x00001085   Thumb Code    26  lab6grader.o(.text.LogicAnalyzerB)
    LogicAnalyzerC                           0x000010a1   Thumb Code    28  lab6grader.o(.text.LogicAnalyzerC)
    LogicAnalyzerE                           0x000010bd   Thumb Code    26  lab6grader.o(.text.LogicAnalyzerE)
    Scope                                    0x000010d9   Thumb Code    24  lab6grader.o(.text.Scope)
    Sound_Init                               0x000010f1   Thumb Code   108  sound.o(.text.Sound_Init)
    Sound_Start                              0x0000115d   Thumb Code    56  sound.o(.text.Sound_Start)
    SysTick_Handler                          0x00001195   Thumb Code    50  sound.o(.text.SysTick_Handler)
    TExaS_Init                               0x000011c9   Thumb Code  1592  lab6grader.o(.text.TExaS_Init)
    Timer2A_Handler                          0x0000181d   Thumb Code    14  wave.o(.text.Timer2A_Handler)
    Timer3A_Handler                          0x0000182d   Thumb Code    24  timer3a.o(.text.Timer3A_Handler)
    Timer3A_Init                             0x00001845   Thumb Code   114  timer3a.o(.text.Timer3A_Init)
    Timer3A_Stop                             0x000018b9   Thumb Code    26  timer3a.o(.text.Timer3A_Stop)
    Timer5A_Handler                          0x000018d5   Thumb Code    24  lab6grader.o(.text.Timer5A_Handler)
    main                                     0x000018ed   Thumb Code    64  lab6.o(.text.main)
    PLL_Init                                 0x0000194d   Thumb Code   120  pll.o(i.PLL_Init)
    IMULTIPLIERS                             0x000019c8   Data          32  lab6grader.o(.rodata.IMULTIPLIERS)
    NotesPeriod                              0x000019e8   Data         128  lab6grader.o(.rodata.NotesPeriod)
    NotesProblem                             0x00001a68   Data         640  lab6grader.o(.rodata.NotesProblem)
    PortProblem                              0x00001ce8   Data         160  lab6grader.o(.rodata.PortProblem)
    RMULTIPLIERS                             0x00001d88   Data          32  lab6grader.o(.rodata.RMULTIPLIERS)
    SineWave                                 0x00001da8   Data         126  sound.o(.rodata.SineWave)
    ports                                    0x00001e28   Data          64  lab6grader.o(.rodata.ports)
    Region$$Table$$Base                      0x00001f1c   Number         0  anon$$obj.o(Region$$Table)
    Region$$Table$$Limit                     0x00001f3c   Number         0  anon$$obj.o(Region$$Table)
    RxPutI                                   0x20000000   Data           4  uart.o(.data)
    RxGetI                                   0x20000004   Data           4  uart.o(.data)
    TxPutI                                   0x20000008   Data           4  uart.o(.data)
    TxGetI                                   0x2000000c   Data           4  uart.o(.data)
    EID1                                     0x20000010   Data           9  lab6.o(.data.EID1)
    EID2                                     0x20000019   Data           9  lab6.o(.data.EID2)
    __libspace_start                         0x200000a8   Data          96  libspace.o(.bss)
    __temporary_stack_top$libspace           0x20000108   Data           0  libspace.o(.bss)
    Index                                    0x20000109   Data           1  sound.o(.bss.Index)
    Last16ADCindex                           0x2000010c   Data           4  lab6grader.o(.bss.Last16ADCindex)
    Last16ADCresults                         0x20000110   Data          64  lab6grader.o(.bss.Last16ADCresults)
    LastIn                                   0x20000150   Data           4  lab6grader.o(.bss.LastIn)
    M                                        0x20000154   Data           4  lab6grader.o(.bss.M)
    Mask                                     0x20000158   Data           4  lab6grader.o(.bss.Mask)
    PeriodicTask2                            0x20000160   Data           4  lab6grader.o(.bss.PeriodicTask2)
    PeriodicTask3                            0x20000164   Data           4  timer3a.o(.bss.PeriodicTask3)
    SampleFlag                               0x2000016c   Data           4  lab6grader.o(.bss.SampleFlag)
    SimulationFlag                           0x20000174   Data           4  lab6grader.o(.bss.SimulationFlag)
    State                                    0x20000178   Data           4  lab6grader.o(.bss.State)



==============================================================================

Memory Map of the image

  Image Entry point : 0x0000026d

  Load Region LR_1 (Base: 0x00000000, Size: 0x00001f60, Max: 0xffffffff, ABSOLUTE)

    Execution Region ER_RO (Exec base: 0x00000000, Load base: 0x00000000, Size: 0x00001f3c, Max: 0xffffffff, ABSOLUTE)

    Exec Addr    Load Addr    Size         Type   Attr      Idx    E Section Name        Object

    0x00000000   0x00000000   0x00000284   Code   RO            3  * RESET               startup.o
    0x00000284   0x00000284   0x00000008   Code   RO          285  * !!!main             c_w.l(__main.o)
    0x0000028c   0x0000028c   0x00000034   Code   RO          450    !!!scatter          c_w.l(__scatter.o)
    0x000002c0   0x000002c0   0x0000001a   Code   RO          452    !!handler_copy      c_w.l(__scatter_copy.o)
    0x000002da   0x000002da   0x00000002   PAD
    0x000002dc   0x000002dc   0x0000001c   Code   RO          454    !!handler_zi        c_w.l(__scatter_zi.o)
    0x000002f8   0x000002f8   0x00000002   Code   RO          312    .ARM.Collect$$libinit$$00000000  c_w.l(libinit.o)
    0x000002fa   0x000002fa   0x00000000   Code   RO          319    .ARM.Collect$$libinit$$00000002  c_w.l(libinit2.o)
    0x000002fa   0x000002fa   0x00000000   Code   RO          321    .ARM.Collect$$libinit$$00000004  c_w.l(libinit2.o)
    0x000002fa   0x000002fa   0x00000000   Code   RO          323    .ARM.Collect$$libinit$$00000006  c_w.l(libinit2.o)
    0x000002fa   0x000002fa   0x00000000   Code   RO          326    .ARM.Collect$$libinit$$0000000C  c_w.l(libinit2.o)
    0x000002fa   0x000002fa   0x00000000   Code   RO          328    .ARM.Collect$$libinit$$0000000E  c_w.l(libinit2.o)
    0x000002fa   0x000002fa   0x00000000   Code   RO          330    .ARM.Collect$$libinit$$00000010  c_w.l(libinit2.o)
    0x000002fa   0x000002fa   0x00000000   Code   RO          333    .ARM.Collect$$libinit$$00000013  c_w.l(libinit2.o)
    0x000002fa   0x000002fa   0x00000000   Code   RO          335    .ARM.Collect$$libinit$$00000015  c_w.l(libinit2.o)
    0x000002fa   0x000002fa   0x00000000   Code   RO          337    .ARM.Collect$$libinit$$00000017  c_w.l(libinit2.o)
    0x000002fa   0x000002fa   0x00000000   Code   RO          339    .ARM.Collect$$libinit$$00000019  c_w.l(libinit2.o)
    0x000002fa   0x000002fa   0x00000000   Code   RO          341    .ARM.Collect$$libinit$$0000001B  c_w.l(libinit2.o)
    0x000002fa   0x000002fa   0x00000000   Code   RO          343    .ARM.Collect$$libinit$$0000001D  c_w.l(libinit2.o)
    0x000002fa   0x000002fa   0x00000000   Code   RO          345    .ARM.Collect$$libinit$$0000001F  c_w.l(libinit2.o)
    0x000002fa   0x000002fa   0x00000000   Code   RO          347    .ARM.Collect$$libinit$$00000021  c_w.l(libinit2.o)
    0x000002fa   0x000002fa   0x00000000   Code   RO          349    .ARM.Collect$$libinit$$00000023  c_w.l(libinit2.o)
    0x000002fa   0x000002fa   0x00000000   Code   RO          351    .ARM.Collect$$libinit$$00000025  c_w.l(libinit2.o)
    0x000002fa   0x000002fa   0x00000000   Code   RO          353    .ARM.Collect$$libinit$$00000027  c_w.l(libinit2.o)
    0x000002fa   0x000002fa   0x00000000   Code   RO          357    .ARM.Collect$$libinit$$0000002E  c_w.l(libinit2.o)
    0x000002fa   0x000002fa   0x00000000   Code   RO          359    .ARM.Collect$$libinit$$00000030  c_w.l(libinit2.o)
    0x000002fa   0x000002fa   0x00000000   Code   RO          361    .ARM.Collect$$libinit$$00000032  c_w.l(libinit2.o)
    0x000002fa   0x000002fa   0x00000000   Code   RO          363    .ARM.Collect$$libinit$$00000034  c_w.l(libinit2.o)
    0x000002fa   0x000002fa   0x00000002   Code   RO          364    .ARM.Collect$$libinit$$00000035  c_w.l(libinit2.o)
    0x000002fc   0x000002fc   0x00000002   Code   RO          386    .ARM.Collect$$libshutdown$$00000000  c_w.l(libshutdown.o)
    0x000002fe   0x000002fe   0x00000000   Code   RO          401    .ARM.Collect$$libshutdown$$00000002  c_w.l(libshutdown2.o)
    0x000002fe   0x000002fe   0x00000000   Code   RO          403    .ARM.Collect$$libshutdown$$00000004  c_w.l(libshutdown2.o)
    0x000002fe   0x000002fe   0x00000000   Code   RO          406    .ARM.Collect$$libshutdown$$00000007  c_w.l(libshutdown2.o)
    0x000002fe   0x000002fe   0x00000000   Code   RO          409    .ARM.Collect$$libshutdown$$0000000A  c_w.l(libshutdown2.o)
    0x000002fe   0x000002fe   0x00000000   Code   RO          411    .ARM.Collect$$libshutdown$$0000000C  c_w.l(libshutdown2.o)
    0x000002fe   0x000002fe   0x00000000   Code   RO          414    .ARM.Collect$$libshutdown$$0000000F  c_w.l(libshutdown2.o)
    0x000002fe   0x000002fe   0x00000002   Code   RO          415    .ARM.Collect$$libshutdown$$00000010  c_w.l(libshutdown2.o)
    0x00000300   0x00000300   0x00000000   Code   RO          287    .ARM.Collect$$rtentry$$00000000  c_w.l(__rtentry.o)
    0x00000300   0x00000300   0x00000000   Code   RO          289    .ARM.Collect$$rtentry$$00000002  c_w.l(__rtentry2.o)
    0x00000300   0x00000300   0x00000006   Code   RO          301    .ARM.Collect$$rtentry$$00000004  c_w.l(__rtentry4.o)
    0x00000306   0x00000306   0x00000000   Code   RO          291    .ARM.Collect$$rtentry$$00000009  c_w.l(__rtentry2.o)
    0x00000306   0x00000306   0x00000004   Code   RO          292    .ARM.Collect$$rtentry$$0000000A  c_w.l(__rtentry2.o)
    0x0000030a   0x0000030a   0x00000000   Code   RO          294    .ARM.Collect$$rtentry$$0000000C  c_w.l(__rtentry2.o)
    0x0000030a   0x0000030a   0x00000008   Code   RO          295    .ARM.Collect$$rtentry$$0000000D  c_w.l(__rtentry2.o)
    0x00000312   0x00000312   0x00000002   Code   RO          316    .ARM.Collect$$rtexit$$00000000  c_w.l(rtexit.o)
    0x00000314   0x00000314   0x00000000   Code   RO          366    .ARM.Collect$$rtexit$$00000002  c_w.l(rtexit2.o)
    0x00000314   0x00000314   0x00000004   Code   RO          367    .ARM.Collect$$rtexit$$00000003  c_w.l(rtexit2.o)
    0x00000318   0x00000318   0x00000006   Code   RO          368    .ARM.Collect$$rtexit$$00000004  c_w.l(rtexit2.o)
    0x0000031e   0x0000031e   0x00000002   PAD
    0x00000320   0x00000320   0x00000030   Code   RO            4    .text               startup.o
    0x00000350   0x00000350   0x0000043a   Code   RO          232    .text               uart.o
    0x0000078a   0x0000078a   0x00000058   Code   RO          281    .text               c_w.l(memcmp.o)
    0x000007e2   0x000007e2   0x00000006   Code   RO          283    .text               c_w.l(heapauxi.o)
    0x000007e8   0x000007e8   0x0000004a   Code   RO          303    .text               c_w.l(sys_stackheap_outer.o)
    0x00000832   0x00000832   0x00000012   Code   RO          305    .text               c_w.l(exit.o)
    0x00000844   0x00000844   0x00000008   Code   RO          313    .text               c_w.l(libspace.o)
    0x0000084c   0x0000084c   0x0000000c   Code   RO          376    .text               c_w.l(sys_exit.o)
    0x00000858   0x00000858   0x00000002   Code   RO          391    .text               c_w.l(use_no_semi.o)
    0x0000085a   0x0000085a   0x00000000   Code   RO          393    .text               c_w.l(indicate_semi.o)
    0x0000085a   0x0000085a   0x00000002   PAD
    0x0000085c   0x0000085c   0x00000138   Code   RO           45    .text.CheckInitialization  lab6grader.o
    0x00000994   0x00000994   0x00000036   Code   RO          207    .text.DAC_Init      dac.o
    0x000009ca   0x000009ca   0x00000002   PAD
    0x000009cc   0x000009cc   0x0000000c   Code   RO          209    .text.DAC_Out       dac.o
    0x000009d8   0x000009d8   0x000002ea   Code   RO           61    .text.FFT           lab6grader.o
    0x00000cc2   0x00000cc2   0x00000002   PAD
    0x00000cc4   0x00000cc4   0x0000000c   Code   RO          123    .text.Key_In        key.o
    0x00000cd0   0x00000cd0   0x00000036   Code   RO          121    .text.Key_Init      key.o
    0x00000d06   0x00000d06   0x00000002   PAD
    0x00000d08   0x00000d08   0x00000360   Code   RO           63    .text.Lab6Grader    lab6grader.o
    0x00001068   0x00001068   0x0000001c   Code   RO           15    .text.LogicAnalyzerA  lab6grader.o
    0x00001084   0x00001084   0x0000001a   Code   RO           17    .text.LogicAnalyzerB  lab6grader.o
    0x0000109e   0x0000109e   0x00000002   PAD
    0x000010a0   0x000010a0   0x0000001c   Code   RO           19    .text.LogicAnalyzerC  lab6grader.o
    0x000010bc   0x000010bc   0x0000001a   Code   RO           21    .text.LogicAnalyzerE  lab6grader.o
    0x000010d6   0x000010d6   0x00000002   PAD
    0x000010d8   0x000010d8   0x00000018   Code   RO           13    .text.Scope         lab6grader.o
    0x000010f0   0x000010f0   0x0000006c   Code   RO           99    .text.Sound_Init    sound.o
    0x0000115c   0x0000115c   0x00000038   Code   RO          101    .text.Sound_Start   sound.o
    0x00001194   0x00001194   0x00000032   Code   RO          109    .text.SysTick_Handler  sound.o
    0x000011c6   0x000011c6   0x00000002   PAD
    0x000011c8   0x000011c8   0x00000654   Code   RO           65    .text.TExaS_Init    lab6grader.o
    0x0000181c   0x0000181c   0x0000000e   Code   RO          179    .text.Timer2A_Handler  wave.o
    0x0000182a   0x0000182a   0x00000002   PAD
    0x0000182c   0x0000182c   0x00000018   Code   RO          220    .text.Timer3A_Handler  timer3a.o
    0x00001844   0x00001844   0x00000072   Code   RO          218    .text.Timer3A_Init  timer3a.o
    0x000018b6   0x000018b6   0x00000002   PAD
    0x000018b8   0x000018b8   0x0000001a   Code   RO          222    .text.Timer3A_Stop  timer3a.o
    0x000018d2   0x000018d2   0x00000002   PAD
    0x000018d4   0x000018d4   0x00000018   Code   RO           25    .text.Timer5A_Handler  lab6grader.o
    0x000018ec   0x000018ec   0x00000060   Code   RO          143    .text.main          lab6.o
    0x0000194c   0x0000194c   0x0000007c   Code   RO          261    i.PLL_Init          pll.o
    0x000019c8   0x000019c8   0x00000020   Data   RO           84    .rodata.IMULTIPLIERS  lab6grader.o
    0x000019e8   0x000019e8   0x00000080   Data   RO           73    .rodata.NotesPeriod  lab6grader.o
    0x00001a68   0x00001a68   0x00000280   Data   RO           72    .rodata.NotesProblem  lab6grader.o
    0x00001ce8   0x00001ce8   0x000000a0   Data   RO           71    .rodata.PortProblem  lab6grader.o
    0x00001d88   0x00001d88   0x00000020   Data   RO           83    .rodata.RMULTIPLIERS  lab6grader.o
    0x00001da8   0x00001da8   0x0000007e   Data   RO          111    .rodata.SineWave    sound.o
    0x00001e26   0x00001e26   0x00000002   PAD
    0x00001e28   0x00001e28   0x00000040   Data   RO           70    .rodata.ports       lab6grader.o
    0x00001e68   0x00001e68   0x000000b2   Data   RO           77    .rodata.str1.1      lab6grader.o
    0x00001f1a   0x00001f1a   0x00000002   PAD
    0x00001f1c   0x00001f1c   0x00000020   Data   RO          449    Region$$Table       anon$$obj.o


    Execution Region ER_RW (Exec base: 0x20000000, Load base: 0x00001f3c, Size: 0x00000024, Max: 0xffffffff, ABSOLUTE)

    Exec Addr    Load Addr    Size         Type   Attr      Idx    E Section Name        Object

    0x20000000   0x00001f3c   0x00000010   Data   RW          234    .data               uart.o
    0x20000010   0x00001f4c   0x00000009   Data   RW          145    .data.EID1          lab6.o
    0x20000019   0x00001f55   0x00000009   Data   RW          146    .data.EID2          lab6.o


    Execution Region ER_ZI (Exec base: 0x20000028, Load base: 0x00001f60, Size: 0x00000558, Max: 0xffffffff, ABSOLUTE)

    Exec Addr    Load Addr    Size         Type   Attr      Idx    E Section Name        Object

    0x20000028        -       0x00000080   Zero   RW          233    .bss                uart.o
    0x200000a8        -       0x00000060   Zero   RW          314    .bss                c_w.l(libspace.o)
    0x20000108        -       0x00000001   Zero   RW           76    .bss.Fail           lab6grader.o
    0x20000109        -       0x00000001   Zero   RW          112    .bss.Index          sound.o
    0x2000010a   0x00001f60   0x00000002   PAD
    0x2000010c        -       0x00000004   Zero   RW           82    .bss.Last16ADCindex  lab6grader.o
    0x20000110        -       0x00000040   Zero   RW           85    .bss.Last16ADCresults  lab6grader.o
    0x20000150        -       0x00000004   Zero   RW           90    .bss.LastIn         lab6grader.o
    0x20000154        -       0x00000004   Zero   RW           79    .bss.M              lab6grader.o
    0x20000158        -       0x00000004   Zero   RW           89    .bss.Mask           lab6grader.o
    0x2000015c        -       0x00000004   Zero   RW           74    .bss.NotesMode      lab6grader.o
    0x20000160        -       0x00000004   Zero   RW           69    .bss.PeriodicTask2  lab6grader.o
    0x20000164        -       0x00000004   Zero   RW          224    .bss.PeriodicTask3  timer3a.o
    0x20000168        -       0x00000004   Zero   RW           75    .bss.PortMode       lab6grader.o
    0x2000016c        -       0x00000004   Zero   RW           86    .bss.SampleFlag     lab6grader.o
    0x20000170        -       0x00000004   Zero   RW           78    .bss.Score          lab6grader.o
    0x20000174        -       0x00000004   Zero   RW           81    .bss.SimulationFlag  lab6grader.o
    0x20000178        -       0x00000004   Zero   RW           88    .bss.State          lab6grader.o
    0x2000017c        -       0x00000004   Zero   RW           87    .bss.Time           lab6grader.o
    0x20000180        -       0x00000000   Zero   RW            2    HEAP                startup.o
    0x20000180        -       0x00000400   Zero   RW            1    STACK               startup.o


==============================================================================

Image component sizes


      Code (inc. data)   RO Data    RW Data    ZI Data      Debug   Object Name

        66          0          0          0          0        654   dac.o
        66          0          0          0          0       1061   key.o
        96         32          0         18          0       1694   lab6.o
      3698        298       1234          0        113      14249   lab6grader.o
       124          4          0          0          0        467   pll.o
       214          0        126          0          1       1463   sound.o
       692        632          0          0       1024        956   startup.o
       164          0          0          0          4       1033   timer3a.o
      1082         48          0         16        128       9932   uart.o
        14          0          0          0          0       2267   wave.o

    ----------------------------------------------------------------------
      6234       1014       1396         36       1272      33776   Object Totals
         0          0         32          0          0          0   (incl. Generated)
        18          0          4          2          2          0   (incl. Padding)

    ----------------------------------------------------------------------

      Code (inc. data)   RO Data    RW Data    ZI Data      Debug   Library Member Name

         8          0          0          0          0         68   __main.o
         0          0          0          0          0          0   __rtentry.o
        12          0          0          0          0          0   __rtentry2.o
         6          0          0          0          0          0   __rtentry4.o
        52          8          0          0          0          0   __scatter.o
        26          0          0          0          0          0   __scatter_copy.o
        28          0          0          0          0          0   __scatter_zi.o
        18          0          0          0          0         80   exit.o
         6          0          0          0          0        152   heapauxi.o
         0          0          0          0          0          0   indicate_semi.o
         2          0          0          0          0          0   libinit.o
         2          0          0          0          0          0   libinit2.o
         2          0          0          0          0          0   libshutdown.o
         2          0          0          0          0          0   libshutdown2.o
         8          4          0          0         96         68   libspace.o
        88          0          0          0          0         76   memcmp.o
         2          0          0          0          0          0   rtexit.o
        10          0          0          0          0          0   rtexit2.o
        12          4          0          0          0         68   sys_exit.o
        74          0          0          0          0         80   sys_stackheap_outer.o
         2          0          0          0          0         68   use_no_semi.o

    ----------------------------------------------------------------------
       366         16          0          0         96        660   Library Totals
         6          0          0          0          0          0   (incl. Padding)

    ----------------------------------------------------------------------

      Code (inc. data)   RO Data    RW Data    ZI Data      Debug   Library Name

       360         16          0          0         96        660   c_w.l

    ----------------------------------------------------------------------
       366         16          0          0         96        660   Library Totals

    ----------------------------------------------------------------------

==============================================================================


      Code (inc. data)   RO Data    RW Data    ZI Data      Debug   

      6600       1030       1396         36       1368      34052   Grand Totals
      6600       1030       1396         36       1368      34052   ELF Image Totals
      6600       1030       1396         36          0          0   ROM Totals

==============================================================================

    Total RO  Size (Code + RO Data)                 7996 (   7.81kB)
    Total RW  Size (RW Data + ZI Data)              1404 (   1.37kB)
    Total ROM Size (Code + RO Data + RW Data)       8032 (   7.84kB)

==============================================================================

